******************************************************************************
                  TI ARM Linker PC v18.1.3                     
******************************************************************************
>> Linked Sun Dec  9 15:50:12 2018

OUTPUT FILE NAME:   <pid-controller.out>
ENTRY POINT SYMBOL: "_c_int00"  address: 01007ab1


MEMORY CONFIGURATION

         name            origin    length      used     unused   attr    fill
----------------------  --------  ---------  --------  --------  ----  --------
  FLASH_HDR             01000000   000007ff  00000000  000007ff  R  X
  FLASH                 01000800   000ff800  00009ee3  000f591d  R  X
  SRAM                  20000000   00040000  00009e30  000361d0  RW X


SEGMENT ALLOCATION MAP

run origin  load origin   length   init length attrs members
----------  ----------- ---------- ----------- ----- -------
01000800    01000800    00009ef0   00009ef0    r-x
  01000800    01000800    0000003c   0000003c    r-- .resetVecs
  01000840    01000840    000091e2   000091e2    r-x .text
  01009a24    01009a24    00000a05   00000a05    r-- .const
  0100a430    0100a430    000002c0   000002c0    r-- .cinit
20000310    20000310    00008000   00000000    r--
  20000310    20000310    00008000   00000000    r-- .priheap
20008400    20008400    00001727   00000000    rw-
  20008400    20008400    00000e55   00000000    rw- .bss
  20009258    20009258    000008cf   00000000    rw- .data
2003fc00    2003fc00    00000400   00000000    rw-
  2003fc00    2003fc00    00000400   00000000    rw- .stack


SECTION ALLOCATION MAP

 output                                  attributes/
section   page    origin      length       input sections
--------  ----  ----------  ----------   ----------------
.text      0    01000840    000091e2     
                  01000840    00000a4a     rtsv7M4_T_le_eabi.lib : _printfi.c.obj (.text:__TI_printfi)
                  0100128a    00000002     drivers_cc32xx.aem4 : I2CCC32XX.oem4 (.text:I2CCC32XX_cancel)
                  0100128c    0000042c     driverlib.a : prcm.obj (.text:PRCMCC3200MCUInit)
                  010016b8    00000268     rtsv7M4_T_le_eabi.lib : _printfi.c.obj (.text:_pconv_a)
                  01001920    000001d0     drivers_cc32xx.aem4 : SPICC32XXDMA.oem4 (.text:SPICC32XXDMA_transfer)
                  01001af0    000001cc     rtsv7M4_T_le_eabi.lib : _printfi.c.obj (.text:_pconv_g)
                  01001cbc    000001c8     drivers_cc32xx.aem4 : GPIOCC32XX.oem4 (.text:GPIO_setConfig)
                  01001e84    000001b8                         : SPICC32XXDMA.oem4 (.text:configDMA)
                  0100203c    000001b6     rtsv7M4_T_le_eabi.lib : fd_add_t2.asm.obj (.text)
                  010021f2    00000002     drivers_cc32xx.aem4 : I2CCC32XX.oem4 (.text:I2CCC32XX_init)
                  010021f4    00000158     dpl_cc32xx.aem4 : PowerCC32XX_tirtos.oem4 (.text:PowerCC32XX_sleepPolicy)
                  0100234c    00000158     drivers_cc32xx.aem4 : SPICC32XXDMA.oem4 (.text:SPICC32XXDMA_open)
                  010024a4    00000150                         : PowerCC32XX.oem4 (.text:parkPins)
                  010025f4    0000013c     rtsv7M4_T_le_eabi.lib : _printfi.c.obj (.text:_pconv_e)
                  01002730    00000136                           : fd_div_t2.asm.obj (.text)
                  01002866    00000002     drivers_cc32xx.aem4 : PWMTimerCC32XX.oem4 (.text:PWMTimerCC32XX_init)
                  01002868    00000134     rtsv7M4_T_le_eabi.lib : vla_alloc.c.obj (.text:__vla_alloc)
                  0100299c    00000004     dpl_cc32xx.aem4 : ClockP_tirtos.oem4 (.text:ClockP_getCpuFreq)
                  010029a0    00000130     sysbios.aem4 : BIOS.obj (.text:ti_sysbios_knl_Semaphore_pend__E)
                  01002ad0    00000128     drivers_cc32xx.aem4 : TimerCC32XX.oem4 (.text:TimerCC32XX_open)
                  01002bf8    00000122                         : I2CCC32XX.oem4 (.text:I2CCC32XX_hwiFxn)
                  01002d1a    00000002                         : TimerCC32XX.oem4 (.text:TimerCC32XX_init)
                  01002d1c    00000120     rtsv7M4_T_le_eabi.lib : _printfi.c.obj (.text:fcvt)
                  01002e3c    00000004     dpl_cc32xx.aem4 : HwiP_tirtos.oem4 (.text:HwiP_clearInterrupt)
                  01002e40    0000011c     sysbios.aem4 : BIOS.obj (.text:xdc_runtime_Startup_startMods__I)
                  01002f5c    00000118     drivers_cc32xx.aem4 : PowerCC32XX.oem4 (.text:Power_sleep)
                  01003074    00000114     rtsv7M4_T_le_eabi.lib : fputs.c.obj (.text:fputs)
                  01003188    00000110     sysbios.aem4 : BIOS.obj (.text:ti_sysbios_knl_Task_postInit__I)
                  01003298    0000010c     drivers_cc32xx.aem4 : I2CCC32XX.oem4 (.text:I2CCC32XX_open)
                  010033a4    00000004     dpl_cc32xx.aem4 : HwiP_tirtos.oem4 (.text:HwiP_disable)
                  010033a8    00000104     sysbios.aem4 : BIOS.obj (.text:ti_sysbios_knl_Task_Instance_finalize__E)
                  010034ac    00000100     pid.obj (.text:control)
                  010035ac    000000fc     rtsv7M4_T_le_eabi.lib : fd_mul_t2.asm.obj (.text)
                  010036a8    000000fc     sysbios.aem4 : BIOS.obj (.text:ti_sysbios_knl_Task_Instance_init__E)
                  010037a4    000000f2     drivers_cc32xx.aem4 : SPICC32XXDMA.oem4 (.text:SPICC32XXDMA_transferCancel)
                  01003896    00000002     rtsv7M4_T_le_eabi.lib : _lock.c.obj (.text:_nop)
                  01003898    000000f0     drivers_cc32xx.aem4 : PWMTimerCC32XX.oem4 (.text:PWMTimerCC32XX_open)
                  01003988    000000f0     controller-main.obj (.text:mainThread)
                  01003a78    000000ec     sysbios.aem4 : BIOS.obj (.text:pthread_create)
                  01003b64    00000004     dpl_cc32xx.aem4 : HwiP_tirtos.oem4 (.text:HwiP_disableInterrupt)
                  01003b68    000000e0     sysbios.aem4 : BIOS.obj (.text:clock_gettime)
                  01003c48    000000dc     rtsv7M4_T_le_eabi.lib : setvbuf.c.obj (.text:setvbuf)
                  01003d24    000000d8     drivers_cc32xx.aem4 : SPICC32XXDMA.oem4 (.text:SPICC32XXDMA_close)
                  01003dfc    000000d0     rtsv7M4_T_le_eabi.lib : s_scalbn.c.obj (.text:scalbn)
                  01003ecc    000000d0     sysbios.aem4 : m3_Hwi_asm.obj (.text:ti_sysbios_family_arm_m3_Hwi_dispatch__I)
                  01003f9c    00000004     dpl_cc32xx.aem4 : HwiP_tirtos.oem4 (.text:HwiP_enableInterrupt)
                  01003fa0    000000d0     sysbios.aem4 : BIOS.obj (.text:ti_sysbios_heaps_HeapMem_alloc__E)
                  01004070    000000c8     drivers_cc32xx.aem4 : SPICC32XXDMA.oem4 (.text:spiHwiFxn)
                  01004138    000000c4                         : GPIOCC32XX.oem4 (.text:GPIO_init)
                  010041fc    000000c4                         : PWMTimerCC32XX.oem4 (.text:PWMTimerCC32XX_stop)
                  010042c0    000000c4     sysbios.aem4 : BIOS.obj (.text:ti_sysbios_knl_Task_sleep__E)
                  01004384    00000004     drivers_cc32xx.aem4 : SPICC32XXDMA.oem4 (.text:SPICC32XXDMA_init)
                  01004388    000000bc     sysbios.aem4 : BIOS.obj (.text:xdc_runtime_Core_createObject__I)
                  01004444    000000b8     drivers_cc32xx.aem4 : PWMTimerCC32XX.oem4 (.text:PWMTimerCC32XX_setDuty)
                  010044fc    000000b4                         : PowerCC32XX.oem4 (.text:restoreParkedPins)
                  010045b0    000000b1     rtsv7M4_T_le_eabi.lib : _printfi.c.obj (.text:_ltostr)
                  01004661    00000001     --HOLE-- [fill = 0]
                  01004662    00000002                           : div0.asm.obj (.text)
                  01004664    000000a8     driverlib.a : prcm.obj (.text:PRCMPeripheralClockGet)
                  0100470c    000000a8     drivers_cc32xx.aem4 : PowerCC32XX.oem4 (.text:PowerCC32XX_configureWakeup)
                  010047b4    000000a4                         : I2CCC32XX.oem4 (.text:I2CCC32XX_transfer)
                  01004858    000000a4                         : PWMTimerCC32XX.oem4 (.text:initHw)
                  010048fc    00000004     dpl_cc32xx.aem4 : SemaphoreP_tirtos.oem4 (.text:SemaphoreP_post)
                  01004900    000000a4     sysbios.aem4 : BIOS.obj (.text:ti_sysbios_knl_Task_setPri__E)
                  010049a4    000000a0     auto_init.aem4 : auto_init.oem4 (.text)
                  01004a44    000000a0     pid.obj (.text:controller_init)
                  01004ae4    00000004     rtsv7M4_T_le_eabi.lib : error.c.obj (.text:__abort_execution)
                  01004ae8    0000009c     sysbios.aem4 : BIOS.obj (.text:_pthread_removeThreadKeys)
                  01004b84    0000009c     spi.obj (.text:read_spi)
                  01004c20    0000009c     rtsv7M4_T_le_eabi.lib : memcpy_t2.asm.obj (.text)
                  01004cbc    00000098     drivers_cc32xx.aem4 : PWMTimerCC32XX.oem4 (.text:PWMTimerCC32XX_setPeriod)
                  01004d54    00000098                         : GPIOCC32XX.oem4 (.text:powerNotifyFxn)
                  01004dec    00000098     sensor.obj (.text:sensor_init)
                  01004e84    00000004     rtsv7M4_T_le_eabi.lib : printf.c.obj (.text:_outc)
                  01004e88    00000098     sysbios.aem4 : BIOS.obj (.text:ti_sysbios_family_arm_m3_Hwi_Instance_init__E)
                  01004f20    00000096     rtsv7M4_T_le_eabi.lib : ull_div_t2.asm.obj (.text)
                  01004fb6    00000002     release_pem4.oem4 (.text:ti_sysbios_BIOS_nullFunc__I)
                  01004fb8    00000094     drivers_cc32xx.aem4 : SPICC32XXDMA.oem4 (.text:initHw)
                  0100504c    00000004     rtsv7M4_T_le_eabi.lib : printf.c.obj (.text:_outs)
                  01005050    00000094     sysbios.aem4 : BIOS.obj (.text:ti_sysbios_knl_Task_exit__E)
                  010050e4    00000090     drivers_cc32xx.aem4 : PowerCC32XX.oem4 (.text:restoreNVICRegs)
                  01005174    00000004     rtsv7M4_T_le_eabi.lib : exit.c.obj (.text:abort:abort)
                  01005178    00000090     sysbios.aem4 : BIOS.obj (.text:ti_sysbios_knl_Task_Module_startup__E)
                  01005208    0000008c     drivers_cc32xx.aem4 : I2CCC32XX.oem4 (.text:I2CCC32XX_close)
                  01005294    0000008c     rtsv7M4_T_le_eabi.lib : fputc.c.obj (.text:fputc)
                  01005320    0000008c     sysbios.aem4 : BIOS.obj (.text:xdc_runtime_Memory_alloc__E)
                  010053ac    00000088     drivers_cc32xx.aem4 : PWMTimerCC32XX.oem4 (.text:PWMTimerCC32XX_close)
                  01005434    00000088     driverlib.a : pin.obj (.text:PinConfigSet)
                  010054bc    00000004     pid.obj (.text:set_sample_time)
                  010054c0    00000088     sysbios.aem4 : BIOS.obj (.text:ti_sysbios_family_arm_m3_Hwi_initNVIC__E)
                  01005548    00000088                  : BIOS.obj (.text:ti_sysbios_family_arm_m3_TaskSupport_start__E)
                  010055d0    00000086     drivers_cc32xx.aem4 : I2CCC32XX.oem4 (.text:I2CCC32XX_primeTransfer)
                  01005656    00000086     rtsv7M4_T_le_eabi.lib : fd_cmp_t2.asm.obj (.text:__aeabi_cdcmple)
                  010056dc    00000086                           : fd_cmp_t2.asm.obj (.text:__aeabi_cdrcmple)
                  01005762    00000006     drivers_cc32xx.aem4 : I2CCC32XX.oem4 (.text:I2CCC32XX_control)
                  01005768    00000086     sysbios.aem4 : BIOS.obj (.text:xdc_runtime_Core_constructObject__I)
                  010057ee    00000002     release_pem4.oem4 (.text:xdc_runtime_Startup_reset__I)
                  010057f0    00000084     drivers_cc32xx.aem4 : PowerCC32XX.oem4 (.text:Power_init)
                  01005874    00000084                         : PowerCC32XX.oem4 (.text:saveNVICRegs)
                  010058f8    00000084     sysbios.aem4 : BIOS.obj (.text:ti_sysbios_family_arm_m3_Hwi_postInit__I)
                  0100597c    00000004     pid.obj (.text:set_sp)
                  01005980    00000084     sysbios.aem4 : BIOS.obj (.text:ti_sysbios_heaps_HeapMem_free__E)
                  01005a04    00000080     drivers_cc32xx.aem4 : PowerCC32XX.oem4 (.text:Power_setDependency)
                  01005a84    00000004     pid.obj (.text:set_tuning_period)
                  01005a88    00000080     sysbios.aem4 : BIOS.obj (.text:ti_sysbios_knl_Clock_workFunc__E)
                  01005b08    0000007c     drivers_cc32xx.aem4 : UDMACC32XX.oem4 (.text:UDMACC32XX_open)
                  01005b84    0000007a     rtsv7M4_T_le_eabi.lib : fs_mul_t2.asm.obj (.text)
                  01005bfe    0000007a                           : memset_t2.asm.obj (.text)
                  01005c78    00000078     drivers_cc32xx.aem4 : GPIOCC32XX.oem4 (.text:GPIO_hwiIntFxn)
                  01005cf0    00000078                         : TimerCC32XX.oem4 (.text:TimerCC32XX_start)
                  01005d68    00000078     rtsv7M4_T_le_eabi.lib : vla_alloc.c.obj (.text:_ZN33_INTERNAL_11_vla_alloc_c_be8bd49b21free_dead_allocationsEPv)
                  01005de0    00000078                           : vla_alloc.c.obj (.text:__vla_dealloc)
                  01005e58    00000078     pwm.obj (.text:init_pwm)
                  01005ed0    00000074     rtsv7M4_T_le_eabi.lib : fclose.c.obj (.text:__TI_closefile)
                  01005f44    00000004     release_pem4.oem4 (.text:ti_sysbios_BIOS_RtsGateProxy_enter__E)
                  01005f48    00000074     sysbios.aem4 : BIOS.obj (.text:xdc_runtime_Core_deleteObject__I)
                  01005fbc    00000004     release_pem4.oem4 (.text:ti_sysbios_BIOS_RtsGateProxy_leave__E)
                  01005fc0    00000070     sysbios.aem4 : BIOS.obj (.text:ti_sysbios_heaps_HeapMem_initPrimary__I)
                  01006030    0000006e     rtsv7M4_T_le_eabi.lib : _printfi.c.obj (.text:_mcpy)
                  0100609e    00000002     --HOLE-- [fill = 0]
                  010060a0    0000006c     sysbios.aem4 : BIOS.obj (.text:ti_sysbios_knl_Swi_restoreHwi__E)
                  0100610c    00000068     rtsv7M4_T_le_eabi.lib : hostlseek.c.obj (.text:HOSTlseek)
                  01006174    00000068                           : hostrename.c.obj (.text:HOSTrename)
                  010061dc    00000068     drivers_cc32xx.aem4 : PWMTimerCC32XX.oem4 (.text:PWMTimerCC32XX_start)
                  01006244    00000068     rtsv7M4_T_le_eabi.lib : copy_decompress_lzss.c.obj (.text:decompress:lzss:__TI_decompress_lzss)
                  010062ac    00000068     drivers_cc32xx.aem4 : I2CCC32XX.oem4 (.text:initHw)
                  01006314    00000068     rtsv7M4_T_le_eabi.lib : printf.c.obj (.text:printf)
                  0100637c    00000004     release_pem4.oem4 (.text:ti_sysbios_family_arm_m3_Hwi_delete)
                  01006380    00000068     sysbios.aem4 : BIOS.obj (.text:pthread_exit)
                  010063e8    00000064     drivers_cc32xx.aem4 : GPIOCC32XX.oem4 (.text:GPIO_toggle)
                  0100644c    00000064                         : PowerCC32XX.oem4 (.text:PowerCC32XX_setParkState)
                  010064b0    00000064     rtsv7M4_T_le_eabi.lib : fseek.c.obj (.text:fseek)
                  01006514    00000004     release_pem4.oem4 (.text:ti_sysbios_family_arm_m3_TaskSupport_Module__startupDone__S)
                  01006518    00000064     sysbios.aem4 : BIOS.obj (.text:ti_sysbios_family_arm_m3_Hwi_dispatchC__I)
                  0100657c    00000062     rtsv7M4_T_le_eabi.lib : _io_perm.c.obj (.text:__TI_wrt_ok)
                  010065de    00000002     --HOLE-- [fill = 0]
                  010065e0    00000060                           : hostopen.c.obj (.text:HOSTopen)
                  01006640    00000060     driverlib.a : prcm.obj (.text:PRCMSysResetCauseGet)
                  010066a0    00000060     sysbios.aem4 : BIOS.obj (.text:ti_sysbios_knl_Semaphore_post__E)
                  01006700    00000060                  : BIOS.obj (.text:ti_sysbios_knl_Swi_run__I)
                  01006760    0000005c     rtsv7M4_T_le_eabi.lib : close.c.obj (.text:close)
                  010067bc    0000005c                           : s_frexp.c.obj (.text:frexp)
                  01006818    0000005c     main_tirtos.obj (.text:main)
                  01006874    0000005c     pid.obj (.text:set_coefficients)
                  010068d0    0000005c     sysbios.aem4 : BIOS.obj (.text:ti_sysbios_family_arm_m3_Timer_start__E)
                  0100692c    00000004     release_pem4.oem4 (.text:ti_sysbios_heaps_HeapMem_Module_GateProxy_enter__E)
                  01006930    0000005c     sysbios.aem4 : BIOS.obj (.text:ti_sysbios_knl_Swi_schedule__I)
                  0100698c    00000004     release_pem4.oem4 (.text:ti_sysbios_heaps_HeapMem_Module_GateProxy_leave__E)
                  01006990    0000005c     sysbios.aem4 : BIOS.obj (.text:ti_sysbios_knl_Task_startCore__E)
                  010069ec    00000004     release_pem4.oem4 (.text:ti_sysbios_knl_Clock_TimerProxy_getMaxTicks__E)
                  010069f0    0000005c     sysbios.aem4 : BIOS.obj (.text:xdc_runtime_Startup_exec__E)
                  01006a4c    00000058     drivers_cc32xx.aem4 : GPIOCC32XX.oem4 (.text:GPIO_setCallback)
                  01006aa4    00000058     rtsv7M4_T_le_eabi.lib : hostread.c.obj (.text:HOSTread)
                  01006afc    00000058                           : hostwrite.c.obj (.text:HOSTwrite)
                  01006b54    00000058     driverlib.a : prcm.obj (.text:PRCMPeripheralReset)
                  01006bac    00000058     drivers_cc32xx.aem4 : PowerCC32XX.oem4 (.text:Power_releaseDependency)
                  01006c04    00000004     release_pem4.oem4 (.text:ti_sysbios_knl_Clock_TimerProxy_setPeriodMicroSecs__E)
                  01006c08    00000058     sysbios.aem4 : BIOS.obj (.text:ti_sysbios_family_arm_cc32xx_Seconds_getCount__I)
                  01006c60    00000056     drivers_cc32xx.aem4 : TimerCC32XX.oem4 (.text:TimerCC32XX_stop)
                  01006cb6    00000056     rtsv7M4_T_le_eabi.lib : _printfi.c.obj (.text:_pconv_f)
                  01006d0c    00000054     i2c.obj (.text:init_i2c)
                  01006d60    00000054     rtsv7M4_T_le_eabi.lib : ltoa.c.obj (.text:ltoa)
                  01006db4    00000054     release_pem4.oem4 (.text:ti_sysbios_family_arm_m3_Hwi_create)
                  01006e08    00000054     sysbios.aem4 : BIOS.obj (.text:ti_sysbios_family_arm_m3_Timer_setPeriod__E)
                  01006e5c    00000004     release_pem4.oem4 (.text:ti_sysbios_knl_Clock_TimerProxy_start__E)
                  01006e60    00000054     sysbios.aem4 : BIOS.obj (.text:xdc_runtime_Core_assignLabel__I)
                  01006eb4    00000052     drivers_cc32xx.aem4 : PowerCC32XX.oem4 (.text:PowerCC32XX_parkPin)
                  01006f06    00000052                         : PowerCC32XX_asm.oem4 (.text:PowerCC32XX_resumeLPDS)
                  01006f58    00000052     rtsv7M4_T_le_eabi.lib : _printfi.c.obj (.text:_ecpy)
                  01006faa    00000052     drivers_cc32xx.aem4 : TimerCC32XX.oem4 (.text:initHw)
                  01006ffc    00000050                         : TimerCC32XX.oem4 (.text:TimerCC32XX_allocateTimerResource)
                  0100704c    00000004     release_pem4.oem4 (.text:ti_sysbios_knl_Clock_TimerProxy_stop__E)
                  01007050    00000050     sysbios.aem4 : BIOS.obj (.text:ti_sysbios_family_arm_cc32xx_Seconds_getTime__E)
                  010070a0    00000050                  : BIOS.obj (.text:ti_sysbios_family_arm_m3_Hwi_Module_startup__E)
                  010070f0    00000050     release_pem4.oem4 (.text:ti_sysbios_knl_Task_create)
                  01007140    0000004c     drivers_cc32xx.aem4 : GPIOCC32XX.oem4 (.text:GPIO_disableInt)
                  0100718c    0000004c                         : GPIOCC32XX.oem4 (.text:GPIO_enableInt)
                  010071d8    0000004c                         : I2CCC32XX.oem4 (.text:I2CCC32XX_completeTransfer)
                  01007224    0000004c     rtsv7M4_T_le_eabi.lib : fflush.c.obj (.text:__TI_doflush)
                  01007270    0000004c                           : atoi.c.obj (.text:atoi)
                  010072bc    0000004c                           : cpy_tbl.c.obj (.text:copy_in)
                  01007308    0000004c     drivers_cc32xx.aem4 : PWMTimerCC32XX.oem4 (.text:getDutyCounts)
                  01007354    0000004c                         : PWMTimerCC32XX.oem4 (.text:getPeriodCounts)
                  010073a0    0000004c                         : PowerCC32XX.oem4 (.text:restorePeriphClocks)
                  010073ec    00000004     release_pem4.oem4 (.text:ti_sysbios_knl_Semaphore_delete)
                  010073f0    0000004c     sysbios.aem4 : BIOS.obj (.text:ti_sysbios_heaps_HeapMem_getStats__E)
                  0100743c    00000004     release_pem4.oem4 (.text:ti_sysbios_knl_Task_delete)
                  01007440    0000004c     sysbios.aem4 : BIOS.obj (.text:ti_sysbios_knl_Swi_runLoop__I)
                  0100748c    00000004     release_pem4.oem4 (.text:xdc_runtime_System_Module_GateProxy_enter__E)
                  01007490    0000004c     sysbios.aem4 : BIOS.obj (.text:ti_sysbios_knl_Task_allBlockedFunction__I)
                  010074dc    00000004     release_pem4.oem4 (.text:xdc_runtime_System_Module_GateProxy_leave__E)
                  010074e0    0000004c     sysbios.aem4 : BIOS.obj (.text:ti_sysbios_knl_Task_schedule__I)
                  0100752c    00000048     driverlib.a : flash.obj (.text:FlashDisable)
                  01007574    00000048                 : prcm.obj (.text:PRCMLPDSEnter)
                  010075bc    00000048                 : prcm.obj (.text:PRCMPeripheralClkEnable)
                  01007604    00000048     drivers_cc32xx.aem4 : PowerCC32XX.oem4 (.text:Power_releaseConstraint)
                  0100764c    00000048     rtsv7M4_T_le_eabi.lib : fd_toi_t2.asm.obj (.text)
                  01007694    00000004     --HOLE-- [fill = 0]
                  01007698    00000048     sysbios.aem4 : BIOS.obj (.text:ti_sysbios_family_arm_m3_Hwi_disableInterrupt__E)
                  010076e0    00000048                  : BIOS.obj (.text:ti_sysbios_family_arm_m3_Hwi_enableInterrupt__E)
                  01007728    00000048                  : m3_Hwi_asm_switch.obj (.text:ti_sysbios_family_arm_m3_Hwi_initStacks__E)
                  01007770    00000048                  : BIOS.obj (.text:ti_sysbios_family_arm_m3_Timer_initDevice__I)
                  010077b8    00000048                  : BIOS.obj (.text:ti_sysbios_knl_Mailbox_Module_startup__E)
                  01007800    00000048                  : BIOS.obj (.text:xdc_runtime_Core_assignParams__I)
                  01007848    00000046     drivers_cc32xx.aem4 : TimerCC32XX.oem4 (.text:getPrescaler)
                  0100788e    00000002     --HOLE-- [fill = 0]
                  01007890    00000044     rtsv7M4_T_le_eabi.lib : hostclose.c.obj (.text:HOSTclose)
                  010078d4    00000044                           : hostunlink.c.obj (.text:HOSTunlink)
                  01007918    00000044     drivers_cc32xx.aem4 : I2C.oem4 (.text:I2C_init)
                  0100795c    00000044     driverlib.a : prcm.obj (.text:PRCMLPDSRestoreInfoSet)
                  010079a0    00000044     drivers_cc32xx.aem4 : PWM.oem4 (.text:PWM_init)
                  010079e4    00000044                         : PowerCC32XX_asm.oem4 (.text:PowerCC32XX_enterLPDS)
                  01007a28    00000044                         : SPI.oem4 (.text:SPI_init)
                  01007a6c    00000044                         : Timer.oem4 (.text:Timer_init)
                  01007ab0    00000044     boot.aem4 : boot.oem4 (.text)
                  01007af4    00000044     rtsv7M4_T_le_eabi.lib : getdevice.c.obj (.text:getdevice)
                  01007b38    00000044     sensor.obj (.text:sensor_read)
                  01007b7c    00000004     --HOLE-- [fill = 0]
                  01007b80    00000044     sysbios.aem4 : BIOS.obj (.text:ti_sysbios_family_arm_m3_Hwi_getStackInfo__E)
                  01007bc4    00000004     --HOLE-- [fill = 0]
                  01007bc8    00000044                  : BIOS.obj (.text:ti_sysbios_knl_Mailbox_postInit__I)
                  01007c0c    00000004     --HOLE-- [fill = 0]
                  01007c10    00000044                  : BIOS.obj (.text:ti_sysbios_knl_Swi_post__E)
                  01007c54    00000004     --HOLE-- [fill = 0]
                  01007c58    00000044                  : BIOS.obj (.text:xdc_runtime_System_atexit__E)
                  01007c9c    00000040     dpl_cc32xx.aem4 : HwiP_tirtos.oem4 (.text:HwiP_create)
                  01007cdc    00000040     driverlib.a : pin.obj (.text:PinModeSet)
                  01007d1c    00000040     drivers_cc32xx.aem4 : UDMACC32XX.oem4 (.text:UDMACC32XX_init)
                  01007d5c    00000040     spi.obj (.text:init_spi)
                  01007d9c    00000040     timer.obj (.text:init_timer)
                  01007ddc    00000004     --HOLE-- [fill = 0]
                  01007de0    00000040     sysbios.aem4 : BIOS.obj (.text:ti_sysbios_heaps_HeapMem_Instance_init__E)
                  01007e20    0000003e     rtsv7M4_T_le_eabi.lib : _printfi.c.obj (.text:_fcpy)
                  01007e5e    0000003e     release_pem4.oem4 (.text:realloc)
                  01007e9c    0000003c     drivers_cc32xx.aem4 : I2C.oem4 (.text:I2C_open)
                  01007ed8    0000003c                         : PWM.oem4 (.text:PWM_open)
                  01007f14    0000003c                         : PowerCC32XX.oem4 (.text:Power_setConstraint)
                  01007f50    0000003c                         : SPI.oem4 (.text:SPI_open)
                  01007f8c    0000003c     dpl_cc32xx.aem4 : SemaphoreP_tirtos.oem4 (.text:SemaphoreP_create)
                  01007fc8    0000003c     drivers_cc32xx.aem4 : Timer.oem4 (.text:Timer_open)
                  01008004    0000003c     dpl_cc32xx.aem4 : PowerCC32XX_tirtos.oem4 (.text:getCountsRTC)
                  01008040    0000003c     sysbios.aem4 : BIOS.obj (.text:ti_sysbios_family_arm_m3_Hwi_Instance_finalize__E)
                  0100807c    00000004     --HOLE-- [fill = 0]
                  01008080    0000003c                  : BIOS.obj (.text:ti_sysbios_family_arm_m3_Timer_setPeriodMicroSecs__E)
                  010080bc    00000004     --HOLE-- [fill = 0]
                  010080c0    0000003c                  : BIOS.obj (.text:ti_sysbios_knl_Clock_walkQueuePeriodic__E)
                  010080fc    00000004     --HOLE-- [fill = 0]
                  01008100    0000003c                  : BIOS.obj (.text:ti_sysbios_knl_Swi_restore__E)
                  0100813c    00000004     --HOLE-- [fill = 0]
                  01008140    0000003c                  : BIOS.obj (.text:xdc_runtime_System_processAtExit__E)
                  0100817c    0000003c     controller-main.obj (.text:zero_crossing_lineup)
                  010081b8    0000003a     drivers_cc32xx.aem4 : TimerCC32XX.oem4 (.text:TimerCC32XX_close)
                  010081f2    0000003a                         : PWMTimerCC32XX.oem4 (.text:getPowerMgrId)
                  0100822c    0000003a     spi.obj (.text:reset_spi)
                  01008266    00000002     --HOLE-- [fill = 0]
                  01008268    00000038     driverlib.a : prcm.obj (.text:PRCMLPDSEnterKeepDebugIf)
                  010082a0    00000038     rtsv7M4_T_le_eabi.lib : trgmsg.c.obj (.text:__TI_writemsg)
                  010082d8    00000038     drivers_cc32xx.aem4 : PowerCC32XX.oem4 (.text:notify)
                  01008310    00000038     rtsv7M4_T_le_eabi.lib : fs_toi_t2.asm.obj (.text)
                  01008348    00000038     sysbios.aem4 : BIOS.obj (.text:ti_sysbios_knl_Task_processVitalTaskFlag__I)
                  01008380    00000038                  : BIOS.obj (.text:usleep)
                  010083b8    00000036     drivers_cc32xx.aem4 : PowerCC32XX.oem4 (.text:PowerCC32XX_restoreParkedPin)
                  010083ee    00000036                         : TimerCC32XX.oem4 (.text:TimerCC32XX_hwiIntFunction)
                  01008424    00000036     driverlib.a : timer.obj (.text:TimerControlStall)
                  0100845a    00000036     rtsv7M4_T_le_eabi.lib : strncpy.c.obj (.text:strncpy)
                  01008490    00000034     driverlib.a : pin.obj (.text:PinModeGet)
                  010084c4    00000034     drivers_cc32xx.aem4 : TimerCC32XX.oem4 (.text:TimerCC32XX_freeTimerResource)
                  010084f8    00000034                         : UDMACC32XX.oem4 (.text:UDMACC32XX_close)
                  0100852c    00000034     rtsv7M4_T_le_eabi.lib : fopen.c.obj (.text:__TI_cleanup)
                  01008560    00000034                           : trgmsg.c.obj (.text:__TI_readmsg)
                  01008594    00000004     --HOLE-- [fill = 0]
                  01008598    00000034     sysbios.aem4 : BIOS.obj (.text:_pthread_delete$41)
                  010085cc    00000034     drivers_cc32xx.aem4 : TimerCC32XX.oem4 (.text:getPowerMgrId)
                  01008600    00000034     sysbios.aem4 : BIOS.obj (.text:ti_sysbios_family_arm_m3_Timer_periodicStub__I)
                  01008634    00000034     release_pem4.oem4 (.text:ti_sysbios_knl_Semaphore_create)
                  01008668    00000032     pid.obj (.text:self_tune)
                  0100869a    00000006     drivers_cc32xx.aem4 : PWMTimerCC32XX.oem4 (.text:PWMTimerCC32XX_control)
                  010086a0    00000032     sysbios.aem4 : BIOS.obj (.text:ti_sysbios_hal_Hwi_initStack)
                  010086d2    00000002     --HOLE-- [fill = 0]
                  010086d4    00000030     rtsv7M4_T_le_eabi.lib : getdevice.c.obj (.text:finddevice)
                  01008704    00000030     release_pem4.oem4 (.text:ti_sysbios_BIOS_atExitFunc__I)
                  01008734    00000030     release_pem4.oem4 (.text:ti_sysbios_BIOS_startFunc__I)
                  01008764    00000030     release_pem4.oem4 (.text:ti_sysbios_gates_GateHwi_Object__create__S)
                  01008794    00000030     release_pem4.oem4 (.text:ti_sysbios_gates_GateMutex_Object__create__S)
                  010087c4    00000004     --HOLE-- [fill = 0]
                  010087c8    00000030     sysbios.aem4 : BIOS.obj (.text:ti_sysbios_gates_GateMutex_enter__E)
                  010087f8    00000030     release_pem4.oem4 (.text:ti_sysbios_heaps_HeapMem_Object__create__S)
                  01008828    00000030     release_pem4.oem4 (.text:ti_sysbios_knl_Semaphore_construct)
                  01008858    00000030     sysbios.aem4 : BIOS.obj (.text:ti_sysbios_knl_Semaphore_pendTimeout__I)
                  01008888    00000030                  : BIOS.obj (.text:ti_sysbios_knl_Task_restore__E)
                  010088b8    00000030                  : BIOS.obj (.text:ti_sysbios_knl_Task_unblockI__E)
                  010088e8    0000002e     rtsv7M4_T_le_eabi.lib : i_tofd_t2.asm.obj (.text)
                  01008916    0000002e     release_pem4.oem4 (.text:ti_sysbios_rts_MemAlloc_alloc)
                  01008944    0000002c     dpl_cc32xx.aem4 : SemaphoreP_tirtos.oem4 (.text:SemaphoreP_createBinary)
                  01008970    0000002c     sysbios.aem4 : BIOS.obj (.text:_pthread_cleanupFxn)
                  0100899c    00000004     --HOLE-- [fill = 0]
                  010089a0    0000002c                  : BIOS.obj (.text:clockFxn$39)
                  010089cc    0000002c     release_pem4.oem4 (.text:ti_sysbios_knl_Clock_doTick__I)
                  010089f8    0000002c     release_pem4.oem4 (.text:ti_sysbios_knl_Queue_construct)
                  01008a24    0000002c     rtsv7M4_T_le_eabi.lib : unlink.c.obj (.text:unlink)
                  01008a50    0000002a     driverlib.a : timer.obj (.text:TimerLoadSet)
                  01008a7a    0000002a                 : timer.obj (.text:TimerPrescaleSet)
                  01008aa4    0000002a     release_pem4.oem4 (.text:calloc)
                  01008ace    00000002     --HOLE-- [fill = 0]
                  01008ad0    00000028     driverlib.a : prcm.obj (.text:PRCMPeripheralClkDisable)
                  01008af8    00000028     dpl_cc32xx.aem4 : PowerCC32XX_tirtos.oem4 (.text:PowerCC32XX_initPolicy)
                  01008b20    00000028     drivers_cc32xx.aem4 : PowerCC32XX.oem4 (.text:Power_registerNotify)
                  01008b48    00000028     filter.obj (.text:avg_filter)
                  01008b70    00000028     rtsv7M4_T_le_eabi.lib : lseek.c.obj (.text:lseek)
                  01008b98    00000028     sysbios.aem4 : BIOS.obj (.text:ti_sysbios_knl_Clock_addI__E)
                  01008bc0    00000028                  : BIOS.obj (.text:ti_sysbios_knl_Swi_Module_startup__E)
                  01008be8    00000028     rtsv7M4_T_le_eabi.lib : write.c.obj (.text:write)
                  01008c10    00000026     drivers_cc32xx.aem4 : List.oem4 (.text:List_put)
                  01008c36    00000026                         : List.oem4 (.text:List_remove)
                  01008c5c    00000004     --HOLE-- [fill = 0]
                  01008c60    00000024     sysbios.aem4 : BIOS.obj (.text:pthread_attr_init)
                  01008c84    00000024     release_pem4.oem4 (.text:ti_sysbios_BIOS_registerRTSLock__I)
                  01008ca8    00000024     release_pem4.oem4 (.text:ti_sysbios_BIOS_removeRTSLock__I)
                  01008ccc    00000004     --HOLE-- [fill = 0]
                  01008cd0    00000024     sysbios.aem4 : BIOS.obj (.text:ti_sysbios_family_arm_m3_Timer_postInit__I)
                  01008cf4    00000004     --HOLE-- [fill = 0]
                  01008cf8    00000024                  : BIOS.obj (.text:ti_sysbios_family_arm_m3_Timer_startup__E)
                  01008d1c    00000024     release_pem4.oem4 (.text:ti_sysbios_gates_GateMutex_Object__delete__S)
                  01008d40    00000024     sysbios.aem4 : BIOS.obj (.text:ti_sysbios_knl_Clock_Module_startup__E)
                  01008d64    00000004     --HOLE-- [fill = 0]
                  01008d68    00000024                  : BIOS.obj (.text:ti_sysbios_knl_Semaphore_Instance_init__E)
                  01008d8c    00000024     release_pem4.oem4 (.text:ti_sysbios_knl_Semaphore_Object__delete__S)
                  01008db0    00000024     sysbios.aem4 : BIOS.obj (.text:ti_sysbios_knl_Task_restoreHwi__E)
                  01008dd4    00000004     --HOLE-- [fill = 0]
                  01008dd8    00000024                  : BIOS.obj (.text:xdc_runtime_Error_policyMin__E)
                  01008dfc    00000022     filter.obj (.text:ema_filter)
                  01008e1e    00000002     --HOLE-- [fill = 0]
                  01008e20    00000020     drivers_cc32xx.aem4 : PowerCC32XX.oem4 (.text:Power_unregisterNotify)
                  01008e40    00000020                         : SPICC32XXDMA.oem4 (.text:getPowerMgrId)
                  01008e60    00000020     filter.obj (.text:init_ema_filter)
                  01008e80    00000020     rtsv7M4_T_le_eabi.lib : memchr.c.obj (.text:memchr)
                  01008ea0    00000020     sensor.obj (.text:sensor_get_avg)
                  01008ec0    00000020     sensor.obj (.text:sensor_get_data)
                  01008ee0    00000020     release_pem4.oem4 (.text:ti_sysbios_BIOS_rtsLock__I)
                  01008f00    00000020     release_pem4.oem4 (.text:ti_sysbios_family_arm_m3_Hwi_Object__delete__S)
                  01008f20    00000020     sysbios.aem4 : BIOS.obj (.text:ti_sysbios_family_arm_m3_Hwi_clearInterrupt__E)
                  01008f40    00000020                  : m3_Hwi_asm.obj (.text:ti_sysbios_family_arm_m3_Hwi_excHandlerAsm__I)
                  01008f60    00000020                  : BIOS.obj (.text:ti_sysbios_family_arm_m3_Hwi_excHandler__I)
                  01008f80    00000020     release_pem4.oem4 (.text:ti_sysbios_gates_GateHwi_Object__delete__S)
                  01008fa0    00000020     release_pem4.oem4 (.text:ti_sysbios_heaps_HeapMem_Object__delete__S)
                  01008fc0    00000020     sysbios.aem4 : BIOS.obj (.text:ti_sysbios_knl_Idle_run__E)
                  01008fe0    00000020     release_pem4.oem4 (.text:ti_sysbios_knl_Semaphore_destruct)
                  01009000    00000020     release_pem4.oem4 (.text:ti_sysbios_knl_Task_Object__delete__S)
                  01009020    00000020     spi.obj (.text:transfer)
                  01009040    0000001e     driverlib.a : timer.obj (.text:TimerDisable)
                  0100905e    0000001e                 : timer.obj (.text:TimerEnable)
                  0100907c    0000001e     drivers_cc32xx.aem4 : UDMACC32XX.oem4 (.text:postNotifyFxn)
                  0100909a    0000001e     sysbios.aem4 : m3_Hwi_asm_switch.obj (.text:ti_sysbios_family_xxx_Hwi_switchAndRunFunc)
                  010090b8    0000001c     driverlib.a : pin.obj (.text:PinToPadGet)
                  010090d4    0000001c     gpio.obj (.text:init_gpio)
                  010090f0    0000001c     rtsv7M4_T_le_eabi.lib : memccpy.c.obj (.text:memccpy)
                  0100910c    00000004     --HOLE-- [fill = 0]
                  01009110    0000001c     sysbios.aem4 : BIOS.obj (.text:ti_sysbios_family_arm_m3_Timer_Module_startup__E)
                  0100912c    00000004     --HOLE-- [fill = 0]
                  01009130    0000001c                  : BIOS.obj (.text:ti_sysbios_family_arm_m3_Timer_stop__E)
                  0100914c    00000004     --HOLE-- [fill = 0]
                  01009150    0000001c                  : BIOS.obj (.text:ti_sysbios_gates_GateMutex_Instance_init__E)
                  0100916c    0000001c     release_pem4.oem4 (.text:ti_sysbios_knl_Queue_destruct)
                  01009188    0000001c     sysbios.aem4 : BIOS.obj (.text:ti_sysbios_knl_Queue_put__E)
                  010091a4    00000004     --HOLE-- [fill = 0]
                  010091a8    0000001c                  : BIOS.obj (.text:ti_sysbios_knl_Task_enter__I)
                  010091c4    0000001a     fixed_point.obj (.text:fp32_mul)
                  010091de    0000001a     release_pem4.oem4 (.text:free)
                  010091f8    0000001a     sysbios.aem4 : m3_Hwi_asm.obj (.text:ti_sysbios_family_arm_m3_Hwi_pendSV__I)
                  01009212    00000002     --HOLE-- [fill = 0]
                  01009214    00000018     drivers_cc32xx.aem4 : PowerCC32XX.oem4 (.text:Power_idleFunc)
                  0100922c    00000018                         : TimerCC32XX.oem4 (.text:TimerCC32XX_getCount)
                  01009244    00000018     driverlib.a : timer.obj (.text:TimerIntDisable)
                  0100925c    00000018                 : timer.obj (.text:TimerIntEnable)
                  01009274    00000018     rtsv7M4_T_le_eabi.lib : args_main.c.obj (.text:_args_main)
                  0100928c    00000018     filter.obj (.text:init_avg_filter)
                  010092a4    00000018     controller-main.obj (.text:init_controller)
                  010092bc    00000018     controller-main.obj (.text:init_sensor)
                  010092d4    00000018     rtsv7M4_T_le_eabi.lib : ll_mul_t2.asm.obj (.text)
                  010092ec    00000018                           : strcmp.c.obj (.text:strcmp)
                  01009304    00000018     release_pem4.oem4 (.text:ti_sysbios_BIOS_rtsUnlock__I)
                  0100931c    00000018     release_pem4.oem4 (.text:ti_sysbios_family_arm_m3_Hwi_Module__startupDone__F)
                  01009334    00000018     release_pem4.oem4 (.text:ti_sysbios_family_arm_m3_Timer_Module__startupDone__F)
                  0100934c    00000018     release_pem4.oem4 (.text:ti_sysbios_gates_GateHwi_Handle__label__S)
                  01009364    00000018     release_pem4.oem4 (.text:ti_sysbios_gates_GateMutex_Handle__label__S)
                  0100937c    00000004     --HOLE-- [fill = 0]
                  01009380    00000018     sysbios.aem4 : BIOS.obj (.text:ti_sysbios_gates_GateMutex_leave__E)
                  01009398    00000018     release_pem4.oem4 (.text:ti_sysbios_heaps_HeapMem_Handle__label__S)
                  010093b0    00000018     sysbios.aem4 : BIOS.obj (.text:ti_sysbios_knl_Task_sleepTimeout__I)
                  010093c8    00000018                  : BIOS.obj (.text:ti_sysbios_rts_ti_ReentSupport_getReent__F)
                  010093e0    00000018     release_pem4.oem4 (.text:ti_sysbios_rts_ti_ReentSupport_getTlsAddr__I)
                  010093f8    00000018     sysbios.aem4 : BIOS.obj (.text:xdc_runtime_Error_init__E)
                  01009410    00000018                  : BIOS.obj (.text:xdc_runtime_System_exit__E)
                  01009428    00000016     driverlib.a : prcm.obj (.text:PRCMHIBRegRead)
                  0100943e    00000016                 : prcm.obj (.text:PRCMHIBRegWrite)
                  01009454    00000016     sensor.obj (.text:filter)
                  0100946a    00000016     pid.obj (.text:set_limits)
                  01009480    00000016     rtsv7M4_T_le_eabi.lib : strchr.c.obj (.text:strchr)
                  01009496    00000016     release_pem4.oem4 (.text:ti_sysbios_BIOS_exitFunc__I)
                  010094ac    00000014     drivers_cc32xx.aem4 : PWM.oem4 (.text:PWM_Params_init)
                  010094c0    00000014                         : PowerCC32XX.oem4 (.text:Power_getDependencyCount)
                  010094d4    00000014                         : SPI.oem4 (.text:SPI_Params_init)
                  010094e8    00000014     sysbios.aem4 : BIOS.obj (.text:pthread_attr_setschedparam)
                  010094fc    00000014     rtsv7M4_T_le_eabi.lib : strcpy.c.obj (.text:strcpy)
                  01009510    00000014                           : strlen.c.obj (.text:strlen)
                  01009524    00000014     release_pem4.oem4 (.text:ti_sysbios_family_arm_m3_Hwi_Object__get__S)
                  01009538    00000014     sysbios.aem4 : BIOS.obj (.text:ti_sysbios_family_arm_m3_Hwi_switchFromBootStack__E)
                  0100954c    00000014                  : m3_TaskSupport_asm.obj (.text:ti_sysbios_family_arm_m3_TaskSupport_swap__E)
                  01009560    00000014     release_pem4.oem4 (.text:ti_sysbios_heaps_HeapMem_Object__get__S)
                  01009574    00000004     --HOLE-- [fill = 0]
                  01009578    00000014     sysbios.aem4 : BIOS.obj (.text:ti_sysbios_knl_Clock_tickReconfig__E)
                  0100958c    00000014     release_pem4.oem4 (.text:ti_sysbios_knl_Swi_Object__get__S)
                  010095a0    00000012     dpl_cc32xx.aem4 : SemaphoreP_tirtos.oem4 (.text:SemaphoreP_pend)
                  010095b2    00000012     driverlib.a : timer.obj (.text:TimerIntClear)
                  010095c4    00000004     --HOLE-- [fill = 0]
                  010095c8    00000012     sysbios.aem4 : BIOS.obj (.text:_pthread_runStub$41)
                  010095da    00000012     filter.obj (.text:get_mv_avg)
                  010095ec    00000012     drivers_cc32xx.aem4 : PWMTimerCC32XX.oem4 (.text:postNotifyFxn)
                  010095fe    00000002     --HOLE-- [fill = 0]
                  01009600    00000012     sysbios.aem4 : BIOS.obj (.text:ti_sysbios_hal_Hwi_Module_startup__E)
                  01009612    00000012     rtsv7M4_T_le_eabi.lib : wcslen.c.obj (.text:wcslen)
                  01009624    00000012     release_pem4.oem4 (.text:xdc_runtime_Startup_exec__I)
                  01009636    00000010     dpl_cc32xx.aem4 : HwiP_tirtos.oem4 (.text:HwiP_Params_init)
                  01009646    00000002     --HOLE-- [fill = 0]
                  01009648    00000010     drivers_cc32xx.aem4 : I2C.oem4 (.text:I2C_Params_init)
                  01009658    00000010                         : Timer.oem4 (.text:Timer_Params_init)
                  01009668    00000010     sysbios.aem4 : BIOS.obj (.text:ti_sysbios_BIOS_getCpuFreq__E)
                  01009678    00000010                  : BIOS.obj (.text:ti_sysbios_BIOS_setThreadType__E)
                  01009688    00000010                  : BIOS.obj (.text:ti_sysbios_BIOS_start__E)
                  01009698    00000010                  : m3_TaskSupport_asm.obj (.text:ti_sysbios_family_arm_m3_TaskSupport_glue)
                  010096a8    00000010                  : BIOS.obj (.text:ti_sysbios_gates_GateMutex_Instance_finalize__E)
                  010096b8    00000010     release_pem4.oem4 (.text:ti_sysbios_knl_Mailbox_Object__get__S)
                  010096c8    00000010     sysbios.aem4 : BIOS.obj (.text:ti_sysbios_knl_Semaphore_Instance_finalize__E)
                  010096d8    00000010                  : BIOS.obj (.text:ti_sysbios_knl_Swi_disable__E)
                  010096e8    00000010     release_pem4.oem4 (.text:ti_sysbios_knl_Task_Object__get__S)
                  010096f8    00000010     sysbios.aem4 : BIOS.obj (.text:ti_sysbios_knl_Task_disable__E)
                  01009708    00000010                  : BIOS.obj (.text:xdc_runtime_Memory_free__E)
                  01009718    00000010                  : BIOS.obj (.text:xdc_runtime_SysCallback_abort__E)
                  01009728    00000010                  : BIOS.obj (.text:xdc_runtime_SysCallback_exit__E)
                  01009738    0000000e     rtsv7M4_T_le_eabi.lib : copy_decompress_none.c.obj (.text:decompress:none:__TI_decompress_none)
                  01009746    0000000e     drivers_cc32xx.aem4 : SPICC32XXDMA.oem4 (.text:postNotifyFxn)
                  01009754    00000004     --HOLE-- [fill = 0]
                  01009758    0000000e     sysbios.aem4 : BIOS.obj (.text:pthread_attr_setdetachstate)
                  01009766    00000002     --HOLE-- [fill = 0]
                  01009768    0000000e                  : BIOS.obj (.text:ti_sysbios_knl_Idle_loop__E)
                  01009776    00000002     --HOLE-- [fill = 0]
                  01009778    0000000e                  : BIOS.obj (.text:ti_sysbios_knl_Queue_empty__E)
                  01009786    0000000c     CC3220SF_LAUNCHXL.obj (.text:CC3220SF_LAUNCHXL_initGeneral)
                  01009792    0000000c     dpl_cc32xx.aem4 : HwiP_tirtos.oem4 (.text:HwiP_delete)
                  0100979e    00000002     --HOLE-- [fill = 0]
                  010097a0    0000000c     drivers_cc32xx.aem4 : PowerCC32XX.oem4 (.text:Power_getConstraintMask)
                  010097ac    0000000c     dpl_cc32xx.aem4 : SemaphoreP_tirtos.oem4 (.text:SemaphoreP_delete)
                  010097b8    0000000c     rtsv7M4_T_le_eabi.lib : _lock.c.obj (.text:_register_lock)
                  010097c4    0000000c                           : _lock.c.obj (.text:_register_unlock)
                  010097d0    0000000c                           : copy_zero_init.c.obj (.text:decompress:ZI:__TI_zero_init)
                  010097dc    0000000c     CC3220SF_LAUNCHXL.obj (.text:dmaErrorFxn)
                  010097e8    0000000c     filter.obj (.text:get_ema_avg)
                  010097f4    0000000c     drivers_cc32xx.aem4 : I2CCC32XX.oem4 (.text:postNotify)
                  01009800    0000000c                         : TimerCC32XX.oem4 (.text:postNotifyFxn)
                  0100980c    0000000c     release_pem4.oem4 (.text:ti_sysbios_family_arm_m3_Hwi_Params__init__S)
                  01009818    0000000c     sysbios.aem4 : BIOS.obj (.text:ti_sysbios_family_arm_m3_Hwi_disableFxn__E)
                  01009824    00000004     --HOLE-- [fill = 0]
                  01009828    0000000c                  : BIOS.obj (.text:ti_sysbios_family_arm_m3_TaskSupport_getStackAlignment__E)
                  01009834    00000004     --HOLE-- [fill = 0]
                  01009838    0000000c                  : BIOS.obj (.text:ti_sysbios_gates_GateHwi_enter__E)
                  01009844    00000004     --HOLE-- [fill = 0]
                  01009848    0000000c                  : BIOS.obj (.text:ti_sysbios_knl_Clock_getTicks__E)
                  01009854    00000004     --HOLE-- [fill = 0]
                  01009858    0000000c                  : BIOS.obj (.text:ti_sysbios_knl_Clock_setTicks__E)
                  01009864    00000004     --HOLE-- [fill = 0]
                  01009868    0000000c                  : BIOS.obj (.text:ti_sysbios_knl_Clock_tickStart__E)
                  01009874    00000004     --HOLE-- [fill = 0]
                  01009878    0000000c                  : BIOS.obj (.text:ti_sysbios_knl_Clock_tickStop__E)
                  01009884    0000000c     release_pem4.oem4 (.text:ti_sysbios_knl_Queue_Object__get__S)
                  01009890    0000000c     release_pem4.oem4 (.text:ti_sysbios_knl_Semaphore_Params__init__S)
                  0100989c    0000000c     release_pem4.oem4 (.text:ti_sysbios_knl_Task_Params__init__S)
                  010098a8    0000000c     sysbios.aem4 : BIOS.obj (.text:ti_sysbios_knl_Task_self__E)
                  010098b4    00000004     --HOLE-- [fill = 0]
                  010098b8    0000000c                  : BIOS.obj (.text:ti_sysbios_rts_ti_ReentSupport_taskRegHook__I)
                  010098c4    0000000c     driverlib.a : udma.obj (.text:uDMAErrorStatusClear)
                  010098d0    0000000c                 : udma.obj (.text:uDMAErrorStatusGet)
                  010098dc    00000004     --HOLE-- [fill = 0]
                  010098e0    0000000c     sysbios.aem4 : BIOS.obj (.text:xdc_runtime_Startup_rtsDone__E)
                  010098ec    0000000a     drivers_cc32xx.aem4 : PWM.oem4 (.text:PWM_setDuty)
                  010098f6    0000000a                         : PWM.oem4 (.text:PWM_setPeriod)
                  01009900    0000000a                         : PWM.oem4 (.text:PWM_start)
                  0100990a    0000000a                         : PWM.oem4 (.text:PWM_stop)
                  01009914    0000000a                         : SPI.oem4 (.text:SPI_transfer)
                  0100991e    0000000a                         : Timer.oem4 (.text:Timer_start)
                  01009928    0000000a     release_pem4.oem4 (.text:xdc_runtime_IHeap_alloc)
                  01009932    0000000a     release_pem4.oem4 (.text:xdc_runtime_IHeap_free)
                  0100993c    00000008     drivers_cc32xx.aem4 : I2CCC32XX.oem4 (.text:I2CCC32XX_blockingCallback)
                  01009944    00000008     dpl_cc32xx.aem4 : SemaphoreP_tirtos.oem4 (.text:SemaphoreP_Params_init)
                  0100994c    00000008     drivers_cc32xx.aem4 : SPICC32XXDMA.oem4 (.text:blockingTransferCallback)
                  01009954    00000008     rtsv7M4_T_le_eabi.lib : s_copysign.c.obj (.text:copysign)
                  0100995c    00000004     --HOLE-- [fill = 0]
                  01009960    00000008     sysbios.aem4 : BIOS.obj (.text:pthread_attr_setstacksize)
                  01009968    00000008                  : BIOS.obj (.text:ti_sysbios_family_arm_m3_Hwi_doSwiRestore__I)
                  01009970    00000008                  : BIOS.obj (.text:ti_sysbios_family_arm_m3_Hwi_startup__E)
                  01009978    00000006     drivers_cc32xx.aem4 : SPICC32XXDMA.oem4 (.text:SPICC32XXDMA_control)
                  0100997e    00000006                         : TimerCC32XX.oem4 (.text:TimerCC32XX_control)
                  01009984    00000006     driverlib.a : utils.obj (.text:UtilsDelay)
                  0100998a    00000006     timer.obj (.text:zero_crossing_reset)
                  01009990    00000006     sysbios.aem4 : BIOS.obj (.text:ti_sysbios_family_arm_m3_Hwi_doTaskRestore__I)
                  01009996    00000002     --HOLE-- [fill = 0]
                  01009998    00000006                  : BIOS.obj (.text:ti_sysbios_family_arm_m3_Hwi_restoreFxn__E)
                  0100999e    00000002     --HOLE-- [fill = 0]
                  010099a0    00000006                  : BIOS.obj (.text:ti_sysbios_gates_GateHwi_leave__E)
                  010099a6    00000002     --HOLE-- [fill = 0]
                  010099a8    00000006                  : BIOS.obj (.text:ti_sysbios_heaps_HeapMem_isBlocking__E)
                  010099ae    00000002     --HOLE-- [fill = 0]
                  010099b0    00000006                  : BIOS.obj (.text:ti_sysbios_knl_Queue_Instance_init__E)
                  010099b6    00000002     --HOLE-- [fill = 0]
                  010099b8    00000006                  : BIOS.obj (.text:ti_sysbios_knl_Swi_startup__E)
                  010099be    00000002     --HOLE-- [fill = 0]
                  010099c0    00000006                  : BIOS.obj (.text:xdc_runtime_System_Module_startup__E)
                  010099c6    00000002     --HOLE-- [fill = 0]
                  010099c8    00000004                  : BIOS.obj (.text:__aeabi_errno_addr)
                  010099cc    00000004     --HOLE-- [fill = 0]
                  010099d0    00000004                  : BIOS.obj (.text:ti_sysbios_family_arm_m3_Timer_getMaxTicks__E)
                  010099d4    00000004     --HOLE-- [fill = 0]
                  010099d8    00000004                  : BIOS.obj (.text:ti_sysbios_gates_GateHwi_query__E)
                  010099dc    00000004     --HOLE-- [fill = 0]
                  010099e0    00000004                  : BIOS.obj (.text:ti_sysbios_gates_GateMutex_query__E)
                  010099e4    00000004     --HOLE-- [fill = 0]
                  010099e8    00000004                  : BIOS.obj (.text:ti_sysbios_knl_Task_startup__E)
                  010099ec    00000004     --HOLE-- [fill = 0]
                  010099f0    00000002                  : BIOS.obj (.text:ti_sysbios_BIOS_linkedWithIncorrectBootLibrary__E)
                  010099f2    00000006     --HOLE-- [fill = 0]
                  010099f8    00000002                  : BIOS.obj (.text:ti_sysbios_gates_GateHwi_Instance_init__E)
                  010099fa    00000006     --HOLE-- [fill = 0]
                  01009a00    00000002                  : BIOS.obj (.text:ti_sysbios_knl_Clock_logTick__E)
                  01009a02    00000006     --HOLE-- [fill = 0]
                  01009a08    00000002                  : BIOS.obj (.text:xdc_runtime_SysCallback_defaultAbort)
                  01009a0a    00000006     --HOLE-- [fill = 0]
                  01009a10    00000002                  : BIOS.obj (.text:xdc_runtime_SysCallback_defaultExit)
                  01009a12    00000006     --HOLE-- [fill = 0]
                  01009a18    00000002                  : BIOS.obj (.text:xdc_runtime_System_abortSpin__E)
                  01009a1a    00000006     --HOLE-- [fill = 0]
                  01009a20    00000002                  : BIOS.obj (.text:xdc_runtime_System_exitSpin__E)

.const     0    01009a24    00000a05     
                  01009a24    00000101     rtsv7M4_T_le_eabi.lib : ctype.c.obj (.const:.string:_ctypes_)
                  01009b25    00000001     release_pem4.oem4 (.const:ti_sysbios_knl_Clock_tickMode__C)
                  01009b26    00000002     release_pem4.oem4 (.const:ti_sysbios_family_arm_m3_Hwi_Module__id__C)
                  01009b28    00000100     driverlib.a : pin.obj (.const:g_ulPinToPadMap)
                  01009c28    000000a8                 : prcm.obj (.const:PRCM_PeriphRegsList)
                  01009cd0    00000078     CC3220SF_LAUNCHXL.obj (.const:spiCC3220SDMAHWAttrs)
                  01009d48    00000058     release_pem4.oem4 (.const:.string)
                  01009da0    00000044     release_pem4.oem4 (.const:ti_sysbios_knl_Task_Object__PARAMS__C)
                  01009de4    00000040     CC3220SF_LAUNCHXL.obj (.const:PowerCC32XX_config)
                  01009e24    00000030     release_pem4.oem4 (.const:ti_sysbios_family_arm_m3_Hwi_Object__PARAMS__C)
                  01009e54    00000030     CC3220SF_LAUNCHXL.obj (.const:timerCC3220SFHWAttrs)
                  01009e84    00000028     release_pem4.oem4 (.const:ti_sysbios_heaps_HeapMem_Module__FXNS__C)
                  01009eac    00000024     CC3220SF_LAUNCHXL.obj (.const:Timer_config)
                  01009ed0    00000024     release_pem4.oem4 (.const:ti_sysbios_gates_GateHwi_Module__FXNS__C)
                  01009ef4    00000024     release_pem4.oem4 (.const:ti_sysbios_gates_GateMutex_Module__FXNS__C)
                  01009f18    00000024     release_pem4.oem4 (.const:ti_sysbios_heaps_HeapMem_Object__PARAMS__C)
                  01009f3c    00000024     release_pem4.oem4 (.const:ti_sysbios_knl_Semaphore_Object__PARAMS__C)
                  01009f60    00000021     drivers_cc32xx.aem4 : GPIOCC32XX.oem4 (.const:.string:pinTable)
                  01009f81    00000001     release_pem4.oem4 (.const:ti_sysbios_knl_Clock_tickSource__C)
                  01009f82    00000002     release_pem4.oem4 (.const:ti_sysbios_family_arm_m3_Timer_Module__id__C)
                  01009f84    00000020     drivers_cc32xx.aem4 : PWMTimerCC32XX.oem4 (.const:PWMTimerCC32XX_fxnTable)
                  01009fa4    00000020                         : SPI.oem4 (.const:SPI_defaultParams)
                  01009fc4    00000020                         : PWMTimerCC32XX.oem4 (.const:gpioPinIndexes)
                  01009fe4    00000020     release_pem4.oem4 (.const:ti_sysbios_family_arm_m3_Hwi_Object__DESC__C)
                  0100a004    00000020     release_pem4.oem4 (.const:ti_sysbios_gates_GateHwi_Object__DESC__C)
                  0100a024    00000020     release_pem4.oem4 (.const:ti_sysbios_gates_GateMutex_Object__DESC__C)
                  0100a044    00000020     release_pem4.oem4 (.const:ti_sysbios_heaps_HeapMem_Object__DESC__C)
                  0100a064    00000020     release_pem4.oem4 (.const:ti_sysbios_knl_Queue_Object__DESC__C)
                  0100a084    00000020     release_pem4.oem4 (.const:ti_sysbios_knl_Semaphore_Object__DESC__C)
                  0100a0a4    00000020     release_pem4.oem4 (.const:ti_sysbios_knl_Task_Object__DESC__C)
                  0100a0c4    00000020     release_pem4.oem4 (.const:xdc_runtime_Startup_sfxnTab__A)
                  0100a0e4    0000001c     drivers_cc32xx.aem4 : TimerCC32XX.oem4 (.const:TimerCC32XX_fxnTable)
                  0100a100    00000018                         : I2CCC32XX.oem4 (.const:I2CCC32XX_fxnTable)
                  0100a118    00000018     CC3220SF_LAUNCHXL.obj (.const:PWM_config)
                  0100a130    00000018     drivers_cc32xx.aem4 : PWM.oem4 (.const:PWM_defaultParams)
                  0100a148    00000018                         : SPICC32XXDMA.oem4 (.const:SPICC32XXDMA_fxnTable)
                  0100a160    00000018     CC3220SF_LAUNCHXL.obj (.const:SPI_config)
                  0100a178    00000018     release_pem4.oem4 (.const:ti_sysbios_gates_GateHwi_Object__PARAMS__C)
                  0100a190    00000018     release_pem4.oem4 (.const:ti_sysbios_gates_GateMutex_Object__PARAMS__C)
                  0100a1a8    00000018     release_pem4.oem4 (.const:ti_sysbios_knl_Queue_Object__PARAMS__C)
                  0100a1c0    00000018     release_pem4.oem4 (.const:ti_sysbios_knl_Task_hooks__A)
                  0100a1d8    00000014     CC3220SF_LAUNCHXL.obj (.const:GPIOCC32XX_config)
                  0100a1ec    00000014     drivers_cc32xx.aem4 : GPIOCC32XX.oem4 (.const:gpioBaseAddresses)
                  0100a200    00000014                         : GPIOCC32XX.oem4 (.const:powerResources)
                  0100a214    00000010     pid.obj (.const:$P$T4$2)
                  0100a224    00000010     drivers_cc32xx.aem4 : I2C.oem4 (.const:I2C_defaultParams)
                  0100a234    00000010                         : PWMTimerCC32XX.oem4 (.const:gpioBaseAddresses)
                  0100a244    00000010     CC3220SF_LAUNCHXL.obj (.const:i2cCC3220SHWAttrs)
                  0100a254    00000010     drivers_cc32xx.aem4 : PWMTimerCC32XX.oem4 (.const:timerBaseAddresses)
                  0100a264    00000010     release_pem4.oem4 (.const:xdc_runtime_Startup_sfxnRts__A)
                  0100a274    0000000c     pid.obj (.const:$P$T5$3)
                  0100a280    0000000c     CC3220SF_LAUNCHXL.obj (.const:I2C_config)
                  0100a28c    0000000c     drivers_cc32xx.aem4 : Timer.oem4 (.const:defaultParams)
                  0100a298    0000000c                         : SPICC32XXDMA.oem4 (.const:dmaNullConfig)
                  0100a2a4    0000000c                         : SPICC32XXDMA.oem4 (.const:dmaRxConfig)
                  0100a2b0    0000000c                         : SPICC32XXDMA.oem4 (.const:dmaTxConfig)
                  0100a2bc    0000000c     CC3220SF_LAUNCHXL.obj (.const:udmaCC3220SHWAttrs)
                  0100a2c8    0000000c     release_pem4.oem4 (.const:xdc_runtime_Startup_firstFxns__A)
                  0100a2d4    00000009     CC3220SF_LAUNCHXL.obj (.const)
                  0100a2dd    00000001     release_pem4.oem4 (.const:xdc_runtime_Error_policy__C)
                  0100a2de    00000002     release_pem4.oem4 (.const:ti_sysbios_heaps_HeapMem_Module__id__C)
                  0100a2e0    00000008     CC3220SF_LAUNCHXL.obj (.const:UDMACC32XX_config)
                  0100a2e8    00000008     drivers_cc32xx.aem4 : I2CCC32XX.oem4 (.const:bitRate)
                  0100a2f0    00000008                         : SPICC32XXDMA.oem4 (.const:mode)
                  0100a2f8    00000008                         : GPIOCC32XX.oem4 (.const:outPinTypes)
                  0100a300    00000008     CC3220SF_LAUNCHXL.obj (.const:pwmTimerCC3220SHWAttrs)
                  0100a308    00000008     release_pem4.oem4 (.const:ti_sysbios_knl_Idle_funcList__A)
                  0100a310    00000008     release_pem4.oem4 (.const:ti_sysbios_knl_Idle_funcList__C)
                  0100a318    00000008     release_pem4.oem4 (.const:ti_sysbios_knl_Task_hooks__C)
                  0100a320    00000008     drivers_cc32xx.aem4 : PWMTimerCC32XX.oem4 (.const:timerHalves)
                  0100a328    00000008     release_pem4.oem4 (.const:xdc_runtime_Startup_firstFxns__C)
                  0100a330    00000008     release_pem4.oem4 (.const:xdc_runtime_Startup_lastFxns__C)
                  0100a338    00000006     drivers_cc32xx.aem4 : GPIOCC32XX.oem4 (.const:.string:interruptType)
                  0100a33e    00000006                         : GPIOCC32XX.oem4 (.const:inPinTypes)
                  0100a344    00000006                         : GPIOCC32XX.oem4 (.const:outPinStrengths)
                  0100a34a    00000004                         : GPIOCC32XX.oem4 (.const:.string:portInterruptIds)
                  0100a34e    00000002     release_pem4.oem4 (.const:xdc_runtime_Memory_Module__id__C)
                  0100a350    00000004     release_pem4.oem4 (.const:ti_sysbios_family_arm_m3_Hwi_E_alreadyDefined__C)
                  0100a354    00000004     release_pem4.oem4 (.const:ti_sysbios_family_arm_m3_Hwi_NUM_INTERRUPTS__C)
                  0100a358    00000004     release_pem4.oem4 (.const:ti_sysbios_family_arm_m3_Hwi_Object__count__C)
                  0100a35c    00000004     release_pem4.oem4 (.const:ti_sysbios_family_arm_m3_Hwi_ccr__C)
                  0100a360    00000004     release_pem4.oem4 (.const:ti_sysbios_family_arm_m3_Hwi_excHandlerFunc__C)
                  0100a364    00000004     release_pem4.oem4 (.const:ti_sysbios_family_arm_m3_Hwi_nullIsrFunc__C)
                  0100a368    00000004     release_pem4.oem4 (.const:ti_sysbios_family_arm_m3_Hwi_priGroup__C)
                  0100a36c    00000004     release_pem4.oem4 (.const:ti_sysbios_family_arm_m3_Hwi_swiDisable__C)
                  0100a370    00000004     release_pem4.oem4 (.const:ti_sysbios_family_arm_m3_Hwi_swiRestoreHwi__C)
                  0100a374    00000004     release_pem4.oem4 (.const:ti_sysbios_family_arm_m3_TaskSupport_stackAlignment__C)
                  0100a378    00000004     release_pem4.oem4 (.const:ti_sysbios_family_arm_m3_Timer_E_cannotSupport__C)
                  0100a37c    00000004     release_pem4.oem4 (.const:ti_sysbios_family_arm_m3_Timer_startupNeeded__C)
                  0100a380    00000004     release_pem4.oem4 (.const:ti_sysbios_gates_GateMutex_Instance_State_sem__O)
                  0100a384    00000004     release_pem4.oem4 (.const:ti_sysbios_heaps_HeapMem_E_memory__C)
                  0100a388    00000004     release_pem4.oem4 (.const:ti_sysbios_heaps_HeapMem_Module__gateObj__C)
                  0100a38c    00000004     release_pem4.oem4 (.const:ti_sysbios_heaps_HeapMem_Object__count__C)
                  0100a390    00000004     release_pem4.oem4 (.const:ti_sysbios_heaps_HeapMem_primaryHeapBaseAddr__C)
                  0100a394    00000004     release_pem4.oem4 (.const:ti_sysbios_heaps_HeapMem_primaryHeapEndAddr__C)
                  0100a398    00000004     release_pem4.oem4 (.const:ti_sysbios_heaps_HeapMem_reqAlign__C)
                  0100a39c    00000004     release_pem4.oem4 (.const:ti_sysbios_knl_Clock_Module_State_clockQ__O)
                  0100a3a0    00000004     release_pem4.oem4 (.const:ti_sysbios_knl_Clock_tickPeriod__C)
                  0100a3a4    00000004     release_pem4.oem4 (.const:ti_sysbios_knl_Mailbox_Instance_State_freeQue__O)
                  0100a3a8    00000004     release_pem4.oem4 (.const:ti_sysbios_knl_Mailbox_Object__count__C)
                  0100a3ac    00000004     release_pem4.oem4 (.const:ti_sysbios_knl_Mailbox_maxTypeAlign__C)
                  0100a3b0    00000004     release_pem4.oem4 (.const:ti_sysbios_knl_Semaphore_Instance_State_pendQ__O)
                  0100a3b4    00000004     release_pem4.oem4 (.const:ti_sysbios_knl_Swi_Object__count__C)
                  0100a3b8    00000004     release_pem4.oem4 (.const:ti_sysbios_knl_Task_Module_State_inactiveQ__O)
                  0100a3bc    00000004     release_pem4.oem4 (.const:ti_sysbios_knl_Task_Object__count__C)
                  0100a3c0    00000004     release_pem4.oem4 (.const:ti_sysbios_knl_Task_Object__heap__C)
                  0100a3c4    00000004     release_pem4.oem4 (.const:ti_sysbios_knl_Task_allBlockedFunc__C)
                  0100a3c8    00000004     release_pem4.oem4 (.const:ti_sysbios_knl_Task_defaultStackHeap__C)
                  0100a3cc    00000004     release_pem4.oem4 (.const:ti_sysbios_knl_Task_defaultStackSize__C)
                  0100a3d0    00000004     release_pem4.oem4 (.const:ti_sysbios_knl_Task_numConstructedTasks__C)
                  0100a3d4    00000004     release_pem4.oem4 (.const:xdc_runtime_Error_E_memory__C)
                  0100a3d8    00000004     release_pem4.oem4 (.const:xdc_runtime_Error_policyFxn__C)
                  0100a3dc    00000004     release_pem4.oem4 (.const:xdc_runtime_IGateProvider_Interface__BASE__C)
                  0100a3e0    00000004     release_pem4.oem4 (.const:xdc_runtime_IHeap_Interface__BASE__C)
                  0100a3e4    00000004     release_pem4.oem4 (.const:xdc_runtime_IModule_Interface__BASE__C)
                  0100a3e8    00000004     release_pem4.oem4 (.const:xdc_runtime_Memory_defaultHeapInstance__C)
                  0100a3ec    00000004     release_pem4.oem4 (.const:xdc_runtime_Startup_execImpl__C)
                  0100a3f0    00000004     release_pem4.oem4 (.const:xdc_runtime_Startup_maxPasses__C)
                  0100a3f4    00000004     release_pem4.oem4 (.const:xdc_runtime_Startup_sfxnRts__C)
                  0100a3f8    00000004     release_pem4.oem4 (.const:xdc_runtime_Startup_sfxnTab__C)
                  0100a3fc    00000004     release_pem4.oem4 (.const:xdc_runtime_SysCallback_abortFxn__C)
                  0100a400    00000004     release_pem4.oem4 (.const:xdc_runtime_SysCallback_exitFxn__C)
                  0100a404    00000004     release_pem4.oem4 (.const:xdc_runtime_System_Module__gateObj__C)
                  0100a408    00000004     release_pem4.oem4 (.const:xdc_runtime_System_abortFxn__C)
                  0100a40c    00000004     release_pem4.oem4 (.const:xdc_runtime_System_exitFxn__C)
                  0100a410    00000004     release_pem4.oem4 (.const:xdc_runtime_System_maxAtexitHandlers__C)
                  0100a414    00000004     release_pem4.oem4 (.const:xdc_runtime_Text_charTab__C)
                  0100a418    00000004     release_pem4.oem4 (.const:xdc_runtime_Text_nameEmpty__C)
                  0100a41c    00000004     release_pem4.oem4 (.const:xdc_runtime_Text_nameStatic__C)
                  0100a420    00000004     release_pem4.oem4 (.const:xdc_runtime_Text_nameUnknown__C)
                  0100a424    00000002     release_pem4.oem4 (.const:xdc_runtime_Text_charCnt__C)
                  0100a426    00000002     release_pem4.oem4 (.const:xdc_runtime_Text_isLoaded__C)
                  0100a428    00000001     release_pem4.oem4 (.const:xdc_runtime_Text_charTab__A)

.cinit     0    0100a430    000002c0     
                  0100a430    0000029c     (.cinit..data.load) [load image, compression = lzss]
                  0100a6cc    0000000c     (__TI_handler_table)
                  0100a6d8    00000008     (.cinit..bss.load) [load image, compression = zero_init]
                  0100a6e0    00000010     (__TI_cinit_table)

.init_array 
*          0    01000800    00000000     UNINITIALIZED

.bss       0    20008400    00000e55     UNINITIALIZED
                  20008400    00000400     CC3220SF_LAUNCHXL.obj (.bss:dmaControlTable)
                  20008800    0000030c     (.common:ti_sysbios_family_arm_m3_Hwi_dispatchTable)
                  20008b0c    00000004     drivers_cc32xx.aem4 : GPIOCC32XX.oem4 (.bss)
                  20008b10    00000200     release_pem4.oem4 (.bss:taskStackSection)
                  20008d10    0000012c     (.common:PowerCC32XX_contextSave)
                  20008e3c    00000120     rtsv7M4_T_le_eabi.lib : trgmsg.c.obj (.bss:_CIOBUF_)
                  20008f5c    000000a0     (.common:__TI_tmpnams)
                  20008ffc    0000009c     (.common:timerCC3220SFObjects)
                  20009098    00000088     (.common:spiCC3220SDMAObjects)
                  20009120    00000050     (.common:i2cCC3220SObjects)
                  20009170    00000048     (.common:pwmTimerCC3220SObjects)
                  200091b8    00000020     drivers_cc32xx.aem4 : GPIOCC32XX.oem4 (.bss:gpioCallbackInfo)
                  200091d8    0000001c     rtsv7M4_T_le_eabi.lib : vla_alloc.c.obj (.bss:$O1$$)
                  200091f4    00000014     drivers_cc32xx.aem4 : UDMACC32XX.oem4 (.bss:postNotifyObj)
                  20009208    00000014                         : GPIOCC32XX.oem4 (.bss:powerNotifyObj)
                  2000921c    00000008     (.common:parmbuf)
                  20009224    00000008     (.common:switchers)
                  2000922c    00000008     (.common:udmaCC3220SObject)
                  20009234    00000004                         : TimerCC32XX.oem4 (.bss:timerState)
                  20009238    00000004     (.common:ctls)
                  2000923c    00000004     (.common:master)
                  20009240    00000008     (.common:spiCC3220SDMAscratchBuf)
                  20009248    00000004     (.common:sens_list)
                  2000924c    00000004     (.common:sensor)
                  20009250    00000004     (.common:ti_sysbios_knl_Task_Instance_State_0_hookEnv__A)
                  20009254    00000001                         : I2CCC32XX.oem4 (.bss)

.data      0    20009258    000008cf     UNINITIALIZED
                  20009258    0000016c     drivers_cc32xx.aem4 : PowerCC32XX.oem4 (.data:PowerCC32XX_module)
                  200093c4    000000f8     CC3220SF_LAUNCHXL.obj (.data:parkInfo)
                  200094bc    000000f0     rtsv7M4_T_le_eabi.lib : defs.c.obj (.data:_ftable)
                  200095ac    00000088     sysbios.aem4 : BIOS.obj (.data:$O1$$)
                  20009634    00000080     release_pem4.oem4 (.data:ti_sysbios_knl_Swi_Module_State_0_readyQ__A)
                  200096b4    00000080     release_pem4.oem4 (.data:ti_sysbios_knl_Task_Module_State_0_readyQ__A)
                  20009734    00000078     rtsv7M4_T_le_eabi.lib : write.c.obj (.data:_device)
                  200097ac    0000005c     release_pem4.oem4 (.data:ti_sysbios_knl_Task_Object__table__V)
                  20009808    00000054     release_pem4.oem4 (.data:ti_sysbios_gates_GateMutex_Object__table__V)
                  2000985c    00000050     rtsv7M4_T_le_eabi.lib : write.c.obj (.data:_stream)
                  200098ac    00000048     release_pem4.oem4 (.data:ti_sysbios_knl_Task_Module__state__V)
                  200098f4    00000034     release_pem4.oem4 (.data:ti_sysbios_family_arm_m3_Hwi_Module__state__V)
                  20009928    00000030     release_pem4.oem4 (.data:ti_sysbios_family_arm_m3_Timer_Object__table__V)
                  20009958    00000030     release_pem4.oem4 (.data:ti_sysbios_knl_Swi_Object__table__V)
                  20009988    0000002c     release_pem4.oem4 (.data:ti_sysbios_knl_Clock_Module__state__V)
                  200099b4    00000024     release_pem4.oem4 (.data:ti_sysbios_BIOS_Module__state__V)
                  200099d8    00000020     release_pem4.oem4 (.data:xdc_runtime_Error_IgnoreBlock)
                  200099f8    0000001c     release_pem4.oem4 (.data:ti_sysbios_knl_Swi_Module__state__V)
                  20009a14    00000018     CC3220SF_LAUNCHXL.obj (.data:gpioPinConfigs)
                  20009a2c    00000018     release_pem4.oem4 (.data:ti_sysbios_family_arm_m3_Hwi_Object__table__V)
                  20009a44    00000018     release_pem4.oem4 (.data:ti_sysbios_heaps_HeapMem_Object__table__V)
                  20009a5c    00000010     rtsv7M4_T_le_eabi.lib : defs.c.obj (.data)
                  20009a6c    0000000c                           : exit.c.obj (.data:$O1$$)
                  20009a78    0000000c     release_pem4.oem4 (.data:ti_sysbios_family_arm_m3_Timer_Module__state__V)
                  20009a84    00000009     drivers_cc32xx.aem4 : GPIOCC32XX.oem4 (.data)
                  20009a8d    00000001                         : I2C.oem4 (.data)
                  20009a8e    00000002     release_pem4.oem4 (.data:ti_sysbios_family_arm_m3_Hwi_Module_State_0_excActive__A)
                  20009a90    00000008     rtsv7M4_T_le_eabi.lib : _lock.c.obj (.data:$O1$$)
                  20009a98    00000008     controller-main.obj (.data)
                  20009aa0    00000008     drivers_cc32xx.aem4 : UDMACC32XX.oem4 (.data)
                  20009aa8    00000008     CC3220SF_LAUNCHXL.obj (.data:gpioCallbackFunctions)
                  20009ab0    00000008     release_pem4.oem4 (.data:ti_sysbios_family_arm_cc32xx_Seconds_Module__state__V)
                  20009ab8    00000008     release_pem4.oem4 (.data:ti_sysbios_family_arm_m3_Hwi_Module__root__V)
                  20009ac0    00000008     release_pem4.oem4 (.data:ti_sysbios_gates_GateHwi_Module__root__V)
                  20009ac8    00000008     release_pem4.oem4 (.data:ti_sysbios_gates_GateMutex_Module__root__V)
                  20009ad0    00000008     release_pem4.oem4 (.data:ti_sysbios_heaps_HeapMem_Module__root__V)
                  20009ad8    00000008     release_pem4.oem4 (.data:ti_sysbios_knl_Queue_Module__root__V)
                  20009ae0    00000008     release_pem4.oem4 (.data:ti_sysbios_knl_Semaphore_Module__root__V)
                  20009ae8    00000008     release_pem4.oem4 (.data:ti_sysbios_knl_Task_Module__root__V)
                  20009af0    00000008     release_pem4.oem4 (.data:xdc_runtime_Startup_Module__state__V)
                  20009af8    00000008     release_pem4.oem4 (.data:xdc_runtime_System_Module_State_0_atexitHandlers__A)
                  20009b00    00000008     release_pem4.oem4 (.data:xdc_runtime_System_Module__state__V)
                  20009b08    00000004     rtsv7M4_T_le_eabi.lib : stkdepth_vars.c.obj (.data)
                  20009b0c    00000004     release_pem4.oem4 (.data:ti_sysbios_family_arm_m3_Hwi_Module_State_0_excContext__A)
                  20009b10    00000004     release_pem4.oem4 (.data:ti_sysbios_family_arm_m3_Hwi_Module_State_0_excStack__A)
                  20009b14    00000004     release_pem4.oem4 (.data:ti_sysbios_gates_GateHwi_Object__table__V)
                  20009b18    00000004     release_pem4.oem4 (.data:ti_sysbios_knl_Task_Module_State_0_idleTask__A)
                  20009b1c    00000004     release_pem4.oem4 (.data:ti_sysbios_rts_ti_ReentSupport_Module__state__V)
                  20009b20    00000004     release_pem4.oem4 (.data:xdc_runtime_Memory_Module__state__V)
                  20009b24    00000001     drivers_cc32xx.aem4 : PWM.oem4 (.data)
                  20009b25    00000001                         : SPI.oem4 (.data)
                  20009b26    00000001                         : Timer.oem4 (.data)

.priheap   0    20000310    00008000     UNINITIALIZED
                  20000310    00008000     --HOLE--

.stack     0    2003fc00    00000400     UNINITIALIZED
                  2003fc00    00000400     --HOLE--

.bootVecs 
*          0    00000000    00000008     DSECT
                  00000000    00000008     boot.aem4 : boot.oem4 (.bootVecs)

.resetVecs 
*          0    01000800    0000003c     
                  01000800    0000003c     release_pem4.oem4 (.resetVecs)

.vecs      0    20000000    0000030c     NOLOAD SECTION
                  20000000    0000030c     release_pem4.oem4 (.vecs)

xdc.meta   0    00000000    00000106     COPY SECTION
                  00000000    00000106     release_pem4.oem4 (xdc.meta)

xdc.noload 
*          0    00000000    00000000     COPY SECTION

.binit     0    01000000    00000000     

MODULE SUMMARY

       Module                       code    ro data   rw data
       ------                       ----    -------   -------
    .\
       CC3220SF_LAUNCHXL.obj        24      401       1764   
       pid.obj                      592     28        0      
       controller-main.obj          348     0         32     
       spi.obj                      310     0         0      
       sensor.obj                   306     0         0      
       filter.obj                   160     0         0      
       pwm.obj                      120     0         0      
       main_tirtos.obj              92      0         0      
       i2c.obj                      84      0         0      
       timer.obj                    70      0         0      
       gpio.obj                     28      0         0      
       fixed_point.obj              26      0         0      
    +--+----------------------------+-------+---------+---------+
       Total:                       2160    429       1796   
                                                             
    C:\Users\krad2\workspace_v8\tirtos_builds_CC3220SF_LAUNCHXL_release_ccs\Debug\configPkg\package\cfg\
       release_pem4.oem4            1560    1096      3042   
    +--+----------------------------+-------+---------+---------+
       Total:                       1560    1096      3042   
                                                             
    C:/ti/simplelink_cc32xx_sdk_2_30_00_05/kernel/tirtos/packages/ti/dpl/lib/dpl_cc32xx.aem4
       PowerCC32XX_tirtos.oem4      444     0         0      
       SemaphoreP_tirtos.oem4       146     0         0      
       HwiP_tirtos.oem4             108     0         0      
       ClockP_tirtos.oem4           4       0         0      
    +--+----------------------------+-------+---------+---------+
       Total:                       702     0         0      
                                                             
    C:/ti/simplelink_cc32xx_sdk_2_30_00_05/source/ti/devices/cc32xx/driverlib/ccs/Release/driverlib.a
       prcm.obj                     1772    168       0      
       pin.obj                      280     256       0      
       timer.obj                    264     0         0      
[...]
01009859  ti_sysbios_knl_Clock_setTicks__E                                
01009869  ti_sysbios_knl_Clock_tickStart__E                               
01009879  ti_sysbios_knl_Clock_tickStop__E                                
01009885  ti_sysbios_knl_Queue_Object__get__S                             
01009891  ti_sysbios_knl_Semaphore_Params__init__S                        
0100989d  ti_sysbios_knl_Task_Params__init__S                             
010098a9  ti_sysbios_knl_Task_self__E                                     
010098b9  ti_sysbios_rts_ti_ReentSupport_taskRegHook__I                   
010098c5  uDMAErrorStatusClear                                            
010098d1  uDMAErrorStatusGet                                              
010098e1  xdc_runtime_Startup_rtsDone__E                                  
010098ed  PWM_setDuty                                                     
010098f7  PWM_setPeriod                                                   
01009901  PWM_start                                                       
0100990b  PWM_stop                                                        
01009915  SPI_transfer                                                    
0100991f  Timer_start                                                     
01009929  xdc_runtime_Memory_HeapProxy_alloc__E                           
01009933  xdc_runtime_Memory_HeapProxy_free__E                            
01009945  SemaphoreP_Params_init                                          
01009955  copysign                                                        
01009955  copysignl                                                       
01009961  pthread_attr_setstacksize                                       
01009969  ti_sysbios_family_arm_m3_Hwi_doSwiRestore__I                    
01009971  ti_sysbios_family_arm_m3_Hwi_startup__E                         
01009971  ti_sysbios_hal_Hwi_HwiProxy_startup__E                          
01009971  ti_sysbios_hal_Hwi_startup__E                                   
01009979  SPICC32XXDMA_control                                            
0100997f  TimerCC32XX_control                                             
01009985  UtilsDelay                                                      
0100998b  zero_crossing_reset                                             
01009991  ti_sysbios_family_arm_m3_Hwi_doTaskRestore__I                   
01009999  HwiP_restore                                                    
01009999  ti_sysbios_family_arm_m3_Hwi_restoreFxn__E                      
01009999  ti_sysbios_hal_Hwi_HwiProxy_restore__E                          
010099a1  ti_sysbios_gates_GateHwi_leave__E                               
010099a9  ti_sysbios_heaps_HeapMem_isBlocking__E                          
010099b1  ti_sysbios_knl_Queue_Instance_init__E                           
010099b9  ti_sysbios_knl_Swi_startup__E                                   
010099c1  xdc_runtime_System_Module_startup__E                            
010099c9  __aeabi_errno_addr                                              
010099d1  ti_sysbios_family_arm_m3_Timer_getMaxTicks__E                   
010099d9  ti_sysbios_gates_GateHwi_query__E                               
010099d9  xdc_runtime_Main_Module_GateProxy_query__E                      
010099d9  xdc_runtime_System_Module_GateProxy_query__E                    
010099e1  ti_sysbios_BIOS_RtsGateProxy_query__E                           
010099e1  ti_sysbios_gates_GateMutex_query__E                             
010099e1  ti_sysbios_heaps_HeapMem_Module_GateProxy_query__E              
010099e9  ti_sysbios_knl_Task_startup__E                                  
010099f1  ti_sysbios_BIOS_linkedWithIncorrectBootLibrary__E               
010099f9  ti_sysbios_gates_GateHwi_Instance_init__E                       
01009a01  ti_sysbios_knl_Clock_logTick__E                                 
01009a09  xdc_runtime_SysCallback_defaultAbort                            
01009a11  xdc_runtime_SysCallback_defaultExit                             
01009a19  xdc_runtime_System_abortSpin__E                                 
01009a21  xdc_runtime_System_exitSpin__E                                  
01009a24  _ctypes_                                                        
01009b25  ti_sysbios_knl_Clock_tickMode__C                                
01009b26  ti_sysbios_family_arm_m3_Hwi_Module__id__C                      
01009cd0  spiCC3220SDMAHWAttrs                                            
01009da0  ti_sysbios_knl_Task_Object__PARAMS__C                           
01009de4  PowerCC32XX_config                                              
01009e24  ti_sysbios_family_arm_m3_Hwi_Object__PARAMS__C                  
01009e54  timerCC3220SFHWAttrs                                            
01009e84  ti_sysbios_heaps_HeapMem_Module__FXNS__C                        
01009eac  Timer_config                                                    
01009ed0  ti_sysbios_gates_GateHwi_Module__FXNS__C                        
01009ef4  ti_sysbios_gates_GateMutex_Module__FXNS__C                      
01009f18  ti_sysbios_heaps_HeapMem_Object__PARAMS__C                      
01009f3c  ti_sysbios_knl_Semaphore_Object__PARAMS__C                      
01009f81  ti_sysbios_knl_Clock_tickSource__C                              
01009f82  ti_sysbios_family_arm_m3_Timer_Module__id__C                    
01009f84  PWMTimerCC32XX_fxnTable                                         
01009fa4  SPI_defaultParams                                               
01009fe4  ti_sysbios_family_arm_m3_Hwi_Object__DESC__C                    
0100a004  ti_sysbios_gates_GateHwi_Object__DESC__C                        
0100a024  ti_sysbios_gates_GateMutex_Object__DESC__C                      
0100a044  ti_sysbios_heaps_HeapMem_Object__DESC__C                        
0100a064  ti_sysbios_knl_Queue_Object__DESC__C                            
0100a084  ti_sysbios_knl_Semaphore_Object__DESC__C                        
0100a0a4  ti_sysbios_knl_Task_Object__DESC__C                             
0100a0c4  xdc_runtime_Startup_sfxnTab__A                                  
0100a0e4  TimerCC32XX_fxnTable                                            
0100a100  I2CCC32XX_fxnTable                                              
0100a118  PWM_config                                                      
0100a130  PWM_defaultParams                                               
0100a148  SPICC32XXDMA_fxnTable                                           
0100a160  SPI_config                                                      
0100a178  ti_sysbios_gates_GateHwi_Object__PARAMS__C                      
0100a190  ti_sysbios_gates_GateMutex_Object__PARAMS__C                    
0100a1a8  ti_sysbios_knl_Queue_Object__PARAMS__C                          
0100a1c0  ti_sysbios_knl_Task_hooks__A                                    
0100a1d8  GPIOCC32XX_config                                               
0100a224  I2C_defaultParams                                               
0100a244  i2cCC3220SHWAttrs                                               
0100a264  xdc_runtime_Startup_sfxnRts__A                                  
0100a280  I2C_config                                                      
0100a2bc  udmaCC3220SHWAttrs                                              
0100a2c8  xdc_runtime_Startup_firstFxns__A                                
0100a2d4  Timer_count                                                     
0100a2d5  CryptoCC32XX_count                                              
0100a2d6  Display_count                                                   
0100a2d7  I2C_count                                                       
0100a2d8  PWM_count                                                       
0100a2d9  SDFatFS_count                                                   
0100a2da  SDSPI_count                                                     
0100a2db  SPI_count                                                       
0100a2dc  Watchdog_count                                                  
0100a2dd  xdc_runtime_Error_policy__C                                     
0100a2de  ti_sysbios_heaps_HeapMem_Module__id__C                          
0100a2e0  UDMACC32XX_config                                               
0100a2f8  outPinTypes                                                     
0100a300  pwmTimerCC3220SHWAttrs                                          
0100a308  ti_sysbios_knl_Idle_funcList__A                                 
0100a310  ti_sysbios_knl_Idle_funcList__C                                 
0100a318  ti_sysbios_knl_Task_hooks__C                                    
0100a328  xdc_runtime_Startup_firstFxns__C                                
0100a330  xdc_runtime_Startup_lastFxns__C                                 
0100a33e  inPinTypes                                                      
0100a344  outPinStrengths                                                 
0100a34e  xdc_runtime_Memory_Module__id__C                                
0100a350  ti_sysbios_family_arm_m3_Hwi_E_alreadyDefined__C                
0100a354  ti_sysbios_family_arm_m3_Hwi_NUM_INTERRUPTS__C                  
0100a358  ti_sysbios_family_arm_m3_Hwi_Object__count__C                   
0100a35c  ti_sysbios_family_arm_m3_Hwi_ccr__C                             
0100a360  ti_sysbios_family_arm_m3_Hwi_excHandlerFunc__C                  
0100a364  ti_sysbios_family_arm_m3_Hwi_nullIsrFunc__C                     
0100a368  ti_sysbios_family_arm_m3_Hwi_priGroup__C                        
0100a36c  ti_sysbios_family_arm_m3_Hwi_swiDisable__C                      
0100a370  ti_sysbios_family_arm_m3_Hwi_swiRestoreHwi__C                   
0100a374  ti_sysbios_family_arm_m3_TaskSupport_stackAlignment__C          
0100a378  ti_sysbios_family_arm_m3_Timer_E_cannotSupport__C               
0100a37c  ti_sysbios_family_arm_m3_Timer_startupNeeded__C                 
0100a380  ti_sysbios_gates_GateMutex_Instance_State_sem__O                
0100a384  ti_sysbios_heaps_HeapMem_E_memory__C                            
0100a388  ti_sysbios_heaps_HeapMem_Module__gateObj__C                     
0100a38c  ti_sysbios_heaps_HeapMem_Object__count__C                       
0100a390  ti_sysbios_heaps_HeapMem_primaryHeapBaseAddr__C                 
0100a394  ti_sysbios_heaps_HeapMem_primaryHeapEndAddr__C                  
0100a398  ti_sysbios_heaps_HeapMem_reqAlign__C                            
0100a39c  ti_sysbios_knl_Clock_Module_State_clockQ__O                     
0100a3a0  ti_sysbios_knl_Clock_tickPeriod__C                              
0100a3a4  ti_sysbios_knl_Mailbox_Instance_State_freeQue__O                
0100a3a8  ti_sysbios_knl_Mailbox_Object__count__C                         
0100a3ac  ti_sysbios_knl_Mailbox_maxTypeAlign__C                          
0100a3b0  ti_sysbios_knl_Semaphore_Instance_State_pendQ__O                
0100a3b4  ti_sysbios_knl_Swi_Object__count__C                             
0100a3b8  ti_sysbios_knl_Task_Module_State_inactiveQ__O                   
0100a3bc  ti_sysbios_knl_Task_Object__count__C                            
0100a3c0  ti_sysbios_knl_Task_Object__heap__C                             
0100a3c4  ti_sysbios_knl_Task_allBlockedFunc__C                           
0100a3c8  ti_sysbios_knl_Task_defaultStackHeap__C                         
0100a3cc  ti_sysbios_knl_Task_defaultStackSize__C                         
0100a3d0  ti_sysbios_knl_Task_numConstructedTasks__C                      
0100a3d4  xdc_runtime_Error_E_memory__C                                   
0100a3d8  xdc_runtime_Error_policyFxn__C                                  
0100a3dc  xdc_runtime_IGateProvider_Interface__BASE__C                    
0100a3e0  xdc_runtime_IHeap_Interface__BASE__C                            
0100a3e4  xdc_runtime_IModule_Interface__BASE__C                          
0100a3e8  xdc_runtime_Memory_defaultHeapInstance__C                       
0100a3ec  xdc_runtime_Startup_execImpl__C                                 
0100a3f0  xdc_runtime_Startup_maxPasses__C                                
0100a3f4  xdc_runtime_Startup_sfxnRts__C                                  
0100a3f8  xdc_runtime_Startup_sfxnTab__C                                  
0100a3fc  xdc_runtime_SysCallback_abortFxn__C                             
0100a400  xdc_runtime_SysCallback_exitFxn__C                              
0100a404  xdc_runtime_System_Module__gateObj__C                           
0100a408  xdc_runtime_System_abortFxn__C                                  
0100a40c  xdc_runtime_System_exitFxn__C                                   
0100a410  xdc_runtime_System_maxAtexitHandlers__C                         
0100a414  xdc_runtime_Text_charTab__C                                     
0100a418  xdc_runtime_Text_nameEmpty__C                                   
0100a41c  xdc_runtime_Text_nameStatic__C                                  
0100a420  xdc_runtime_Text_nameUnknown__C                                 
0100a424  xdc_runtime_Text_charCnt__C                                     
0100a426  xdc_runtime_Text_isLoaded__C                                    
0100a428  xdc_runtime_Text_charTab__A                                     
0100a430  __TI_static_base__                                              
0100a6cc  __TI_Handler_Table_Base                                         
0100a6d8  __TI_Handler_Table_Limit                                        
0100a6e0  __TI_CINIT_Base                                                 
0100a6f0  __TI_CINIT_Limit                                                
20000000  ti_sysbios_family_arm_m3_Hwi_ramVectors                         
20000310  __primary_heap_start__                                          
20008310  __primary_heap_end__                                            
20008800  ti_sysbios_family_arm_m3_Hwi_dispatchTable                      
20008b10  ti_sysbios_knl_Task_Instance_State_0_stack__A                   
20008d10  PowerCC32XX_contextSave                                         
20008e3c  __CIOBUF_                                                       
20008f5c  __TI_tmpnams                                                    
20008ffc  timerCC3220SFObjects                                            
20009098  spiCC3220SDMAObjects                                            
20009120  i2cCC3220SObjects                                               
20009170  pwmTimerCC3220SObjects                                          
2000921c  parmbuf                                                         
20009224  switchers                                                       
2000922c  udmaCC3220SObject                                               
20009238  ctls                                                            
2000923c  master                                                          
20009240  spiCC3220SDMAscratchBuf                                         
20009248  sens_list                                                       
2000924c  sensor                                                          
20009250  ti_sysbios_knl_Task_Instance_State_0_hookEnv__A                 
20009258  PowerCC32XX_module                                              
200093c4  parkInfo                                                        
200094bc  _ftable                                                         
20009634  ti_sysbios_knl_Swi_Module_State_0_readyQ__A                     
200096b4  ti_sysbios_knl_Task_Module_State_0_readyQ__A                    
20009734  _device                                                         
200097ac  ti_sysbios_knl_Task_Object__table__V                            
20009808  ti_sysbios_gates_GateMutex_Object__table__V                     
2000985c  _stream                                                         
200098ac  ti_sysbios_knl_Task_Module__state__V                            
200098f4  ti_sysbios_family_arm_m3_Hwi_Module__state__V                   
20009928  ti_sysbios_family_arm_m3_Timer_Object__table__V                 
20009958  ti_sysbios_knl_Swi_Object__table__V                             
20009988  ti_sysbios_knl_Clock_Module__state__V                           
200099b4  ti_sysbios_BIOS_Module__state__V                                
200099d8  xdc_runtime_Error_IgnoreBlock                                   
200099f8  ti_sysbios_knl_Swi_Module__state__V                             
20009a14  gpioPinConfigs                                                  
20009a2c  ti_sysbios_family_arm_m3_Hwi_Object__table__V                   
20009a44  ti_sysbios_heaps_HeapMem_Object__table__V                       
20009a5c  __TI_ft_end                                                     
20009a60  __aeabi_stdin                                                   
20009a64  __aeabi_stdout                                                  
20009a68  __aeabi_stderr                                                  
20009a6c  __TI_cleanup_ptr                                                
20009a70  __TI_dtors_ptr                                                  
20009a74  __TI_enable_exit_profile_output                                 
20009a78  ti_sysbios_family_arm_m3_Timer_Module__state__V                 
20009a8e  ti_sysbios_family_arm_m3_Hwi_Module_State_0_excActive__A        
20009a90  _lock                                                           
20009a94  _unlock                                                         
20009a98  pid_scale                                                       
20009a9c  currentDuty                                                     
20009aa8  gpioCallbackFunctions                                           
20009ab0  ti_sysbios_family_arm_cc32xx_Seconds_Module__state__V           
20009ab8  ti_sysbios_family_arm_m3_Hwi_Module__root__V                    
20009ac0  ti_sysbios_gates_GateHwi_Module__root__V                        
20009ac8  ti_sysbios_gates_GateMutex_Module__root__V                      
20009ad0  ti_sysbios_heaps_HeapMem_Module__root__V                        
20009ad8  ti_sysbios_knl_Queue_Module__root__V                            
20009ae0  ti_sysbios_knl_Semaphore_Module__root__V                        
20009ae8  ti_sysbios_knl_Task_Module__root__V                             
20009af0  xdc_runtime_Startup_Module__state__V                            
20009af8  xdc_runtime_System_Module_State_0_atexitHandlers__A             
20009b00  xdc_runtime_System_Module__state__V                             
20009b08  main_func_sp                                                    
20009b0c  ti_sysbios_family_arm_m3_Hwi_Module_State_0_excContext__A       
20009b10  ti_sysbios_family_arm_m3_Hwi_Module_State_0_excStack__A         
20009b14  ti_sysbios_gates_GateHwi_Object__table__V                       
20009b18  ti_sysbios_knl_Task_Module_State_0_idleTask__A                  
20009b1c  ti_sysbios_rts_ti_ReentSupport_Module__state__V                 
20009b20  xdc_runtime_Memory_Module__state__V                             
2003fc00  __stack                                                         
20040000  __STACK_END                                                     
e000e000  ti_sysbios_family_arm_m3_Hwi_nvic                               
ffffffff  __TI_pprof_out_hndl                                             
ffffffff  __TI_prof_data_size                                             
ffffffff  __TI_prof_data_start                                            
ffffffff  __binit__                                                       
ffffffff  __c_args__                                                      
ffffffff  binit                                                           
UNDEFED   SHT$$INIT_ARRAY$$Base                                           
UNDEFED   SHT$$INIT_ARRAY$$Limit                                          

[713 symbols]
