******************************************************************************
                  TI ARM Linker PC v18.1.3                     
******************************************************************************
>> Linked Tue Dec 11 02:17:55 2018

OUTPUT FILE NAME:   <pid_controller_jimcomp.out>
ENTRY POINT SYMBOL: "_c_int00"  address: 01008051


MEMORY CONFIGURATION

         name            origin    length      used     unused   attr    fill
----------------------  --------  ---------  --------  --------  ----  --------
  FLASH_HDR             01000000   000007ff  00000000  000007ff  R  X
  FLASH                 01000800   000ff800  0000a604  000f51fc  R  X
  SRAM                  20000000   00040000  00009e68  00036198  RW X


SEGMENT ALLOCATION MAP

run origin  load origin   length   init length attrs members
----------  ----------- ---------- ----------- ----- -------
01000800    01000800    0000a610   0000a610    r-x
  01000800    01000800    0000003c   0000003c    r-- .resetVecs
  01000840    01000840    000098da   000098da    r-x .text
  0100a11c    0100a11c    00000a16   00000a16    r-- .const
  0100ab38    0100ab38    000002d8   000002d8    r-- .cinit
20000310    20000310    00008000   00000000    r--
  20000310    20000310    00008000   00000000    r-- .priheap
20008400    20008400    0000175f   00000000    rw-
  20008400    20008400    00000e71   00000000    rw- .bss
  20009274    20009274    000008eb   00000000    rw- .data
2003fc00    2003fc00    00000400   00000000    rw-
  2003fc00    2003fc00    00000400   00000000    rw- .stack


SECTION ALLOCATION MAP

 output                                  attributes/
section   page    origin      length       input sections
--------  ----  ----------  ----------   ----------------
.text      0    01000840    000098da     
                  01000840    00000a4a     rtsv7M4_T_le_eabi.lib : _printfi.c.obj (.text:__TI_printfi)
                  0100128a    00000002     drivers_cc32xx.aem4 : I2CCC32XX.oem4 (.text:I2CCC32XX_cancel)
                  0100128c    0000042c     driverlib.a : prcm.obj (.text:PRCMCC3200MCUInit)
                  010016b8    00000268     rtsv7M4_T_le_eabi.lib : _printfi.c.obj (.text:_pconv_a)
                  01001920    000001d0     drivers_cc32xx.aem4 : SPICC32XXDMA.oem4 (.text:SPICC32XXDMA_transfer)
                  01001af0    000001cc     rtsv7M4_T_le_eabi.lib : _printfi.c.obj (.text:_pconv_g)
                  01001cbc    000001c8     drivers_cc32xx.aem4 : GPIOCC32XX.oem4 (.text:GPIO_setConfig)
                  01001e84    000001b8                         : SPICC32XXDMA.oem4 (.text:configDMA)
                  0100203c    000001b6     rtsv7M4_T_le_eabi.lib : fd_add_t2.asm.obj (.text)
                  010021f2    00000002     drivers_cc32xx.aem4 : I2CCC32XX.oem4 (.text:I2CCC32XX_init)
                  010021f4    0000017c     controller-main.obj (.text:mainThread)
                  01002370    00000158     dpl_cc32xx.aem4 : PowerCC32XX_tirtos.oem4 (.text:PowerCC32XX_sleepPolicy)
                  010024c8    00000158     drivers_cc32xx.aem4 : SPICC32XXDMA.oem4 (.text:SPICC32XXDMA_open)
                  01002620    00000150                         : PowerCC32XX.oem4 (.text:parkPins)
                  01002770    0000013c     rtsv7M4_T_le_eabi.lib : _printfi.c.obj (.text:_pconv_e)
                  010028ac    0000013c     pid.obj (.text:control)
                  010029e8    00000136     rtsv7M4_T_le_eabi.lib : fd_div_t2.asm.obj (.text)
                  01002b1e    00000002     drivers_cc32xx.aem4 : PWMTimerCC32XX.oem4 (.text:PWMTimerCC32XX_init)
                  01002b20    00000134     rtsv7M4_T_le_eabi.lib : vla_alloc.c.obj (.text:__vla_alloc)
                  01002c54    00000004     dpl_cc32xx.aem4 : ClockP_tirtos.oem4 (.text:ClockP_getCpuFreq)
                  01002c58    00000130     sysbios.aem4 : BIOS.obj (.text:ti_sysbios_knl_Semaphore_pend__E)
                  01002d88    00000128     drivers_cc32xx.aem4 : TimerCC32XX.oem4 (.text:TimerCC32XX_open)
                  01002eb0    00000122                         : I2CCC32XX.oem4 (.text:I2CCC32XX_hwiFxn)
                  01002fd2    00000002                         : TimerCC32XX.oem4 (.text:TimerCC32XX_init)
                  01002fd4    00000120     rtsv7M4_T_le_eabi.lib : _printfi.c.obj (.text:fcvt)
                  010030f4    00000004     dpl_cc32xx.aem4 : HwiP_tirtos.oem4 (.text:HwiP_clearInterrupt)
                  010030f8    0000011c     sysbios.aem4 : BIOS.obj (.text:xdc_runtime_Startup_startMods__I)
                  01003214    00000118     drivers_cc32xx.aem4 : PowerCC32XX.oem4 (.text:Power_sleep)
                  0100332c    00000114     rtsv7M4_T_le_eabi.lib : fputs.c.obj (.text:fputs)
                  01003440    00000110     sysbios.aem4 : BIOS.obj (.text:ti_sysbios_knl_Task_postInit__I)
                  01003550    0000010c     drivers_cc32xx.aem4 : I2CCC32XX.oem4 (.text:I2CCC32XX_open)
                  0100365c    00000004     dpl_cc32xx.aem4 : HwiP_tirtos.oem4 (.text:HwiP_disable)
                  01003660    00000104     sysbios.aem4 : BIOS.obj (.text:ti_sysbios_knl_Task_Instance_finalize__E)
                  01003764    000000fc     rtsv7M4_T_le_eabi.lib : fd_mul_t2.asm.obj (.text)
                  01003860    000000fc     sysbios.aem4 : BIOS.obj (.text:ti_sysbios_knl_Task_Instance_init__E)
                  0100395c    000000f2     drivers_cc32xx.aem4 : SPICC32XXDMA.oem4 (.text:SPICC32XXDMA_transferCancel)
                  01003a4e    00000002     rtsv7M4_T_le_eabi.lib : _lock.c.obj (.text:_nop)
                  01003a50    000000f0     drivers_cc32xx.aem4 : PWMTimerCC32XX.oem4 (.text:PWMTimerCC32XX_open)
                  01003b40    000000ec     sysbios.aem4 : BIOS.obj (.text:pthread_create)
                  01003c2c    00000004     dpl_cc32xx.aem4 : HwiP_tirtos.oem4 (.text:HwiP_disableInterrupt)
                  01003c30    000000e0     sysbios.aem4 : BIOS.obj (.text:clock_gettime)
                  01003d10    000000dc     spi.obj (.text:read_spi)
                  01003dec    000000dc     sensor.obj (.text:sensor_init)
                  01003ec8    000000dc     rtsv7M4_T_le_eabi.lib : setvbuf.c.obj (.text:setvbuf)
                  01003fa4    000000d8     drivers_cc32xx.aem4 : SPICC32XXDMA.oem4 (.text:SPICC32XXDMA_close)
                  0100407c    000000d0     rtsv7M4_T_le_eabi.lib : s_scalbn.c.obj (.text:scalbn)
                  0100414c    000000d0     sysbios.aem4 : m3_Hwi_asm.obj (.text:ti_sysbios_family_arm_m3_Hwi_dispatch__I)
                  0100421c    00000004     dpl_cc32xx.aem4 : HwiP_tirtos.oem4 (.text:HwiP_enableInterrupt)
                  01004220    000000d0     sysbios.aem4 : BIOS.obj (.text:ti_sysbios_heaps_HeapMem_alloc__E)
                  010042f0    000000c8     drivers_cc32xx.aem4 : SPICC32XXDMA.oem4 (.text:spiHwiFxn)
                  010043b8    000000c4                         : GPIOCC32XX.oem4 (.text:GPIO_init)
                  0100447c    000000c4                         : PWMTimerCC32XX.oem4 (.text:PWMTimerCC32XX_stop)
                  01004540    000000c4     sysbios.aem4 : BIOS.obj (.text:ti_sysbios_knl_Task_sleep__E)
                  01004604    00000004     drivers_cc32xx.aem4 : SPICC32XXDMA.oem4 (.text:SPICC32XXDMA_init)
                  01004608    000000bc     sysbios.aem4 : BIOS.obj (.text:xdc_runtime_Core_createObject__I)
                  010046c4    000000b8     drivers_cc32xx.aem4 : PWMTimerCC32XX.oem4 (.text:PWMTimerCC32XX_setDuty)
                  0100477c    000000b8     pid.obj (.text:controller_init)
                  01004834    000000b4     drivers_cc32xx.aem4 : PowerCC32XX.oem4 (.text:restoreParkedPins)
                  010048e8    000000b1     rtsv7M4_T_le_eabi.lib : _printfi.c.obj (.text:_ltostr)
                  01004999    00000001     --HOLE-- [fill = 0]
                  0100499a    00000002                           : div0.asm.obj (.text)
                  0100499c    000000b0     Rotary Encoder.obj (.text:encoder_transition)
                  01004a4c    000000ac     i2c.obj (.text:writeToLCD)
                  01004af8    000000a8     driverlib.a : prcm.obj (.text:PRCMPeripheralClockGet)
                  01004ba0    000000a8     drivers_cc32xx.aem4 : PowerCC32XX.oem4 (.text:PowerCC32XX_configureWakeup)
                  01004c48    000000a4                         : I2CCC32XX.oem4 (.text:I2CCC32XX_transfer)
                  01004cec    000000a4                         : PWMTimerCC32XX.oem4 (.text:initHw)
                  01004d90    000000a4     sysbios.aem4 : BIOS.obj (.text:ti_sysbios_knl_Task_setPri__E)
                  01004e34    000000a0     auto_init.aem4 : auto_init.oem4 (.text)
                  01004ed4    00000004     dpl_cc32xx.aem4 : SemaphoreP_tirtos.oem4 (.text:SemaphoreP_post)
                  01004ed8    0000009c     sysbios.aem4 : BIOS.obj (.text:_pthread_removeThreadKeys)
                  01004f74    0000009c     rtsv7M4_T_le_eabi.lib : memcpy_t2.asm.obj (.text)
                  01005010    00000098     drivers_cc32xx.aem4 : PWMTimerCC32XX.oem4 (.text:PWMTimerCC32XX_setPeriod)
                  010050a8    00000098                         : GPIOCC32XX.oem4 (.text:powerNotifyFxn)
                  01005140    00000098     sysbios.aem4 : BIOS.obj (.text:ti_sysbios_family_arm_m3_Hwi_Instance_init__E)
                  010051d8    00000096     rtsv7M4_T_le_eabi.lib : ull_div_t2.asm.obj (.text)
                  0100526e    00000002     release_pem4.oem4 (.text:ti_sysbios_BIOS_nullFunc__I)
                  01005270    00000094     drivers_cc32xx.aem4 : SPICC32XXDMA.oem4 (.text:initHw)
                  01005304    00000004     rtsv7M4_T_le_eabi.lib : error.c.obj (.text:__abort_execution)
                  01005308    00000094     sysbios.aem4 : BIOS.obj (.text:ti_sysbios_knl_Task_exit__E)
                  0100539c    00000092     rtsv7M4_T_le_eabi.lib : fs_div_t2.asm.obj (.text)
                  0100542e    00000002     release_pem4.oem4 (.text:xdc_runtime_Startup_reset__I)
                  01005430    00000090     i2c.obj (.text:initLCD)
                  010054c0    00000090     drivers_cc32xx.aem4 : PowerCC32XX.oem4 (.text:restoreNVICRegs)
                  01005550    00000090     sysbios.aem4 : BIOS.obj (.text:ti_sysbios_knl_Task_Module_startup__E)
                  010055e0    0000008c     drivers_cc32xx.aem4 : I2CCC32XX.oem4 (.text:I2CCC32XX_close)
                  0100566c    0000008c     rtsv7M4_T_le_eabi.lib : fputc.c.obj (.text:fputc)
                  010056f8    0000008c     sysbios.aem4 : BIOS.obj (.text:xdc_runtime_Memory_alloc__E)
                  01005784    00000088     drivers_cc32xx.aem4 : PWMTimerCC32XX.oem4 (.text:PWMTimerCC32XX_close)
                  0100580c    00000088     driverlib.a : pin.obj (.text:PinConfigSet)
                  01005894    00000088     pwm.obj (.text:init_pwm)
                  0100591c    00000004     rtsv7M4_T_le_eabi.lib : printf.c.obj (.text:_outc)
                  01005920    00000088     sysbios.aem4 : BIOS.obj (.text:ti_sysbios_family_arm_m3_Hwi_initNVIC__E)
                  010059a8    00000088                  : BIOS.obj (.text:ti_sysbios_family_arm_m3_TaskSupport_start__E)
                  01005a30    00000086     drivers_cc32xx.aem4 : I2CCC32XX.oem4 (.text:I2CCC32XX_primeTransfer)
                  01005ab6    00000086     rtsv7M4_T_le_eabi.lib : fd_cmp_t2.asm.obj (.text:__aeabi_cdcmple)
                  01005b3c    00000086                           : fd_cmp_t2.asm.obj (.text:__aeabi_cdrcmple)
                  01005bc2    00000006     drivers_cc32xx.aem4 : I2CCC32XX.oem4 (.text:I2CCC32XX_control)
                  01005bc8    00000086     sysbios.aem4 : BIOS.obj (.text:xdc_runtime_Core_constructObject__I)
                  01005c4e    00000002     --HOLE-- [fill = 0]
                  01005c50    00000084     drivers_cc32xx.aem4 : PowerCC32XX.oem4 (.text:Power_init)
                  01005cd4    00000084                         : PowerCC32XX.oem4 (.text:saveNVICRegs)
                  01005d58    00000084     sysbios.aem4 : BIOS.obj (.text:ti_sysbios_family_arm_m3_Hwi_postInit__I)
                  01005ddc    00000004     rtsv7M4_T_le_eabi.lib : printf.c.obj (.text:_outs)
                  01005de0    00000084     sysbios.aem4 : BIOS.obj (.text:ti_sysbios_heaps_HeapMem_free__E)
                  01005e64    00000080     drivers_cc32xx.aem4 : PowerCC32XX.oem4 (.text:Power_setDependency)
                  01005ee4    00000004     rtsv7M4_T_le_eabi.lib : exit.c.obj (.text:abort:abort)
                  01005ee8    00000080     sysbios.aem4 : BIOS.obj (.text:ti_sysbios_knl_Clock_workFunc__E)
                  01005f68    0000007c     drivers_cc32xx.aem4 : UDMACC32XX.oem4 (.text:UDMACC32XX_open)
                  01005fe4    0000007a     rtsv7M4_T_le_eabi.lib : fs_mul_t2.asm.obj (.text)
                  0100605e    0000007a                           : memset_t2.asm.obj (.text)
                  010060d8    00000078     drivers_cc32xx.aem4 : GPIOCC32XX.oem4 (.text:GPIO_hwiIntFxn)
                  01006150    00000078                         : TimerCC32XX.oem4 (.text:TimerCC32XX_start)
                  010061c8    00000078     rtsv7M4_T_le_eabi.lib : vla_alloc.c.obj (.text:_ZN33_INTERNAL_11_vla_alloc_c_be8bd49b21free_dead_allocationsEPv)
                  01006240    00000078                           : vla_alloc.c.obj (.text:__vla_dealloc)
                  010062b8    00000074                           : fclose.c.obj (.text:__TI_closefile)
                  0100632c    00000004     release_pem4.oem4 (.text:ti_sysbios_BIOS_RtsGateProxy_enter__E)
                  01006330    00000074     sysbios.aem4 : BIOS.obj (.text:xdc_runtime_Core_deleteObject__I)
                  010063a4    00000004     release_pem4.oem4 (.text:ti_sysbios_BIOS_RtsGateProxy_leave__E)
                  010063a8    00000070     sysbios.aem4 : BIOS.obj (.text:ti_sysbios_heaps_HeapMem_initPrimary__I)
                  01006418    0000006e     rtsv7M4_T_le_eabi.lib : _printfi.c.obj (.text:_mcpy)
                  01006486    00000002     --HOLE-- [fill = 0]
                  01006488    0000006c     sysbios.aem4 : BIOS.obj (.text:ti_sysbios_knl_Swi_restoreHwi__E)
                  010064f4    0000006a     filter.obj (.text:avg_filter)
                  0100655e    00000002     --HOLE-- [fill = 0]
                  01006560    00000068     rtsv7M4_T_le_eabi.lib : hostlseek.c.obj (.text:HOSTlseek)
                  010065c8    00000068                           : hostrename.c.obj (.text:HOSTrename)
                  01006630    00000068     drivers_cc32xx.aem4 : PWMTimerCC32XX.oem4 (.text:PWMTimerCC32XX_start)
                  01006698    00000068     i2c.obj (.text:command)
                  01006700    00000068     rtsv7M4_T_le_eabi.lib : copy_decompress_lzss.c.obj (.text:decompress:lzss:__TI_decompress_lzss)
                  01006768    00000068     drivers_cc32xx.aem4 : I2CCC32XX.oem4 (.text:initHw)
                  010067d0    00000068     rtsv7M4_T_le_eabi.lib : printf.c.obj (.text:printf)
                  01006838    00000068     sysbios.aem4 : BIOS.obj (.text:pthread_exit)
                  010068a0    00000064     drivers_cc32xx.aem4 : GPIOCC32XX.oem4 (.text:GPIO_toggle)
                  01006904    00000064                         : PowerCC32XX.oem4 (.text:PowerCC32XX_setParkState)
                  01006968    00000064     rtsv7M4_T_le_eabi.lib : fseek.c.obj (.text:fseek)
                  010069cc    00000064     main_tirtos.obj (.text:main)
                  01006a30    00000064     sysbios.aem4 : BIOS.obj (.text:ti_sysbios_family_arm_m3_Hwi_dispatchC__I)
                  01006a94    00000062     rtsv7M4_T_le_eabi.lib : _io_perm.c.obj (.text:__TI_wrt_ok)
                  01006af6    00000002     --HOLE-- [fill = 0]
                  01006af8    00000060                           : hostopen.c.obj (.text:HOSTopen)
                  01006b58    00000060     driverlib.a : prcm.obj (.text:PRCMSysResetCauseGet)
                  01006bb8    00000060     sysbios.aem4 : BIOS.obj (.text:ti_sysbios_knl_Semaphore_post__E)
                  01006c18    00000060                  : BIOS.obj (.text:ti_sysbios_knl_Swi_run__I)
                  01006c78    0000005c     rtsv7M4_T_le_eabi.lib : close.c.obj (.text:close)
                  01006cd4    0000005c                           : s_frexp.c.obj (.text:frexp)
                  01006d30    0000005c     pid.obj (.text:set_coefficients)
                  01006d8c    00000004     release_pem4.oem4 (.text:ti_sysbios_family_arm_m3_Hwi_delete)
                  01006d90    0000005c     sysbios.aem4 : BIOS.obj (.text:ti_sysbios_family_arm_m3_Timer_start__E)
                  01006dec    00000004     release_pem4.oem4 (.text:ti_sysbios_family_arm_m3_TaskSupport_Module__startupDone__S)
                  01006df0    0000005c     sysbios.aem4 : BIOS.obj (.text:ti_sysbios_knl_Swi_schedule__I)
                  01006e4c    00000004     release_pem4.oem4 (.text:ti_sysbios_heaps_HeapMem_Module_GateProxy_enter__E)
                  01006e50    0000005c     sysbios.aem4 : BIOS.obj (.text:ti_sysbios_knl_Task_startCore__E)
                  01006eac    00000004     release_pem4.oem4 (.text:ti_sysbios_heaps_HeapMem_Module_GateProxy_leave__E)
                  01006eb0    0000005c     sysbios.aem4 : BIOS.obj (.text:xdc_runtime_Startup_exec__E)
                  01006f0c    00000058     drivers_cc32xx.aem4 : GPIOCC32XX.oem4 (.text:GPIO_setCallback)
                  01006f64    00000058     rtsv7M4_T_le_eabi.lib : hostread.c.obj (.text:HOSTread)
                  01006fbc    00000058                           : hostwrite.c.obj (.text:HOSTwrite)
                  01007014    00000058     driverlib.a : prcm.obj (.text:PRCMPeripheralReset)
                  0100706c    00000058     drivers_cc32xx.aem4 : PowerCC32XX.oem4 (.text:Power_releaseDependency)
                  010070c4    00000004     release_pem4.oem4 (.text:ti_sysbios_knl_Clock_TimerProxy_getMaxTicks__E)
                  010070c8    00000058     sysbios.aem4 : BIOS.obj (.text:ti_sysbios_family_arm_cc32xx_Seconds_getCount__I)
                  01007120    00000056     drivers_cc32xx.aem4 : TimerCC32XX.oem4 (.text:TimerCC32XX_stop)
                  01007176    00000056     rtsv7M4_T_le_eabi.lib : _printfi.c.obj (.text:_pconv_f)
                  010071cc    00000054                           : ltoa.c.obj (.text:ltoa)
                  01007220    00000054     release_pem4.oem4 (.text:ti_sysbios_family_arm_m3_Hwi_create)
                  01007274    00000004     release_pem4.oem4 (.text:ti_sysbios_knl_Clock_TimerProxy_setPeriodMicroSecs__E)
                  01007278    00000054     sysbios.aem4 : BIOS.obj (.text:ti_sysbios_family_arm_m3_Timer_setPeriod__E)
                  010072cc    00000004     release_pem4.oem4 (.text:ti_sysbios_knl_Clock_TimerProxy_start__E)
                  010072d0    00000054     sysbios.aem4 : BIOS.obj (.text:xdc_runtime_Core_assignLabel__I)
                  01007324    00000052     drivers_cc32xx.aem4 : PowerCC32XX.oem4 (.text:PowerCC32XX_parkPin)
                  01007376    00000052                         : PowerCC32XX_asm.oem4 (.text:PowerCC32XX_resumeLPDS)
                  010073c8    00000052     rtsv7M4_T_le_eabi.lib : _printfi.c.obj (.text:_ecpy)
                  0100741a    00000052     drivers_cc32xx.aem4 : TimerCC32XX.oem4 (.text:initHw)
                  0100746c    00000050                         : TimerCC32XX.oem4 (.text:TimerCC32XX_allocateTimerResource)
                  010074bc    00000050     timer.obj (.text:init_timer)
                  0100750c    00000004     release_pem4.oem4 (.text:ti_sysbios_knl_Clock_TimerProxy_stop__E)
                  01007510    00000050     sysbios.aem4 : BIOS.obj (.text:ti_sysbios_family_arm_cc32xx_Seconds_getTime__E)
                  01007560    00000050                  : BIOS.obj (.text:ti_sysbios_family_arm_m3_Hwi_Module_startup__E)
                  010075b0    00000050     release_pem4.oem4 (.text:ti_sysbios_knl_Task_create)
                  01007600    0000004e     sensor.obj (.text:filter)
                  0100764e    00000002     --HOLE-- [fill = 0]
                  01007650    0000004c     drivers_cc32xx.aem4 : GPIOCC32XX.oem4 (.text:GPIO_disableInt)
                  0100769c    0000004c                         : GPIOCC32XX.oem4 (.text:GPIO_enableInt)
                  010076e8    0000004c                         : I2CCC32XX.oem4 (.text:I2CCC32XX_completeTransfer)
                  01007734    0000004c     rtsv7M4_T_le_eabi.lib : fflush.c.obj (.text:__TI_doflush)
                  01007780    0000004c                           : atoi.c.obj (.text:atoi)
                  010077cc    0000004c                           : cpy_tbl.c.obj (.text:copy_in)
                  01007818    0000004c     drivers_cc32xx.aem4 : PWMTimerCC32XX.oem4 (.text:getDutyCounts)
                  01007864    0000004c                         : PWMTimerCC32XX.oem4 (.text:getPeriodCounts)
                  010078b0    0000004c                         : PowerCC32XX.oem4 (.text:restorePeriphClocks)
                  010078fc    00000004     release_pem4.oem4 (.text:ti_sysbios_knl_Semaphore_delete)
                  01007900    0000004c     sysbios.aem4 : BIOS.obj (.text:ti_sysbios_heaps_HeapMem_getStats__E)
                  0100794c    00000004     release_pem4.oem4 (.text:ti_sysbios_knl_Task_delete)
                  01007950    0000004c     sysbios.aem4 : BIOS.obj (.text:ti_sysbios_knl_Swi_runLoop__I)
                  0100799c    00000004     release_pem4.oem4 (.text:xdc_runtime_System_Module_GateProxy_enter__E)
                  010079a0    0000004c     sysbios.aem4 : BIOS.obj (.text:ti_sysbios_knl_Task_allBlockedFunction__I)
                  010079ec    00000004     release_pem4.oem4 (.text:xdc_runtime_System_Module_GateProxy_leave__E)
                  010079f0    0000004c     sysbios.aem4 : BIOS.obj (.text:ti_sysbios_knl_Task_schedule__I)
                  01007a3c    00000048     driverlib.a : flash.obj (.text:FlashDisable)
                  01007a84    00000048                 : prcm.obj (.text:PRCMLPDSEnter)
                  01007acc    00000048                 : prcm.obj (.text:PRCMPeripheralClkEnable)
                  01007b14    00000048     drivers_cc32xx.aem4 : PowerCC32XX.oem4 (.text:Power_releaseConstraint)
                  01007b5c    00000048     rtsv7M4_T_le_eabi.lib : fd_toi_t2.asm.obj (.text)
                  01007ba4    00000048     sensor.obj (.text:sensor_read)
                  01007bec    00000004     --HOLE-- [fill = 0]
                  01007bf0    00000048     sysbios.aem4 : BIOS.obj (.text:ti_sysbios_family_arm_m3_Hwi_disableInterrupt__E)
                  01007c38    00000048                  : BIOS.obj (.text:ti_sysbios_family_arm_m3_Hwi_enableInterrupt__E)
                  01007c80    00000048                  : m3_Hwi_asm_switch.obj (.text:ti_sysbios_family_arm_m3_Hwi_initStacks__E)
                  01007cc8    00000048                  : BIOS.obj (.text:ti_sysbios_family_arm_m3_Timer_initDevice__I)
                  01007d10    00000048                  : BIOS.obj (.text:ti_sysbios_knl_Mailbox_Module_startup__E)
                  01007d58    00000048                  : BIOS.obj (.text:xdc_runtime_Core_assignParams__I)
                  01007da0    00000048     controller-main.obj (.text:zero_crossing_lineup)
                  01007de8    00000046     drivers_cc32xx.aem4 : TimerCC32XX.oem4 (.text:getPrescaler)
                  01007e2e    00000002     --HOLE-- [fill = 0]
                  01007e30    00000044     rtsv7M4_T_le_eabi.lib : hostclose.c.obj (.text:HOSTclose)
                  01007e74    00000044                           : hostunlink.c.obj (.text:HOSTunlink)
                  01007eb8    00000044     drivers_cc32xx.aem4 : I2C.oem4 (.text:I2C_init)
                  01007efc    00000044     driverlib.a : prcm.obj (.text:PRCMLPDSRestoreInfoSet)
                  01007f40    00000044     drivers_cc32xx.aem4 : PWM.oem4 (.text:PWM_init)
                  01007f84    00000044                         : PowerCC32XX_asm.oem4 (.text:PowerCC32XX_enterLPDS)
                  01007fc8    00000044                         : SPI.oem4 (.text:SPI_init)
                  0100800c    00000044                         : Timer.oem4 (.text:Timer_init)
                  01008050    00000044     boot.aem4 : boot.oem4 (.text)
                  01008094    00000044     rtsv7M4_T_le_eabi.lib : getdevice.c.obj (.text:getdevice)
                  010080d8    00000044     sysbios.aem4 : BIOS.obj (.text:ti_sysbios_family_arm_m3_Hwi_getStackInfo__E)
                  0100811c    00000004     --HOLE-- [fill = 0]
                  01008120    00000044                  : BIOS.obj (.text:ti_sysbios_knl_Mailbox_postInit__I)
                  01008164    00000004     --HOLE-- [fill = 0]
                  01008168    00000044                  : BIOS.obj (.text:ti_sysbios_knl_Swi_post__E)
                  010081ac    00000004     --HOLE-- [fill = 0]
                  010081b0    00000044                  : BIOS.obj (.text:xdc_runtime_System_atexit__E)
                  010081f4    00000040     dpl_cc32xx.aem4 : HwiP_tirtos.oem4 (.text:HwiP_create)
                  01008234    00000040     driverlib.a : pin.obj (.text:PinModeSet)
                  01008274    00000040     drivers_cc32xx.aem4 : UDMACC32XX.oem4 (.text:UDMACC32XX_init)
                  010082b4    00000040     i2c.obj (.text:init_i2c)
                  010082f4    00000040     spi.obj (.text:init_spi)
                  01008334    00000040     sensor.obj (.text:sensor_get_avg)
                  01008374    00000040     rtsv7M4_T_le_eabi.lib : sprintf.c.obj (.text:sprintf)
                  010083b4    00000004     --HOLE-- [fill = 0]
                  010083b8    00000040     sysbios.aem4 : BIOS.obj (.text:ti_sysbios_heaps_HeapMem_Instance_init__E)
                  010083f8    0000003e     rtsv7M4_T_le_eabi.lib : _printfi.c.obj (.text:_fcpy)
                  01008436    0000003e     release_pem4.oem4 (.text:realloc)
                  01008474    0000003c     drivers_cc32xx.aem4 : I2C.oem4 (.text:I2C_open)
                  010084b0    0000003c                         : PWM.oem4 (.text:PWM_open)
                  010084ec    0000003c                         : PowerCC32XX.oem4 (.text:Power_setConstraint)
                  01008528    0000003c                         : SPI.oem4 (.text:SPI_open)
                  01008564    0000003c     dpl_cc32xx.aem4 : SemaphoreP_tirtos.oem4 (.text:SemaphoreP_create)
                  010085a0    0000003c     drivers_cc32xx.aem4 : Timer.oem4 (.text:Timer_open)
                  010085dc    0000003c     dpl_cc32xx.aem4 : PowerCC32XX_tirtos.oem4 (.text:getCountsRTC)
                  01008618    0000003c     gpio.obj (.text:init_gpio)
                  01008654    0000003c     i2c.obj (.text:setCursor)
                  01008690    0000003c     sysbios.aem4 : BIOS.obj (.text:ti_sysbios_family_arm_m3_Hwi_Instance_finalize__E)
                  010086cc    00000004     --HOLE-- [fill = 0]
                  010086d0    0000003c                  : BIOS.obj (.text:ti_sysbios_family_arm_m3_Timer_setPeriodMicroSecs__E)
                  0100870c    00000004     --HOLE-- [fill = 0]
                  01008710    0000003c                  : BIOS.obj (.text:ti_sysbios_knl_Clock_walkQueuePeriodic__E)
                  0100874c    00000004     --HOLE-- [fill = 0]
                  01008750    0000003c                  : BIOS.obj (.text:ti_sysbios_knl_Swi_restore__E)
                  0100878c    00000004     --HOLE-- [fill = 0]
                  01008790    0000003c                  : BIOS.obj (.text:xdc_runtime_System_processAtExit__E)
                  010087cc    0000003a     drivers_cc32xx.aem4 : TimerCC32XX.oem4 (.text:TimerCC32XX_close)
                  01008806    0000003a     filter.obj (.text:ema_filter)
                  01008840    0000003a     drivers_cc32xx.aem4 : PWMTimerCC32XX.oem4 (.text:getPowerMgrId)
                  0100887a    00000002     --HOLE-- [fill = 0]
                  0100887c    00000038                         : GPIOCC32XX.oem4 (.text:GPIO_read)
                  010088b4    00000038     driverlib.a : prcm.obj (.text:PRCMLPDSEnterKeepDebugIf)
                  010088ec    00000038     rtsv7M4_T_le_eabi.lib : trgmsg.c.obj (.text:__TI_writemsg)
                  01008924    00000038     drivers_cc32xx.aem4 : PowerCC32XX.oem4 (.text:notify)
                  0100895c    00000038     rtsv7M4_T_le_eabi.lib : fs_tod_t2.asm.obj (.text)
                  01008994    00000038                           : fs_toi_t2.asm.obj (.text)
                  010089cc    00000038                           : i_tofs_t2.asm.obj (.text)
                  01008a04    00000004     --HOLE-- [fill = 0]
                  01008a08    00000038     sysbios.aem4 : BIOS.obj (.text:ti_sysbios_knl_Task_processVitalTaskFlag__I)
                  01008a40    00000038                  : BIOS.obj (.text:usleep)
                  01008a78    00000036     drivers_cc32xx.aem4 : PowerCC32XX.oem4 (.text:PowerCC32XX_restoreParkedPin)
                  01008aae    00000036                         : TimerCC32XX.oem4 (.text:TimerCC32XX_hwiIntFunction)
                  01008ae4    00000036     driverlib.a : timer.obj (.text:TimerControlStall)
                  01008b1a    00000036     sensor.obj (.text:sensor_get_data)
                  01008b50    00000036     rtsv7M4_T_le_eabi.lib : strncpy.c.obj (.text:strncpy)
                  01008b86    00000002     --HOLE-- [fill = 0]
                  01008b88    00000034     driverlib.a : pin.obj (.text:PinModeGet)
                  01008bbc    00000034     drivers_cc32xx.aem4 : TimerCC32XX.oem4 (.text:TimerCC32XX_freeTimerResource)
                  01008bf0    00000034                         : UDMACC32XX.oem4 (.text:UDMACC32XX_close)
                  01008c24    00000034     rtsv7M4_T_le_eabi.lib : fopen.c.obj (.text:__TI_cleanup)
                  01008c58    00000034                           : trgmsg.c.obj (.text:__TI_readmsg)
                  01008c8c    00000004     --HOLE-- [fill = 0]
                  01008c90    00000034     sysbios.aem4 : BIOS.obj (.text:_pthread_delete$41)
                  01008cc4    00000034     drivers_cc32xx.aem4 : TimerCC32XX.oem4 (.text:getPowerMgrId)
                  01008cf8    00000034     sysbios.aem4 : BIOS.obj (.text:ti_sysbios_family_arm_m3_Timer_periodicStub__I)
                  01008d2c    00000034     release_pem4.oem4 (.text:ti_sysbios_knl_Semaphore_create)
                  01008d60    00000032     sysbios.aem4 : BIOS.obj (.text:ti_sysbios_hal_Hwi_initStack)
                  01008d92    00000002     --HOLE-- [fill = 0]
                  01008d94    00000030     rtsv7M4_T_le_eabi.lib : getdevice.c.obj (.text:finddevice)
                  01008dc4    00000030     release_pem4.oem4 (.text:ti_sysbios_BIOS_atExitFunc__I)
                  01008df4    00000030     release_pem4.oem4 (.text:ti_sysbios_BIOS_startFunc__I)
                  01008e24    00000030     release_pem4.oem4 (.text:ti_sysbios_gates_GateHwi_Object__create__S)
                  01008e54    00000030     release_pem4.oem4 (.text:ti_sysbios_gates_GateMutex_Object__create__S)
                  01008e84    00000004     --HOLE-- [fill = 0]
                  01008e88    00000030     sysbios.aem4 : BIOS.obj (.text:ti_sysbios_gates_GateMutex_enter__E)
                  01008eb8    00000030     release_pem4.oem4 (.text:ti_sysbios_heaps_HeapMem_Object__create__S)
                  01008ee8    00000030     release_pem4.oem4 (.text:ti_sysbios_knl_Semaphore_construct)
                  01008f18    00000030     sysbios.aem4 : BIOS.obj (.text:ti_sysbios_knl_Semaphore_pendTimeout__I)
                  01008f48    00000030                  : BIOS.obj (.text:ti_sysbios_knl_Task_restore__E)
                  01008f78    00000030                  : BIOS.obj (.text:ti_sysbios_knl_Task_unblockI__E)
                  01008fa8    0000002e     rtsv7M4_T_le_eabi.lib : i_tofd_t2.asm.obj (.text)
                  01008fd6    0000002e     release_pem4.oem4 (.text:ti_sysbios_rts_MemAlloc_alloc)
                  01009004    0000002c     dpl_cc32xx.aem4 : SemaphoreP_tirtos.oem4 (.text:SemaphoreP_createBinary)
                  01009030    0000002c     sysbios.aem4 : BIOS.obj (.text:_pthread_cleanupFxn)
                  0100905c    00000004     --HOLE-- [fill = 0]
                  01009060    0000002c                  : BIOS.obj (.text:clockFxn$39)
                  0100908c    0000002c     filter.obj (.text:init_avg_filter)
                  010090b8    0000002c     controller-main.obj (.text:init_sensor)
                  010090e4    0000002c     release_pem4.oem4 (.text:ti_sysbios_knl_Clock_doTick__I)
                  01009110    0000002c     release_pem4.oem4 (.text:ti_sysbios_knl_Queue_construct)
                  0100913c    0000002c     spi.obj (.text:transfer)
                  01009168    0000002c     rtsv7M4_T_le_eabi.lib : unlink.c.obj (.text:unlink)
                  01009194    0000002a     driverlib.a : timer.obj (.text:TimerLoadSet)
                  010091be    0000002a                 : timer.obj (.text:TimerPrescaleSet)
                  010091e8    0000002a     release_pem4.oem4 (.text:calloc)
                  01009212    00000002     --HOLE-- [fill = 0]
                  01009214    00000028     driverlib.a : prcm.obj (.text:PRCMPeripheralClkDisable)
                  0100923c    00000028     dpl_cc32xx.aem4 : PowerCC32XX_tirtos.oem4 (.text:PowerCC32XX_initPolicy)
                  01009264    00000028     drivers_cc32xx.aem4 : PowerCC32XX.oem4 (.text:Power_registerNotify)
                  0100928c    00000028     fixed_point.obj (.text:fp32_mul)
                  010092b4    00000028     rtsv7M4_T_le_eabi.lib : lseek.c.obj (.text:lseek)
                  010092dc    00000004     --HOLE-- [fill = 0]
                  010092e0    00000028     sysbios.aem4 : BIOS.obj (.text:ti_sysbios_knl_Clock_addI__E)
                  01009308    00000028                  : BIOS.obj (.text:ti_sysbios_knl_Swi_Module_startup__E)
                  01009330    00000028     rtsv7M4_T_le_eabi.lib : write.c.obj (.text:write)
                  01009358    00000026     drivers_cc32xx.aem4 : List.oem4 (.text:List_put)
                  0100937e    00000026                         : List.oem4 (.text:List_remove)
                  010093a4    00000024     controller-main.obj (.text:init_controller)
                  010093c8    00000024     filter.obj (.text:init_ema_filter)
                  010093ec    00000004     --HOLE-- [fill = 0]
                  010093f0    00000024     sysbios.aem4 : BIOS.obj (.text:pthread_attr_init)
                  01009414    00000024     release_pem4.oem4 (.text:ti_sysbios_BIOS_registerRTSLock__I)
                  01009438    00000024     release_pem4.oem4 (.text:ti_sysbios_BIOS_removeRTSLock__I)
                  0100945c    00000004     --HOLE-- [fill = 0]
                  01009460    00000024     sysbios.aem4 : BIOS.obj (.text:ti_sysbios_family_arm_m3_Timer_postInit__I)
                  01009484    00000004     --HOLE-- [fill = 0]
                  01009488    00000024                  : BIOS.obj (.text:ti_sysbios_family_arm_m3_Timer_startup__E)
                  010094ac    00000024     release_pem4.oem4 (.text:ti_sysbios_gates_GateMutex_Object__delete__S)
                  010094d0    00000024     sysbios.aem4 : BIOS.obj (.text:ti_sysbios_knl_Clock_Module_startup__E)
                  010094f4    00000004     --HOLE-- [fill = 0]
                  010094f8    00000024                  : BIOS.obj (.text:ti_sysbios_knl_Semaphore_Instance_init__E)
                  0100951c    00000024     release_pem4.oem4 (.text:ti_sysbios_knl_Semaphore_Object__delete__S)
                  01009540    00000024     sysbios.aem4 : BIOS.obj (.text:ti_sysbios_knl_Task_restoreHwi__E)
                  01009564    00000004     --HOLE-- [fill = 0]
                  01009568    00000024                  : BIOS.obj (.text:xdc_runtime_Error_policyMin__E)
                  0100958c    00000022     pid.obj (.text:set_limits)
                  010095ae    00000002     --HOLE-- [fill = 0]
                  010095b0    00000020     drivers_cc32xx.aem4 : PowerCC32XX.oem4 (.text:Power_unregisterNotify)
                  010095d0    00000020                         : SPICC32XXDMA.oem4 (.text:getPowerMgrId)
                  010095f0    00000020     rtsv7M4_T_le_eabi.lib : memchr.c.obj (.text:memchr)
                  01009610    00000020     release_pem4.oem4 (.text:ti_sysbios_BIOS_rtsLock__I)
                  01009630    00000020     release_pem4.oem4 (.text:ti_sysbios_family_arm_m3_Hwi_Object__delete__S)
                  01009650    00000020     sysbios.aem4 : BIOS.obj (.text:ti_sysbios_family_arm_m3_Hwi_clearInterrupt__E)
                  01009670    00000020                  : m3_Hwi_asm.obj (.text:ti_sysbios_family_arm_m3_Hwi_excHandlerAsm__I)
                  01009690    00000020                  : BIOS.obj (.text:ti_sysbios_family_arm_m3_Hwi_excHandler__I)
                  010096b0    00000020     release_pem4.oem4 (.text:ti_sysbios_gates_GateHwi_Object__delete__S)
                  010096d0    00000020     release_pem4.oem4 (.text:ti_sysbios_heaps_HeapMem_Object__delete__S)
                  010096f0    00000020     sysbios.aem4 : BIOS.obj (.text:ti_sysbios_knl_Idle_run__E)
                  01009710    00000020     release_pem4.oem4 (.text:ti_sysbios_knl_Semaphore_destruct)
                  01009730    00000020     release_pem4.oem4 (.text:ti_sysbios_knl_Task_Object__delete__S)
                  01009750    0000001e     driverlib.a : timer.obj (.text:TimerDisable)
                  0100976e    0000001e                 : timer.obj (.text:TimerEnable)
                  0100978c    0000001e     filter.obj (.text:get_mv_avg)
                  010097aa    0000001e     drivers_cc32xx.aem4 : UDMACC32XX.oem4 (.text:postNotifyFxn)
                  010097c8    0000001e     sysbios.aem4 : m3_Hwi_asm_switch.obj (.text:ti_sysbios_family_xxx_Hwi_switchAndRunFunc)
                  010097e6    00000002     --HOLE-- [fill = 0]
                  010097e8    0000001c     driverlib.a : pin.obj (.text:PinToPadGet)
                  01009804    0000001c     rtsv7M4_T_le_eabi.lib : memccpy.c.obj (.text:memccpy)
                  01009820    0000001c     sysbios.aem4 : BIOS.obj (.text:ti_sysbios_family_arm_m3_Timer_Module_startup__E)
                  0100983c    00000004     --HOLE-- [fill = 0]
                  01009840    0000001c                  : BIOS.obj (.text:ti_sysbios_family_arm_m3_Timer_stop__E)
                  0100985c    00000004     --HOLE-- [fill = 0]
                  01009860    0000001c                  : BIOS.obj (.text:ti_sysbios_gates_GateMutex_Instance_init__E)
                  0100987c    0000001c     release_pem4.oem4 (.text:ti_sysbios_knl_Queue_destruct)
                  01009898    0000001c     sysbios.aem4 : BIOS.obj (.text:ti_sysbios_knl_Queue_put__E)
                  010098b4    00000004     --HOLE-- [fill = 0]
                  010098b8    0000001c                  : BIOS.obj (.text:ti_sysbios_knl_Task_enter__I)
                  010098d4    0000001a     release_pem4.oem4 (.text:free)
                  010098ee    0000001a     sysbios.aem4 : m3_Hwi_asm.obj (.text:ti_sysbios_family_arm_m3_Hwi_pendSV__I)
                  01009908    00000018     drivers_cc32xx.aem4 : PowerCC32XX.oem4 (.text:Power_idleFunc)
                  01009920    00000018                         : TimerCC32XX.oem4 (.text:TimerCC32XX_getCount)
                  01009938    00000018     driverlib.a : timer.obj (.text:TimerIntDisable)
                  01009950    00000018                 : timer.obj (.text:TimerIntEnable)
                  01009968    00000018     rtsv7M4_T_le_eabi.lib : args_main.c.obj (.text:_args_main)
                  01009980    00000018                           : sprintf.c.obj (.text:_outs)
                  01009998    00000018                           : ll_mul_t2.asm.obj (.text)
                  010099b0    00000018                           : strcmp.c.obj (.text:strcmp)
                  010099c8    00000018     release_pem4.oem4 (.text:ti_sysbios_BIOS_rtsUnlock__I)
                  010099e0    00000018     release_pem4.oem4 (.text:ti_sysbios_family_arm_m3_Hwi_Module__startupDone__F)
                  010099f8    00000018     release_pem4.oem4 (.text:ti_sysbios_family_arm_m3_Timer_Module__startupDone__F)
                  01009a10    00000018     release_pem4.oem4 (.text:ti_sysbios_gates_GateHwi_Handle__label__S)
                  01009a28    00000018     release_pem4.oem4 (.text:ti_sysbios_gates_GateMutex_Handle__label__S)
                  01009a40    00000018     sysbios.aem4 : BIOS.obj (.text:ti_sysbios_gates_GateMutex_leave__E)
                  01009a58    00000018     release_pem4.oem4 (.text:ti_sysbios_heaps_HeapMem_Handle__label__S)
                  01009a70    00000018     sysbios.aem4 : BIOS.obj (.text:ti_sysbios_knl_Task_sleepTimeout__I)
                  01009a88    00000018                  : BIOS.obj (.text:ti_sysbios_rts_ti_ReentSupport_getReent__F)
                  01009aa0    00000018     release_pem4.oem4 (.text:ti_sysbios_rts_ti_ReentSupport_getTlsAddr__I)
                  01009ab8    00000018     sysbios.aem4 : BIOS.obj (.text:xdc_runtime_Error_init__E)
                  01009ad0    00000018                  : BIOS.obj (.text:xdc_runtime_System_exit__E)
                  01009ae8    00000016     driverlib.a : prcm.obj (.text:PRCMHIBRegRead)
                  01009afe    00000016                 : prcm.obj (.text:PRCMHIBRegWrite)
                  01009b14    00000016     filter.obj (.text:get_ema_avg)
                  01009b2a    00000016     rtsv7M4_T_le_eabi.lib : strchr.c.obj (.text:strchr)
                  01009b40    00000016     release_pem4.oem4 (.text:ti_sysbios_BIOS_exitFunc__I)
                  01009b56    00000002     --HOLE-- [fill = 0]
                  01009b58    00000014     drivers_cc32xx.aem4 : PWM.oem4 (.text:PWM_Params_init)
                  01009b6c    00000014                         : PowerCC32XX.oem4 (.text:Power_getDependencyCount)
                  01009b80    00000014                         : SPI.oem4 (.text:SPI_Params_init)
                  01009b94    00000004     --HOLE-- [fill = 0]
                  01009b98    00000014     sysbios.aem4 : BIOS.obj (.text:pthread_attr_setschedparam)
                  01009bac    00000014     rtsv7M4_T_le_eabi.lib : strcpy.c.obj (.text:strcpy)
                  01009bc0    00000014                           : strlen.c.obj (.text:strlen)
                  01009bd4    00000014     release_pem4.oem4 (.text:ti_sysbios_family_arm_m3_Hwi_Object__get__S)
                  01009be8    00000014     sysbios.aem4 : BIOS.obj (.text:ti_sysbios_family_arm_m3_Hwi_switchFromBootStack__E)
                  01009bfc    00000014                  : m3_TaskSupport_asm.obj (.text:ti_sysbios_family_arm_m3_TaskSupport_swap__E)
                  01009c10    00000014     release_pem4.oem4 (.text:ti_sysbios_heaps_HeapMem_Object__get__S)
                  01009c24    00000004     --HOLE-- [fill = 0]
                  01009c28    00000014     sysbios.aem4 : BIOS.obj (.text:ti_sysbios_knl_Clock_tickReconfig__E)
                  01009c3c    00000014     release_pem4.oem4 (.text:ti_sysbios_knl_Swi_Object__get__S)
                  01009c50    00000012     dpl_cc32xx.aem4 : SemaphoreP_tirtos.oem4 (.text:SemaphoreP_pend)
                  01009c62    00000012     driverlib.a : timer.obj (.text:TimerIntClear)
                  01009c74    00000004     --HOLE-- [fill = 0]
                  01009c78    00000012     sysbios.aem4 : BIOS.obj (.text:_pthread_runStub$41)
                  01009c8a    00000012     drivers_cc32xx.aem4 : PWMTimerCC32XX.oem4 (.text:postNotifyFxn)
                  01009c9c    00000012     pid.obj (.text:set_sample_time)
                  01009cae    00000012     pid.obj (.text:set_sp)
                  01009cc0    00000012     pid.obj (.text:set_tuning_period)
                  01009cd2    00000006     drivers_cc32xx.aem4 : PWMTimerCC32XX.oem4 (.text:PWMTimerCC32XX_control)
                  01009cd8    00000012     sysbios.aem4 : BIOS.obj (.text:ti_sysbios_hal_Hwi_Module_startup__E)
                  01009cea    00000012     rtsv7M4_T_le_eabi.lib : wcslen.c.obj (.text:wcslen)
                  01009cfc    00000012     release_pem4.oem4 (.text:xdc_runtime_Startup_exec__I)
                  01009d0e    00000010     dpl_cc32xx.aem4 : HwiP_tirtos.oem4 (.text:HwiP_Params_init)
                  01009d1e    00000002     --HOLE-- [fill = 0]
                  01009d20    00000010     drivers_cc32xx.aem4 : I2C.oem4 (.text:I2C_Params_init)
                  01009d30    00000010                         : Timer.oem4 (.text:Timer_Params_init)
                  01009d40    00000010     CC3220SF_LAUNCHXL.obj (.text:dmaErrorFxn)
                  01009d50    00000010     sysbios.aem4 : BIOS.obj (.text:ti_sysbios_BIOS_getCpuFreq__E)
                  01009d60    00000010                  : BIOS.obj (.text:ti_sysbios_BIOS_setThreadType__E)
                  01009d70    00000010                  : BIOS.obj (.text:ti_sysbios_BIOS_start__E)
                  01009d80    00000010                  : m3_TaskSupport_asm.obj (.text:ti_sysbios_family_arm_m3_TaskSupport_glue)
                  01009d90    00000010                  : BIOS.obj (.text:ti_sysbios_gates_GateMutex_Instance_finalize__E)
                  01009da0    00000010     release_pem4.oem4 (.text:ti_sysbios_knl_Mailbox_Object__get__S)
                  01009db0    00000010     sysbios.aem4 : BIOS.obj (.text:ti_sysbios_knl_Semaphore_Instance_finalize__E)
                  01009dc0    00000010                  : BIOS.obj (.text:ti_sysbios_knl_Swi_disable__E)
                  01009dd0    00000010     release_pem4.oem4 (.text:ti_sysbios_knl_Task_Object__get__S)
                  01009de0    00000010     sysbios.aem4 : BIOS.obj (.text:ti_sysbios_knl_Task_disable__E)
                  01009df0    00000010                  : BIOS.obj (.text:xdc_runtime_Memory_free__E)
                  01009e00    00000010                  : BIOS.obj (.text:xdc_runtime_SysCallback_abort__E)
                  01009e10    00000010                  : BIOS.obj (.text:xdc_runtime_SysCallback_exit__E)
                  01009e20    0000000e     rtsv7M4_T_le_eabi.lib : copy_decompress_none.c.obj (.text:decompress:none:__TI_decompress_none)
                  01009e2e    0000000e     drivers_cc32xx.aem4 : SPICC32XXDMA.oem4 (.text:postNotifyFxn)
                  01009e3c    00000004     --HOLE-- [fill = 0]
                  01009e40    0000000e     sysbios.aem4 : BIOS.obj (.text:pthread_attr_setdetachstate)
                  01009e4e    00000002     --HOLE-- [fill = 0]
                  01009e50    0000000e                  : BIOS.obj (.text:ti_sysbios_knl_Idle_loop__E)
                  01009e5e    00000002     --HOLE-- [fill = 0]
                  01009e60    0000000e                  : BIOS.obj (.text:ti_sysbios_knl_Queue_empty__E)
                  01009e6e    0000000c     CC3220SF_LAUNCHXL.obj (.text:CC3220SF_LAUNCHXL_initGeneral)
                  01009e7a    0000000c     dpl_cc32xx.aem4 : HwiP_tirtos.oem4 (.text:HwiP_delete)
                  01009e86    00000002     --HOLE-- [fill = 0]
                  01009e88    0000000c     drivers_cc32xx.aem4 : PowerCC32XX.oem4 (.text:Power_getConstraintMask)
                  01009e94    0000000c     dpl_cc32xx.aem4 : SemaphoreP_tirtos.oem4 (.text:SemaphoreP_delete)
                  01009ea0    0000000c     rtsv7M4_T_le_eabi.lib : _lock.c.obj (.text:_register_lock)
                  01009eac    0000000c                           : _lock.c.obj (.text:_register_unlock)
                  01009eb8    0000000c                           : copy_zero_init.c.obj (.text:decompress:ZI:__TI_zero_init)
                  01009ec4    0000000c     drivers_cc32xx.aem4 : I2CCC32XX.oem4 (.text:postNotify)
                  01009ed0    0000000c                         : TimerCC32XX.oem4 (.text:postNotifyFxn)
                  01009edc    0000000c     release_pem4.oem4 (.text:ti_sysbios_family_arm_m3_Hwi_Params__init__S)
                  01009ee8    0000000c     sysbios.aem4 : BIOS.obj (.text:ti_sysbios_family_arm_m3_Hwi_disableFxn__E)
                  01009ef4    00000004     --HOLE-- [fill = 0]
                  01009ef8    0000000c                  : BIOS.obj (.text:ti_sysbios_family_arm_m3_TaskSupport_getStackAlignment__E)
                  01009f04    00000004     --HOLE-- [fill = 0]
                  01009f08    0000000c                  : BIOS.obj (.text:ti_sysbios_gates_GateHwi_enter__E)
                  01009f14    00000004     --HOLE-- [fill = 0]
                  01009f18    0000000c                  : BIOS.obj (.text:ti_sysbios_knl_Clock_getTicks__E)
                  01009f24    00000004     --HOLE-- [fill = 0]
                  01009f28    0000000c                  : BIOS.obj (.text:ti_sysbios_knl_Clock_setTicks__E)
                  01009f34    00000004     --HOLE-- [fill = 0]
                  01009f38    0000000c                  : BIOS.obj (.text:ti_sysbios_knl_Clock_tickStart__E)
                  01009f44    00000004     --HOLE-- [fill = 0]
                  01009f48    0000000c                  : BIOS.obj (.text:ti_sysbios_knl_Clock_tickStop__E)
                  01009f54    0000000c     release_pem4.oem4 (.text:ti_sysbios_knl_Queue_Object__get__S)
                  01009f60    0000000c     release_pem4.oem4 (.text:ti_sysbios_knl_Semaphore_Params__init__S)
                  01009f6c    0000000c     release_pem4.oem4 (.text:ti_sysbios_knl_Task_Params__init__S)
                  01009f78    0000000c     sysbios.aem4 : BIOS.obj (.text:ti_sysbios_knl_Task_self__E)
                  01009f84    00000004     --HOLE-- [fill = 0]
                  01009f88    0000000c                  : BIOS.obj (.text:ti_sysbios_rts_ti_ReentSupport_taskRegHook__I)
                  01009f94    0000000c     driverlib.a : udma.obj (.text:uDMAErrorStatusClear)
                  01009fa0    0000000c                 : udma.obj (.text:uDMAErrorStatusGet)
                  01009fac    00000004     --HOLE-- [fill = 0]
                  01009fb0    0000000c     sysbios.aem4 : BIOS.obj (.text:xdc_runtime_Startup_rtsDone__E)
                  01009fbc    0000000c     timer.obj (.text:zero_crossing_reset)
                  01009fc8    0000000a     drivers_cc32xx.aem4 : I2C.oem4 (.text:I2C_transfer)
                  01009fd2    0000000a                         : PWM.oem4 (.text:PWM_setDuty)
                  01009fdc    0000000a                         : PWM.oem4 (.text:PWM_setPeriod)
                  01009fe6    0000000a                         : PWM.oem4 (.text:PWM_start)
                  01009ff0    0000000a                         : PWM.oem4 (.text:PWM_stop)
                  01009ffa    0000000a                         : SPI.oem4 (.text:SPI_transfer)
                  0100a004    0000000a                         : Timer.oem4 (.text:Timer_start)
                  0100a00e    0000000a     rtsv7M4_T_le_eabi.lib : sprintf.c.obj (.text:_outc)
                  0100a018    0000000a     i2c.obj (.text:clear)
                  0100a022    0000000a     release_pem4.oem4 (.text:xdc_runtime_IHeap_alloc)
                  0100a02c    0000000a     release_pem4.oem4 (.text:xdc_runtime_IHeap_free)
                  0100a036    00000008     drivers_cc32xx.aem4 : I2CCC32XX.oem4 (.text:I2CCC32XX_blockingCallback)
                  0100a03e    00000008     dpl_cc32xx.aem4 : SemaphoreP_tirtos.oem4 (.text:SemaphoreP_Params_init)
                  0100a046    00000008     drivers_cc32xx.aem4 : SPICC32XXDMA.oem4 (.text:blockingTransferCallback)
                  0100a04e    00000008     rtsv7M4_T_le_eabi.lib : s_copysign.c.obj (.text:copysign)
                  0100a056    00000002     --HOLE-- [fill = 0]
                  0100a058    00000008     sysbios.aem4 : BIOS.obj (.text:pthread_attr_setstacksize)
                  0100a060    00000008                  : BIOS.obj (.text:ti_sysbios_family_arm_m3_Hwi_doSwiRestore__I)
                  0100a068    00000008                  : BIOS.obj (.text:ti_sysbios_family_arm_m3_Hwi_startup__E)
                  0100a070    00000006     drivers_cc32xx.aem4 : SPICC32XXDMA.oem4 (.text:SPICC32XXDMA_control)
                  0100a076    00000006                         : TimerCC32XX.oem4 (.text:TimerCC32XX_control)
                  0100a07c    00000006     driverlib.a : utils.obj (.text:UtilsDelay)
                  0100a082    00000006     --HOLE-- [fill = 0]
                  0100a088    00000006     sysbios.aem4 : BIOS.obj (.text:ti_sysbios_family_arm_m3_Hwi_doTaskRestore__I)
                  0100a08e    00000002     --HOLE-- [fill = 0]
                  0100a090    00000006                  : BIOS.obj (.text:ti_sysbios_family_arm_m3_Hwi_restoreFxn__E)
                  0100a096    00000002     --HOLE-- [fill = 0]
                  0100a098    00000006                  : BIOS.obj (.text:ti_sysbios_gates_GateHwi_leave__E)
                  0100a09e    00000002     --HOLE-- [fill = 0]
                  0100a0a0    00000006                  : BIOS.obj (.text:ti_sysbios_heaps_HeapMem_isBlocking__E)
                  0100a0a6    00000002     --HOLE-- [fill = 0]
                  0100a0a8    00000006                  : BIOS.obj (.text:ti_sysbios_knl_Queue_Instance_init__E)
                  0100a0ae    00000002     --HOLE-- [fill = 0]
                  0100a0b0    00000006                  : BIOS.obj (.text:ti_sysbios_knl_Swi_startup__E)
                  0100a0b6    00000002     --HOLE-- [fill = 0]
                  0100a0b8    00000006                  : BIOS.obj (.text:xdc_runtime_System_Module_startup__E)
                  0100a0be    00000002     --HOLE-- [fill = 0]
                  0100a0c0    00000004                  : BIOS.obj (.text:__aeabi_errno_addr)
                  0100a0c4    00000004     --HOLE-- [fill = 0]
                  0100a0c8    00000004                  : BIOS.obj (.text:ti_sysbios_family_arm_m3_Timer_getMaxTicks__E)
                  0100a0cc    00000004     --HOLE-- [fill = 0]
                  0100a0d0    00000004                  : BIOS.obj (.text:ti_sysbios_gates_GateHwi_query__E)
                  0100a0d4    00000004     --HOLE-- [fill = 0]
                  0100a0d8    00000004                  : BIOS.obj (.text:ti_sysbios_gates_GateMutex_query__E)
                  0100a0dc    00000004     --HOLE-- [fill = 0]
                  0100a0e0    00000004                  : BIOS.obj (.text:ti_sysbios_knl_Task_startup__E)
                  0100a0e4    00000004     --HOLE-- [fill = 0]
                  0100a0e8    00000002                  : BIOS.obj (.text:ti_sysbios_BIOS_linkedWithIncorrectBootLibrary__E)
                  0100a0ea    00000006     --HOLE-- [fill = 0]
                  0100a0f0    00000002                  : BIOS.obj (.text:ti_sysbios_gates_GateHwi_Instance_init__E)
                  0100a0f2    00000006     --HOLE-- [fill = 0]
                  0100a0f8    00000002                  : BIOS.obj (.text:ti_sysbios_knl_Clock_logTick__E)
                  0100a0fa    00000006     --HOLE-- [fill = 0]
                  0100a100    00000002                  : BIOS.obj (.text:xdc_runtime_SysCallback_defaultAbort)
                  0100a102    00000006     --HOLE-- [fill = 0]
                  0100a108    00000002                  : BIOS.obj (.text:xdc_runtime_SysCallback_defaultExit)
                  0100a10a    00000006     --HOLE-- [fill = 0]
                  0100a110    00000002                  : BIOS.obj (.text:xdc_runtime_System_abortSpin__E)
                  0100a112    00000006     --HOLE-- [fill = 0]
                  0100a118    00000002                  : BIOS.obj (.text:xdc_runtime_System_exitSpin__E)

.const     0    0100a11c    00000a16     
                  0100a11c    00000101     rtsv7M4_T_le_eabi.lib : ctype.c.obj (.const:.string:_ctypes_)
                  0100a21d    00000001     release_pem4.oem4 (.const:ti_sysbios_knl_Clock_tickMode__C)
                  0100a21e    00000002     release_pem4.oem4 (.const:ti_sysbios_family_arm_m3_Hwi_Module__id__C)
                  0100a220    00000100     driverlib.a : pin.obj (.const:g_ulPinToPadMap)
                  0100a320    000000a8                 : prcm.obj (.const:PRCM_PeriphRegsList)
                  0100a3c8    00000078     CC3220SF_LAUNCHXL.obj (.const:spiCC3220SDMAHWAttrs)
                  0100a440    00000058     release_pem4.oem4 (.const:.string)
                  0100a498    00000044     release_pem4.oem4 (.const:ti_sysbios_knl_Task_Object__PARAMS__C)
                  0100a4dc    00000040     CC3220SF_LAUNCHXL.obj (.const:PowerCC32XX_config)
                  0100a51c    00000030     release_pem4.oem4 (.const:ti_sysbios_family_arm_m3_Hwi_Object__PARAMS__C)
                  0100a54c    00000030     CC3220SF_LAUNCHXL.obj (.const:timerCC3220SFHWAttrs)
                  0100a57c    00000028     release_pem4.oem4 (.const:ti_sysbios_heaps_HeapMem_Module__FXNS__C)
                  0100a5a4    00000024     CC3220SF_LAUNCHXL.obj (.const:Timer_config)
                  0100a5c8    00000024     release_pem4.oem4 (.const:ti_sysbios_gates_GateHwi_Module__FXNS__C)
                  0100a5ec    00000024     release_pem4.oem4 (.const:ti_sysbios_gates_GateMutex_Module__FXNS__C)
                  0100a610    00000024     release_pem4.oem4 (.const:ti_sysbios_heaps_HeapMem_Object__PARAMS__C)
                  0100a634    00000024     release_pem4.oem4 (.const:ti_sysbios_knl_Semaphore_Object__PARAMS__C)
                  0100a658    00000021     drivers_cc32xx.aem4 : GPIOCC32XX.oem4 (.const:.string:pinTable)
                  0100a679    00000001     release_pem4.oem4 (.const:ti_sysbios_knl_Clock_tickSource__C)
                  0100a67a    00000002     release_pem4.oem4 (.const:ti_sysbios_family_arm_m3_Timer_Module__id__C)
                  0100a67c    00000020     drivers_cc32xx.aem4 : PWMTimerCC32XX.oem4 (.const:PWMTimerCC32XX_fxnTable)
                  0100a69c    00000020                         : SPI.oem4 (.const:SPI_defaultParams)
                  0100a6bc    00000020                         : PWMTimerCC32XX.oem4 (.const:gpioPinIndexes)
                  0100a6dc    00000020     release_pem4.oem4 (.const:ti_sysbios_family_arm_m3_Hwi_Object__DESC__C)
                  0100a6fc    00000020     release_pem4.oem4 (.const:ti_sysbios_gates_GateHwi_Object__DESC__C)
                  0100a71c    00000020     release_pem4.oem4 (.const:ti_sysbios_gates_GateMutex_Object__DESC__C)
                  0100a73c    00000020     release_pem4.oem4 (.const:ti_sysbios_heaps_HeapMem_Object__DESC__C)
                  0100a75c    00000020     release_pem4.oem4 (.const:ti_sysbios_knl_Queue_Object__DESC__C)
                  0100a77c    00000020     release_pem4.oem4 (.const:ti_sysbios_knl_Semaphore_Object__DESC__C)
                  0100a79c    00000020     release_pem4.oem4 (.const:ti_sysbios_knl_Task_Object__DESC__C)
                  0100a7bc    00000020     release_pem4.oem4 (.const:xdc_runtime_Startup_sfxnTab__A)
                  0100a7dc    0000001c     drivers_cc32xx.aem4 : TimerCC32XX.oem4 (.const:TimerCC32XX_fxnTable)
                  0100a7f8    00000018                         : I2CCC32XX.oem4 (.const:I2CCC32XX_fxnTable)
                  0100a810    00000018     CC3220SF_LAUNCHXL.obj (.const:PWM_config)
                  0100a828    00000018     drivers_cc32xx.aem4 : PWM.oem4 (.const:PWM_defaultParams)
                  0100a840    00000018                         : SPICC32XXDMA.oem4 (.const:SPICC32XXDMA_fxnTable)
                  0100a858    00000018     CC3220SF_LAUNCHXL.obj (.const:SPI_config)
                  0100a870    00000018     release_pem4.oem4 (.const:ti_sysbios_gates_GateHwi_Object__PARAMS__C)
                  0100a888    00000018     release_pem4.oem4 (.const:ti_sysbios_gates_GateMutex_Object__PARAMS__C)
                  0100a8a0    00000018     release_pem4.oem4 (.const:ti_sysbios_knl_Queue_Object__PARAMS__C)
                  0100a8b8    00000018     release_pem4.oem4 (.const:ti_sysbios_knl_Task_hooks__A)
                  0100a8d0    00000014     CC3220SF_LAUNCHXL.obj (.const:GPIOCC32XX_config)
                  0100a8e4    00000014     drivers_cc32xx.aem4 : GPIOCC32XX.oem4 (.const:gpioBaseAddresses)
                  0100a8f8    00000014                         : GPIOCC32XX.oem4 (.const:powerResources)
                  0100a90c    00000010     pid.obj (.const:$P$T4$2)
                  0100a91c    00000010     drivers_cc32xx.aem4 : I2C.oem4 (.const:I2C_defaultParams)
                  0100a92c    00000010                         : PWMTimerCC32XX.oem4 (.const:gpioBaseAddresses)
                  0100a93c    00000010     CC3220SF_LAUNCHXL.obj (.const:i2cCC3220SHWAttrs)
                  0100a94c    00000010     drivers_cc32xx.aem4 : PWMTimerCC32XX.oem4 (.const:timerBaseAddresses)
                  0100a95c    00000010     release_pem4.oem4 (.const:xdc_runtime_Startup_sfxnRts__A)
                  0100a96c    0000000c     pid.obj (.const:$P$T5$3)
                  0100a978    0000000c     CC3220SF_LAUNCHXL.obj (.const:I2C_config)
                  0100a984    0000000c     drivers_cc32xx.aem4 : Timer.oem4 (.const:defaultParams)
                  0100a990    0000000c                         : SPICC32XXDMA.oem4 (.const:dmaNullConfig)
                  0100a99c    0000000c                         : SPICC32XXDMA.oem4 (.const:dmaRxConfig)
                  0100a9a8    0000000c                         : SPICC32XXDMA.oem4 (.const:dmaTxConfig)
                  0100a9b4    0000000c     CC3220SF_LAUNCHXL.obj (.const:udmaCC3220SHWAttrs)
                  0100a9c0    0000000c     release_pem4.oem4 (.const:xdc_runtime_Startup_firstFxns__A)
                  0100a9cc    00000009     CC3220SF_LAUNCHXL.obj (.const)
                  0100a9d5    00000009     i2c.obj (.const:dram_dispAddr)
                  0100a9de    00000002     release_pem4.oem4 (.const:ti_sysbios_heaps_HeapMem_Module__id__C)
                  0100a9e0    00000008     pid.obj (.const:$P$T3$1)
                  0100a9e8    00000008     CC3220SF_LAUNCHXL.obj (.const:UDMACC32XX_config)
                  0100a9f0    00000008     drivers_cc32xx.aem4 : I2CCC32XX.oem4 (.const:bitRate)
                  0100a9f8    00000008                         : SPICC32XXDMA.oem4 (.const:mode)
                  0100aa00    00000008                         : GPIOCC32XX.oem4 (.const:outPinTypes)
                  0100aa08    00000008     CC3220SF_LAUNCHXL.obj (.const:pwmTimerCC3220SHWAttrs)
                  0100aa10    00000008     release_pem4.oem4 (.const:ti_sysbios_knl_Idle_funcList__A)
                  0100aa18    00000008     release_pem4.oem4 (.const:ti_sysbios_knl_Idle_funcList__C)
                  0100aa20    00000008     release_pem4.oem4 (.const:ti_sysbios_knl_Task_hooks__C)
                  0100aa28    00000008     drivers_cc32xx.aem4 : PWMTimerCC32XX.oem4 (.const:timerHalves)
                  0100aa30    00000008     release_pem4.oem4 (.const:xdc_runtime_Startup_firstFxns__C)
                  0100aa38    00000008     release_pem4.oem4 (.const:xdc_runtime_Startup_lastFxns__C)
                  0100aa40    00000006     drivers_cc32xx.aem4 : GPIOCC32XX.oem4 (.const:.string:interruptType)
                  0100aa46    00000006                         : GPIOCC32XX.oem4 (.const:inPinTypes)
                  0100aa4c    00000006                         : GPIOCC32XX.oem4 (.const:outPinStrengths)
                  0100aa52    00000004                         : GPIOCC32XX.oem4 (.const:.string:portInterruptIds)
                  0100aa56    00000002     release_pem4.oem4 (.const:xdc_runtime_Memory_Module__id__C)
                  0100aa58    00000004     release_pem4.oem4 (.const:ti_sysbios_family_arm_m3_Hwi_E_alreadyDefined__C)
                  0100aa5c    00000004     release_pem4.oem4 (.const:ti_sysbios_family_arm_m3_Hwi_NUM_INTERRUPTS__C)
                  0100aa60    00000004     release_pem4.oem4 (.const:ti_sysbios_family_arm_m3_Hwi_Object__count__C)
                  0100aa64    00000004     release_pem4.oem4 (.const:ti_sysbios_family_arm_m3_Hwi_ccr__C)
                  0100aa68    00000004     release_pem4.oem4 (.const:ti_sysbios_family_arm_m3_Hwi_excHandlerFunc__C)
                  0100aa6c    00000004     release_pem4.oem4 (.const:ti_sysbios_family_arm_m3_Hwi_nullIsrFunc__C)
                  0100aa70    00000004     release_pem4.oem4 (.const:ti_sysbios_family_arm_m3_Hwi_priGroup__C)
                  0100aa74    00000004     release_pem4.oem4 (.const:ti_sysbios_family_arm_m3_Hwi_swiDisable__C)
                  0100aa78    00000004     release_pem4.oem4 (.const:ti_sysbios_family_arm_m3_Hwi_swiRestoreHwi__C)
                  0100aa7c    00000004     release_pem4.oem4 (.const:ti_sysbios_family_arm_m3_TaskSupport_stackAlignment__C)
                  0100aa80    00000004     release_pem4.oem4 (.const:ti_sysbios_family_arm_m3_Timer_E_cannotSupport__C)
                  0100aa84    00000004     release_pem4.oem4 (.const:ti_sysbios_family_arm_m3_Timer_startupNeeded__C)
                  0100aa88    00000004     release_pem4.oem4 (.const:ti_sysbios_gates_GateMutex_Instance_State_sem__O)
                  0100aa8c    00000004     release_pem4.oem4 (.const:ti_sysbios_heaps_HeapMem_E_memory__C)
                  0100aa90    00000004     release_pem4.oem4 (.const:ti_sysbios_heaps_HeapMem_Module__gateObj__C)
                  0100aa94    00000004     release_pem4.oem4 (.const:ti_sysbios_heaps_HeapMem_Object__count__C)
                  0100aa98    00000004     release_pem4.oem4 (.const:ti_sysbios_heaps_HeapMem_primaryHeapBaseAddr__C)
                  0100aa9c    00000004     release_pem4.oem4 (.const:ti_sysbios_heaps_HeapMem_primaryHeapEndAddr__C)
                  0100aaa0    00000004     release_pem4.oem4 (.const:ti_sysbios_heaps_HeapMem_reqAlign__C)
                  0100aaa4    00000004     release_pem4.oem4 (.const:ti_sysbios_knl_Clock_Module_State_clockQ__O)
                  0100aaa8    00000004     release_pem4.oem4 (.const:ti_sysbios_knl_Clock_tickPeriod__C)
                  0100aaac    00000004     release_pem4.oem4 (.const:ti_sysbios_knl_Mailbox_Instance_State_freeQue__O)
                  0100aab0    00000004     release_pem4.oem4 (.const:ti_sysbios_knl_Mailbox_Object__count__C)
                  0100aab4    00000004     release_pem4.oem4 (.const:ti_sysbios_knl_Mailbox_maxTypeAlign__C)
                  0100aab8    00000004     release_pem4.oem4 (.const:ti_sysbios_knl_Semaphore_Instance_State_pendQ__O)
                  0100aabc    00000004     release_pem4.oem4 (.const:ti_sysbios_knl_Swi_Object__count__C)
                  0100aac0    00000004     release_pem4.oem4 (.const:ti_sysbios_knl_Task_Module_State_inactiveQ__O)
                  0100aac4    00000004     release_pem4.oem4 (.const:ti_sysbios_knl_Task_Object__count__C)
                  0100aac8    00000004     release_pem4.oem4 (.const:ti_sysbios_knl_Task_Object__heap__C)
                  0100aacc    00000004     release_pem4.oem4 (.const:ti_sysbios_knl_Task_allBlockedFunc__C)
                  0100aad0    00000004     release_pem4.oem4 (.const:ti_sysbios_knl_Task_defaultStackHeap__C)
                  0100aad4    00000004     release_pem4.oem4 (.const:ti_sysbios_knl_Task_defaultStackSize__C)
                  0100aad8    00000004     release_pem4.oem4 (.const:ti_sysbios_knl_Task_numConstructedTasks__C)
                  0100aadc    00000004     release_pem4.oem4 (.const:xdc_runtime_Error_E_memory__C)
                  0100aae0    00000004     release_pem4.oem4 (.const:xdc_runtime_Error_policyFxn__C)
                  0100aae4    00000004     release_pem4.oem4 (.const:xdc_runtime_IGateProvider_Interface__BASE__C)
                  0100aae8    00000004     release_pem4.oem4 (.const:xdc_runtime_IHeap_Interface__BASE__C)
                  0100aaec    00000004     release_pem4.oem4 (.const:xdc_runtime_IModule_Interface__BASE__C)
                  0100aaf0    00000004     release_pem4.oem4 (.const:xdc_runtime_Memory_defaultHeapInstance__C)
                  0100aaf4    00000004     release_pem4.oem4 (.const:xdc_runtime_Startup_execImpl__C)
                  0100aaf8    00000004     release_pem4.oem4 (.const:xdc_runtime_Startup_maxPasses__C)
                  0100aafc    00000004     release_pem4.oem4 (.const:xdc_runtime_Startup_sfxnRts__C)
                  0100ab00    00000004     release_pem4.oem4 (.const:xdc_runtime_Startup_sfxnTab__C)
                  0100ab04    00000004     release_pem4.oem4 (.const:xdc_runtime_SysCallback_abortFxn__C)
                  0100ab08    00000004     release_pem4.oem4 (.const:xdc_runtime_SysCallback_exitFxn__C)
                  0100ab0c    00000004     release_pem4.oem4 (.const:xdc_runtime_System_Module__gateObj__C)
                  0100ab10    00000004     release_pem4.oem4 (.const:xdc_runtime_System_abortFxn__C)
                  0100ab14    00000004     release_pem4.oem4 (.const:xdc_runtime_System_exitFxn__C)
                  0100ab18    00000004     release_pem4.oem4 (.const:xdc_runtime_System_maxAtexitHandlers__C)
                  0100ab1c    00000004     release_pem4.oem4 (.const:xdc_runtime_Text_charTab__C)
                  0100ab20    00000004     release_pem4.oem4 (.const:xdc_runtime_Text_nameEmpty__C)
                  0100ab24    00000004     release_pem4.oem4 (.const:xdc_runtime_Text_nameStatic__C)
                  0100ab28    00000004     release_pem4.oem4 (.const:xdc_runtime_Text_nameUnknown__C)
                  0100ab2c    00000002     release_pem4.oem4 (.const:xdc_runtime_Text_charCnt__C)
                  0100ab2e    00000002     release_pem4.oem4 (.const:xdc_runtime_Text_isLoaded__C)
                  0100ab30    00000001     release_pem4.oem4 (.const:xdc_runtime_Error_policy__C)
                  0100ab31    00000001     release_pem4.oem4 (.const:xdc_runtime_Text_charTab__A)

.cinit     0    0100ab38    000002d8     
                  0100ab38    000002ad     (.cinit..data.load) [load image, compression = lzss]
                  0100ade5    00000003     --HOLE-- [fill = 0]
                  0100ade8    0000000c     (__TI_handler_table)
                  0100adf4    00000004     --HOLE-- [fill = 0]
                  0100adf8    00000008     (.cinit..bss.load) [load image, compression = zero_init]
                  0100ae00    00000010     (__TI_cinit_table)

.init_array 
*          0    01000800    00000000     UNINITIALIZED

.bss       0    20008400    00000e71     UNINITIALIZED
                  20008400    00000400     CC3220SF_LAUNCHXL.obj (.bss:dmaControlTable)
                  20008800    0000030c     (.common:ti_sysbios_family_arm_m3_Hwi_dispatchTable)
                  20008b0c    00000004     drivers_cc32xx.aem4 : GPIOCC32XX.oem4 (.bss)
                  20008b10    00000200     release_pem4.oem4 (.bss:taskStackSection)
                  20008d10    0000012c     (.common:PowerCC32XX_contextSave)
                  20008e3c    00000120     rtsv7M4_T_le_eabi.lib : trgmsg.c.obj (.bss:_CIOBUF_)
                  20008f5c    000000a0     (.common:__TI_tmpnams)
                  20008ffc    0000009c     (.common:timerCC3220SFObjects)
                  20009098    00000088     (.common:spiCC3220SDMAObjects)
                  20009120    00000050     (.common:i2cCC3220SObjects)
                  20009170    00000048     (.common:pwmTimerCC3220SObjects)
                  200091b8    00000020     drivers_cc32xx.aem4 : GPIOCC32XX.oem4 (.bss:gpioCallbackInfo)
                  200091d8    0000001c     rtsv7M4_T_le_eabi.lib : vla_alloc.c.obj (.bss:$O1$$)
                  200091f4    0000001c     (.common:i2c_transaction)
                  20009210    00000014     drivers_cc32xx.aem4 : UDMACC32XX.oem4 (.bss:postNotifyObj)
                  20009224    00000014                         : GPIOCC32XX.oem4 (.bss:powerNotifyObj)
                  20009238    00000008     (.common:parmbuf)
                  20009240    00000008     (.common:spiCC3220SDMAscratchBuf)
                  20009248    00000008     (.common:switchers)
                  20009250    00000008     (.common:udmaCC3220SObject)
                  20009258    00000004                         : TimerCC32XX.oem4 (.bss:timerState)
                  2000925c    00000004     (.common:ctls)
                  20009260    00000004     (.common:i2c_master)
                  20009264    00000004     (.common:sens_list)
                  20009268    00000004     (.common:sensor)
                  2000926c    00000004     (.common:ti_sysbios_knl_Task_Instance_State_0_hookEnv__A)
                  20009270    00000001                         : I2CCC32XX.oem4 (.bss)

.data      0    20009274    000008eb     UNINITIALIZED
                  20009274    0000016c     drivers_cc32xx.aem4 : PowerCC32XX.oem4 (.data:PowerCC32XX_module)
                  200093e0    000000f8     CC3220SF_LAUNCHXL.obj (.data:parkInfo)
                  200094d8    000000f0     rtsv7M4_T_le_eabi.lib : defs.c.obj (.data:_ftable)
                  200095c8    00000088     sysbios.aem4 : BIOS.obj (.data:$O1$$)
                  20009650    00000080     release_pem4.oem4 (.data:ti_sysbios_knl_Swi_Module_State_0_readyQ__A)
                  200096d0    00000080     release_pem4.oem4 (.data:ti_sysbios_knl_Task_Module_State_0_readyQ__A)
                  20009750    00000078     rtsv7M4_T_le_eabi.lib : write.c.obj (.data:_device)
                  200097c8    0000005c     release_pem4.oem4 (.data:ti_sysbios_knl_Task_Object__table__V)
                  20009824    00000054     release_pem4.oem4 (.data:ti_sysbios_gates_GateMutex_Object__table__V)
                  20009878    00000050     rtsv7M4_T_le_eabi.lib : write.c.obj (.data:_stream)
                  200098c8    00000048     release_pem4.oem4 (.data:ti_sysbios_knl_Task_Module__state__V)
                  20009910    00000034     release_pem4.oem4 (.data:ti_sysbios_family_arm_m3_Hwi_Module__state__V)
                  20009944    00000030     release_pem4.oem4 (.data:ti_sysbios_family_arm_m3_Timer_Object__table__V)
                  20009974    00000030     release_pem4.oem4 (.data:ti_sysbios_knl_Swi_Object__table__V)
                  200099a4    0000002c     release_pem4.oem4 (.data:ti_sysbios_knl_Clock_Module__state__V)
                  200099d0    00000024     release_pem4.oem4 (.data:ti_sysbios_BIOS_Module__state__V)
                  200099f4    00000020     release_pem4.oem4 (.data:xdc_runtime_Error_IgnoreBlock)
                  20009a14    0000001c     release_pem4.oem4 (.data:ti_sysbios_knl_Swi_Module__state__V)
                  20009a30    00000018     CC3220SF_LAUNCHXL.obj (.data:gpioPinConfigs)
                  20009a48    00000018     release_pem4.oem4 (.data:ti_sysbios_family_arm_m3_Hwi_Object__table__V)
                  20009a60    00000018     release_pem4.oem4 (.data:ti_sysbios_heaps_HeapMem_Object__table__V)
                  20009a78    00000010     Rotary Encoder.obj (.data:encoder_lut)
                  20009a88    00000010     rtsv7M4_T_le_eabi.lib : defs.c.obj (.data)
                  20009a98    0000000c                           : exit.c.obj (.data:$O1$$)
                  20009aa4    0000000c     Rotary Encoder.obj (.data)
                  20009ab0    0000000c     release_pem4.oem4 (.data:ti_sysbios_family_arm_m3_Timer_Module__state__V)
                  20009abc    00000009     drivers_cc32xx.aem4 : GPIOCC32XX.oem4 (.data)
                  20009ac5    00000001                         : I2C.oem4 (.data)
                  20009ac6    00000002     release_pem4.oem4 (.data:ti_sysbios_family_arm_m3_Hwi_Module_State_0_excActive__A)
                  20009ac8    00000008     rtsv7M4_T_le_eabi.lib : _lock.c.obj (.data:$O1$$)
                  20009ad0    00000008     controller-main.obj (.data)
                  20009ad8    00000008     drivers_cc32xx.aem4 : UDMACC32XX.oem4 (.data)
                  20009ae0    00000008     CC3220SF_LAUNCHXL.obj (.data:gpioCallbackFunctions)
                  20009ae8    00000008     release_pem4.oem4 (.data:ti_sysbios_family_arm_cc32xx_Seconds_Module__state__V)
                  20009af0    00000008     release_pem4.oem4 (.data:ti_sysbios_family_arm_m3_Hwi_Module__root__V)
                  20009af8    00000008     release_pem4.oem4 (.data:ti_sysbios_gates_GateHwi_Module__root__V)
                  20009b00    00000008     release_pem4.oem4 (.data:ti_sysbios_gates_GateMutex_Module__root__V)
                  20009b08    00000008     release_pem4.oem4 (.data:ti_sysbios_heaps_HeapMem_Module__root__V)
                  20009b10    00000008     release_pem4.oem4 (.data:ti_sysbios_knl_Queue_Module__root__V)
                  20009b18    00000008     release_pem4.oem4 (.data:ti_sysbios_knl_Semaphore_Module__root__V)
                  20009b20    00000008     release_pem4.oem4 (.data:ti_sysbios_knl_Task_Module__root__V)
                  20009b28    00000008     release_pem4.oem4 (.data:xdc_runtime_Startup_Module__state__V)
                  20009b30    00000008     release_pem4.oem4 (.data:xdc_runtime_System_Module_State_0_atexitHandlers__A)
                  20009b38    00000008     release_pem4.oem4 (.data:xdc_runtime_System_Module__state__V)
                  20009b40    00000004     rtsv7M4_T_le_eabi.lib : stkdepth_vars.c.obj (.data)
                  20009b44    00000004     release_pem4.oem4 (.data:ti_sysbios_family_arm_m3_Hwi_Module_State_0_excContext__A)
                  20009b48    00000004     release_pem4.oem4 (.data:ti_sysbios_family_arm_m3_Hwi_Module_State_0_excStack__A)
                  20009b4c    00000004     release_pem4.oem4 (.data:ti_sysbios_gates_GateHwi_Object__table__V)
                  20009b50    00000004     release_pem4.oem4 (.data:ti_sysbios_knl_Task_Module_State_0_idleTask__A)
                  20009b54    00000004     release_pem4.oem4 (.data:ti_sysbios_rts_ti_ReentSupport_Module__state__V)
                  20009b58    00000004     release_pem4.oem4 (.data:xdc_runtime_Memory_Module__state__V)
                  20009b5c    00000001     drivers_cc32xx.aem4 : PWM.oem4 (.data)
                  20009b5d    00000001                         : SPI.oem4 (.data)
                  20009b5e    00000001                         : Timer.oem4 (.data)

.priheap   0    20000310    00008000     UNINITIALIZED
                  20000310    00008000     --HOLE--

.stack     0    2003fc00    00000400     UNINITIALIZED
                  2003fc00    00000400     --HOLE--

.bootVecs 
*          0    00000000    00000008     DSECT
                  00000000    00000008     boot.aem4 : boot.oem4 (.bootVecs)

.resetVecs 
*          0    01000800    0000003c     
                  01000800    0000003c     release_pem4.oem4 (.resetVecs)

.vecs      0    20000000    0000030c     NOLOAD SECTION
                  20000000    0000030c     release_pem4.oem4 (.vecs)

xdc.meta   0    00000000    00000105     COPY SECTION
                  00000000    00000105     release_pem4.oem4 (xdc.meta)

xdc.noload 
*          0    00000000    00000000     COPY SECTION

.binit     0    01000000    00000000     

MODULE SUMMARY

       Module                       code    ro data   rw data
       ------                       ----    -------   -------
    .\
       CC3220SF_LAUNCHXL.obj        28      401       1764   
       pid.obj                      680     36        0      
       i2c.obj                      554     9         0      
       controller-main.obj          532     0         8      
[...]
01009f89  ti_sysbios_rts_ti_ReentSupport_taskRegHook__I                   
01009f95  uDMAErrorStatusClear                                            
01009fa1  uDMAErrorStatusGet                                              
01009fb1  xdc_runtime_Startup_rtsDone__E                                  
01009fbd  zero_crossing_reset                                             
01009fc9  I2C_transfer                                                    
01009fd3  PWM_setDuty                                                     
01009fdd  PWM_setPeriod                                                   
01009fe7  PWM_start                                                       
01009ff1  PWM_stop                                                        
01009ffb  SPI_transfer                                                    
0100a005  Timer_start                                                     
0100a019  clear                                                           
0100a023  xdc_runtime_Memory_HeapProxy_alloc__E                           
0100a02d  xdc_runtime_Memory_HeapProxy_free__E                            
0100a03f  SemaphoreP_Params_init                                          
0100a04f  copysign                                                        
0100a04f  copysignl                                                       
0100a059  pthread_attr_setstacksize                                       
0100a061  ti_sysbios_family_arm_m3_Hwi_doSwiRestore__I                    
0100a069  ti_sysbios_family_arm_m3_Hwi_startup__E                         
0100a069  ti_sysbios_hal_Hwi_HwiProxy_startup__E                          
0100a069  ti_sysbios_hal_Hwi_startup__E                                   
0100a071  SPICC32XXDMA_control                                            
0100a077  TimerCC32XX_control                                             
0100a07d  UtilsDelay                                                      
0100a089  ti_sysbios_family_arm_m3_Hwi_doTaskRestore__I                   
0100a091  HwiP_restore                                                    
0100a091  ti_sysbios_family_arm_m3_Hwi_restoreFxn__E                      
0100a091  ti_sysbios_hal_Hwi_HwiProxy_restore__E                          
0100a099  ti_sysbios_gates_GateHwi_leave__E                               
0100a0a1  ti_sysbios_heaps_HeapMem_isBlocking__E                          
0100a0a9  ti_sysbios_knl_Queue_Instance_init__E                           
0100a0b1  ti_sysbios_knl_Swi_startup__E                                   
0100a0b9  xdc_runtime_System_Module_startup__E                            
0100a0c1  __aeabi_errno_addr                                              
0100a0c9  ti_sysbios_family_arm_m3_Timer_getMaxTicks__E                   
0100a0d1  ti_sysbios_gates_GateHwi_query__E                               
0100a0d1  xdc_runtime_Main_Module_GateProxy_query__E                      
0100a0d1  xdc_runtime_System_Module_GateProxy_query__E                    
0100a0d9  ti_sysbios_BIOS_RtsGateProxy_query__E                           
0100a0d9  ti_sysbios_gates_GateMutex_query__E                             
0100a0d9  ti_sysbios_heaps_HeapMem_Module_GateProxy_query__E              
0100a0e1  ti_sysbios_knl_Task_startup__E                                  
0100a0e9  ti_sysbios_BIOS_linkedWithIncorrectBootLibrary__E               
0100a0f1  ti_sysbios_gates_GateHwi_Instance_init__E                       
0100a0f9  ti_sysbios_knl_Clock_logTick__E                                 
0100a101  xdc_runtime_SysCallback_defaultAbort                            
0100a109  xdc_runtime_SysCallback_defaultExit                             
0100a111  xdc_runtime_System_abortSpin__E                                 
0100a119  xdc_runtime_System_exitSpin__E                                  
0100a11c  _ctypes_                                                        
0100a21d  ti_sysbios_knl_Clock_tickMode__C                                
0100a21e  ti_sysbios_family_arm_m3_Hwi_Module__id__C                      
0100a3c8  spiCC3220SDMAHWAttrs                                            
0100a498  ti_sysbios_knl_Task_Object__PARAMS__C                           
0100a4dc  PowerCC32XX_config                                              
0100a51c  ti_sysbios_family_arm_m3_Hwi_Object__PARAMS__C                  
0100a54c  timerCC3220SFHWAttrs                                            
0100a57c  ti_sysbios_heaps_HeapMem_Module__FXNS__C                        
0100a5a4  Timer_config                                                    
0100a5c8  ti_sysbios_gates_GateHwi_Module__FXNS__C                        
0100a5ec  ti_sysbios_gates_GateMutex_Module__FXNS__C                      
0100a610  ti_sysbios_heaps_HeapMem_Object__PARAMS__C                      
0100a634  ti_sysbios_knl_Semaphore_Object__PARAMS__C                      
0100a679  ti_sysbios_knl_Clock_tickSource__C                              
0100a67a  ti_sysbios_family_arm_m3_Timer_Module__id__C                    
0100a67c  PWMTimerCC32XX_fxnTable                                         
0100a69c  SPI_defaultParams                                               
0100a6dc  ti_sysbios_family_arm_m3_Hwi_Object__DESC__C                    
0100a6fc  ti_sysbios_gates_GateHwi_Object__DESC__C                        
0100a71c  ti_sysbios_gates_GateMutex_Object__DESC__C                      
0100a73c  ti_sysbios_heaps_HeapMem_Object__DESC__C                        
0100a75c  ti_sysbios_knl_Queue_Object__DESC__C                            
0100a77c  ti_sysbios_knl_Semaphore_Object__DESC__C                        
0100a79c  ti_sysbios_knl_Task_Object__DESC__C                             
0100a7bc  xdc_runtime_Startup_sfxnTab__A                                  
0100a7dc  TimerCC32XX_fxnTable                                            
0100a7f8  I2CCC32XX_fxnTable                                              
0100a810  PWM_config                                                      
0100a828  PWM_defaultParams                                               
0100a840  SPICC32XXDMA_fxnTable                                           
0100a858  SPI_config                                                      
0100a870  ti_sysbios_gates_GateHwi_Object__PARAMS__C                      
0100a888  ti_sysbios_gates_GateMutex_Object__PARAMS__C                    
0100a8a0  ti_sysbios_knl_Queue_Object__PARAMS__C                          
0100a8b8  ti_sysbios_knl_Task_hooks__A                                    
0100a8d0  GPIOCC32XX_config                                               
0100a91c  I2C_defaultParams                                               
0100a93c  i2cCC3220SHWAttrs                                               
0100a95c  xdc_runtime_Startup_sfxnRts__A                                  
0100a978  I2C_config                                                      
0100a9b4  udmaCC3220SHWAttrs                                              
0100a9c0  xdc_runtime_Startup_firstFxns__A                                
0100a9cc  Timer_count                                                     
0100a9cd  CryptoCC32XX_count                                              
0100a9ce  Display_count                                                   
0100a9cf  I2C_count                                                       
0100a9d0  PWM_count                                                       
0100a9d1  SDFatFS_count                                                   
0100a9d2  SDSPI_count                                                     
0100a9d3  SPI_count                                                       
0100a9d4  Watchdog_count                                                  
0100a9d5  dram_dispAddr                                                   
0100a9de  ti_sysbios_heaps_HeapMem_Module__id__C                          
0100a9e8  UDMACC32XX_config                                               
0100aa00  outPinTypes                                                     
0100aa08  pwmTimerCC3220SHWAttrs                                          
0100aa10  ti_sysbios_knl_Idle_funcList__A                                 
0100aa18  ti_sysbios_knl_Idle_funcList__C                                 
0100aa20  ti_sysbios_knl_Task_hooks__C                                    
0100aa30  xdc_runtime_Startup_firstFxns__C                                
0100aa38  xdc_runtime_Startup_lastFxns__C                                 
0100aa46  inPinTypes                                                      
0100aa4c  outPinStrengths                                                 
0100aa56  xdc_runtime_Memory_Module__id__C                                
0100aa58  ti_sysbios_family_arm_m3_Hwi_E_alreadyDefined__C                
0100aa5c  ti_sysbios_family_arm_m3_Hwi_NUM_INTERRUPTS__C                  
0100aa60  ti_sysbios_family_arm_m3_Hwi_Object__count__C                   
0100aa64  ti_sysbios_family_arm_m3_Hwi_ccr__C                             
0100aa68  ti_sysbios_family_arm_m3_Hwi_excHandlerFunc__C                  
0100aa6c  ti_sysbios_family_arm_m3_Hwi_nullIsrFunc__C                     
0100aa70  ti_sysbios_family_arm_m3_Hwi_priGroup__C                        
0100aa74  ti_sysbios_family_arm_m3_Hwi_swiDisable__C                      
0100aa78  ti_sysbios_family_arm_m3_Hwi_swiRestoreHwi__C                   
0100aa7c  ti_sysbios_family_arm_m3_TaskSupport_stackAlignment__C          
0100aa80  ti_sysbios_family_arm_m3_Timer_E_cannotSupport__C               
0100aa84  ti_sysbios_family_arm_m3_Timer_startupNeeded__C                 
0100aa88  ti_sysbios_gates_GateMutex_Instance_State_sem__O                
0100aa8c  ti_sysbios_heaps_HeapMem_E_memory__C                            
0100aa90  ti_sysbios_heaps_HeapMem_Module__gateObj__C                     
0100aa94  ti_sysbios_heaps_HeapMem_Object__count__C                       
0100aa98  ti_sysbios_heaps_HeapMem_primaryHeapBaseAddr__C                 
0100aa9c  ti_sysbios_heaps_HeapMem_primaryHeapEndAddr__C                  
0100aaa0  ti_sysbios_heaps_HeapMem_reqAlign__C                            
0100aaa4  ti_sysbios_knl_Clock_Module_State_clockQ__O                     
0100aaa8  ti_sysbios_knl_Clock_tickPeriod__C                              
0100aaac  ti_sysbios_knl_Mailbox_Instance_State_freeQue__O                
0100aab0  ti_sysbios_knl_Mailbox_Object__count__C                         
0100aab4  ti_sysbios_knl_Mailbox_maxTypeAlign__C                          
0100aab8  ti_sysbios_knl_Semaphore_Instance_State_pendQ__O                
0100aabc  ti_sysbios_knl_Swi_Object__count__C                             
0100aac0  ti_sysbios_knl_Task_Module_State_inactiveQ__O                   
0100aac4  ti_sysbios_knl_Task_Object__count__C                            
0100aac8  ti_sysbios_knl_Task_Object__heap__C                             
0100aacc  ti_sysbios_knl_Task_allBlockedFunc__C                           
0100aad0  ti_sysbios_knl_Task_defaultStackHeap__C                         
0100aad4  ti_sysbios_knl_Task_defaultStackSize__C                         
0100aad8  ti_sysbios_knl_Task_numConstructedTasks__C                      
0100aadc  xdc_runtime_Error_E_memory__C                                   
0100aae0  xdc_runtime_Error_policyFxn__C                                  
0100aae4  xdc_runtime_IGateProvider_Interface__BASE__C                    
0100aae8  xdc_runtime_IHeap_Interface__BASE__C                            
0100aaec  xdc_runtime_IModule_Interface__BASE__C                          
0100aaf0  xdc_runtime_Memory_defaultHeapInstance__C                       
0100aaf4  xdc_runtime_Startup_execImpl__C                                 
0100aaf8  xdc_runtime_Startup_maxPasses__C                                
0100aafc  xdc_runtime_Startup_sfxnRts__C                                  
0100ab00  xdc_runtime_Startup_sfxnTab__C                                  
0100ab04  xdc_runtime_SysCallback_abortFxn__C                             
0100ab08  xdc_runtime_SysCallback_exitFxn__C                              
0100ab0c  xdc_runtime_System_Module__gateObj__C                           
0100ab10  xdc_runtime_System_abortFxn__C                                  
0100ab14  xdc_runtime_System_exitFxn__C                                   
0100ab18  xdc_runtime_System_maxAtexitHandlers__C                         
0100ab1c  xdc_runtime_Text_charTab__C                                     
0100ab20  xdc_runtime_Text_nameEmpty__C                                   
0100ab24  xdc_runtime_Text_nameStatic__C                                  
0100ab28  xdc_runtime_Text_nameUnknown__C                                 
0100ab2c  xdc_runtime_Text_charCnt__C                                     
0100ab2e  xdc_runtime_Text_isLoaded__C                                    
0100ab30  xdc_runtime_Error_policy__C                                     
0100ab31  xdc_runtime_Text_charTab__A                                     
0100ab38  __TI_static_base__                                              
0100ade8  __TI_Handler_Table_Base                                         
0100adf4  __TI_Handler_Table_Limit                                        
0100ae00  __TI_CINIT_Base                                                 
0100ae10  __TI_CINIT_Limit                                                
20000000  ti_sysbios_family_arm_m3_Hwi_ramVectors                         
20000310  __primary_heap_start__                                          
20008310  __primary_heap_end__                                            
20008800  ti_sysbios_family_arm_m3_Hwi_dispatchTable                      
20008b10  ti_sysbios_knl_Task_Instance_State_0_stack__A                   
20008d10  PowerCC32XX_contextSave                                         
20008e3c  __CIOBUF_                                                       
20008f5c  __TI_tmpnams                                                    
20008ffc  timerCC3220SFObjects                                            
20009098  spiCC3220SDMAObjects                                            
20009120  i2cCC3220SObjects                                               
20009170  pwmTimerCC3220SObjects                                          
200091f4  i2c_transaction                                                 
20009238  parmbuf                                                         
20009240  spiCC3220SDMAscratchBuf                                         
20009248  switchers                                                       
20009250  udmaCC3220SObject                                               
2000925c  ctls                                                            
20009260  i2c_master                                                      
20009264  sens_list                                                       
20009268  sensor                                                          
2000926c  ti_sysbios_knl_Task_Instance_State_0_hookEnv__A                 
20009274  PowerCC32XX_module                                              
200093e0  parkInfo                                                        
200094d8  _ftable                                                         
20009650  ti_sysbios_knl_Swi_Module_State_0_readyQ__A                     
200096d0  ti_sysbios_knl_Task_Module_State_0_readyQ__A                    
20009750  _device                                                         
200097c8  ti_sysbios_knl_Task_Object__table__V                            
20009824  ti_sysbios_gates_GateMutex_Object__table__V                     
20009878  _stream                                                         
200098c8  ti_sysbios_knl_Task_Module__state__V                            
20009910  ti_sysbios_family_arm_m3_Hwi_Module__state__V                   
20009944  ti_sysbios_family_arm_m3_Timer_Object__table__V                 
20009974  ti_sysbios_knl_Swi_Object__table__V                             
200099a4  ti_sysbios_knl_Clock_Module__state__V                           
200099d0  ti_sysbios_BIOS_Module__state__V                                
200099f4  xdc_runtime_Error_IgnoreBlock                                   
20009a14  ti_sysbios_knl_Swi_Module__state__V                             
20009a30  gpioPinConfigs                                                  
20009a48  ti_sysbios_family_arm_m3_Hwi_Object__table__V                   
20009a60  ti_sysbios_heaps_HeapMem_Object__table__V                       
20009a88  __TI_ft_end                                                     
20009a8c  __aeabi_stdin                                                   
20009a90  __aeabi_stdout                                                  
20009a94  __aeabi_stderr                                                  
20009a98  __TI_cleanup_ptr                                                
20009a9c  __TI_dtors_ptr                                                  
20009aa0  __TI_enable_exit_profile_output                                 
20009aa4  idx                                                             
20009aa8  count                                                           
20009aac  setPoint                                                        
20009ab0  ti_sysbios_family_arm_m3_Timer_Module__state__V                 
20009ac6  ti_sysbios_family_arm_m3_Hwi_Module_State_0_excActive__A        
20009ac8  _lock                                                           
20009acc  _unlock                                                         
20009ad0  pid_scale                                                       
20009ad4  currentDuty                                                     
20009ae0  gpioCallbackFunctions                                           
20009ae8  ti_sysbios_family_arm_cc32xx_Seconds_Module__state__V           
20009af0  ti_sysbios_family_arm_m3_Hwi_Module__root__V                    
20009af8  ti_sysbios_gates_GateHwi_Module__root__V                        
20009b00  ti_sysbios_gates_GateMutex_Module__root__V                      
20009b08  ti_sysbios_heaps_HeapMem_Module__root__V                        
20009b10  ti_sysbios_knl_Queue_Module__root__V                            
20009b18  ti_sysbios_knl_Semaphore_Module__root__V                        
20009b20  ti_sysbios_knl_Task_Module__root__V                             
20009b28  xdc_runtime_Startup_Module__state__V                            
20009b30  xdc_runtime_System_Module_State_0_atexitHandlers__A             
20009b38  xdc_runtime_System_Module__state__V                             
20009b40  main_func_sp                                                    
20009b44  ti_sysbios_family_arm_m3_Hwi_Module_State_0_excContext__A       
20009b48  ti_sysbios_family_arm_m3_Hwi_Module_State_0_excStack__A         
20009b4c  ti_sysbios_gates_GateHwi_Object__table__V                       
20009b50  ti_sysbios_knl_Task_Module_State_0_idleTask__A                  
20009b54  ti_sysbios_rts_ti_ReentSupport_Module__state__V                 
20009b58  xdc_runtime_Memory_Module__state__V                             
2003fc00  __stack                                                         
20040000  __STACK_END                                                     
e000e000  ti_sysbios_family_arm_m3_Hwi_nvic                               
ffffffff  __TI_pprof_out_hndl                                             
ffffffff  __TI_prof_data_size                                             
ffffffff  __TI_prof_data_start                                            
ffffffff  __binit__                                                       
ffffffff  __c_args__                                                      
ffffffff  binit                                                           
UNDEFED   SHT$$INIT_ARRAY$$Base                                           
UNDEFED   SHT$$INIT_ARRAY$$Limit                                          

[728 symbols]
