******************************************************************************
                  TI ARM Linker PC v18.1.3                     
******************************************************************************
>> Linked Sun Jan  6 10:26:54 2019

OUTPUT FILE NAME:   <pid_controller_jimcomp.out>
ENTRY POINT SYMBOL: "_c_int00"  address: 01007b81


MEMORY CONFIGURATION

         name            origin    length      used     unused   attr    fill
----------------------  --------  ---------  --------  --------  ----  --------
  FLASH_HDR             01000000   000007ff  00000000  000007ff  R  X
  FLASH                 01000800   000ff800  0000a15c  000f56a4  R  X
  SRAM                  20000000   00040000  00009e68  00036198  RW X


SEGMENT ALLOCATION MAP

run origin  load origin   length   init length attrs members
----------  ----------- ---------- ----------- ----- -------
01000800    01000800    0000a168   0000a168    r-x
  01000800    01000800    0000003c   0000003c    r-- .resetVecs
  01000840    01000840    00009442   00009442    r-x .text
  01009c84    01009c84    00000a0e   00000a0e    r-- .const
  0100a698    0100a698    000002d0   000002d0    r-- .cinit
20000310    20000310    00008000   00000000    r--
  20000310    20000310    00008000   00000000    r-- .priheap
20008400    20008400    0000175f   00000000    rw-
  20008400    20008400    00000e71   00000000    rw- .bss
  20009274    20009274    000008eb   00000000    rw- .data
2003fc00    2003fc00    00000400   00000000    rw-
  2003fc00    2003fc00    00000400   00000000    rw- .stack


SECTION ALLOCATION MAP

 output                                  attributes/
section   page    origin      length       input sections
--------  ----  ----------  ----------   ----------------
.text      0    01000840    00009442     
                  01000840    00000a4a     rtsv7M4_T_le_eabi.lib : _printfi.c.obj (.text:__TI_printfi)
                  0100128a    00000002     drivers_cc32xx.aem4 : I2CCC32XX.oem4 (.text:I2CCC32XX_cancel)
                  0100128c    0000042c     driverlib.a : prcm.obj (.text:PRCMCC3200MCUInit)
                  010016b8    00000268     rtsv7M4_T_le_eabi.lib : _printfi.c.obj (.text:_pconv_a)
                  01001920    000001d0     drivers_cc32xx.aem4 : SPICC32XXDMA.oem4 (.text:SPICC32XXDMA_transfer)
                  01001af0    000001cc     rtsv7M4_T_le_eabi.lib : _printfi.c.obj (.text:_pconv_g)
                  01001cbc    000001c8     drivers_cc32xx.aem4 : GPIOCC32XX.oem4 (.text:GPIO_setConfig)
                  01001e84    000001b8                         : SPICC32XXDMA.oem4 (.text:configDMA)
                  0100203c    000001b6     rtsv7M4_T_le_eabi.lib : fd_add_t2.asm.obj (.text)
                  010021f2    00000002     drivers_cc32xx.aem4 : I2CCC32XX.oem4 (.text:I2CCC32XX_init)
                  010021f4    00000168     controller-main.obj (.text:mainThread)
                  0100235c    00000158     dpl_cc32xx.aem4 : PowerCC32XX_tirtos.oem4 (.text:PowerCC32XX_sleepPolicy)
                  010024b4    00000158     drivers_cc32xx.aem4 : SPICC32XXDMA.oem4 (.text:SPICC32XXDMA_open)
                  0100260c    00000150                         : PowerCC32XX.oem4 (.text:parkPins)
                  0100275c    0000013c     rtsv7M4_T_le_eabi.lib : _printfi.c.obj (.text:_pconv_e)
                  01002898    00000136                           : fd_div_t2.asm.obj (.text)
                  010029ce    00000002     drivers_cc32xx.aem4 : PWMTimerCC32XX.oem4 (.text:PWMTimerCC32XX_init)
                  010029d0    00000134     rtsv7M4_T_le_eabi.lib : vla_alloc.c.obj (.text:__vla_alloc)
                  01002b04    00000004     dpl_cc32xx.aem4 : ClockP_tirtos.oem4 (.text:ClockP_getCpuFreq)
                  01002b08    00000130     sysbios.aem4 : BIOS.obj (.text:ti_sysbios_knl_Semaphore_pend__E)
                  01002c38    00000128     drivers_cc32xx.aem4 : TimerCC32XX.oem4 (.text:TimerCC32XX_open)
                  01002d60    00000122                         : I2CCC32XX.oem4 (.text:I2CCC32XX_hwiFxn)
                  01002e82    00000002                         : TimerCC32XX.oem4 (.text:TimerCC32XX_init)
                  01002e84    00000120     rtsv7M4_T_le_eabi.lib : _printfi.c.obj (.text:fcvt)
                  01002fa4    00000004     dpl_cc32xx.aem4 : HwiP_tirtos.oem4 (.text:HwiP_clearInterrupt)
                  01002fa8    0000011c     sysbios.aem4 : BIOS.obj (.text:xdc_runtime_Startup_startMods__I)
                  010030c4    00000118     drivers_cc32xx.aem4 : PowerCC32XX.oem4 (.text:Power_sleep)
                  010031dc    00000114     rtsv7M4_T_le_eabi.lib : fputs.c.obj (.text:fputs)
                  010032f0    00000110     sysbios.aem4 : BIOS.obj (.text:ti_sysbios_knl_Task_postInit__I)
                  01003400    0000010c     drivers_cc32xx.aem4 : I2CCC32XX.oem4 (.text:I2CCC32XX_open)
                  0100350c    00000004     dpl_cc32xx.aem4 : HwiP_tirtos.oem4 (.text:HwiP_disable)
                  01003510    00000104     sysbios.aem4 : BIOS.obj (.text:ti_sysbios_knl_Task_Instance_finalize__E)
                  01003614    000000fc     rtsv7M4_T_le_eabi.lib : fd_mul_t2.asm.obj (.text)
                  01003710    000000fc     sysbios.aem4 : BIOS.obj (.text:ti_sysbios_knl_Task_Instance_init__E)
                  0100380c    000000f2     drivers_cc32xx.aem4 : SPICC32XXDMA.oem4 (.text:SPICC32XXDMA_transferCancel)
                  010038fe    00000002     rtsv7M4_T_le_eabi.lib : _lock.c.obj (.text:_nop)
                  01003900    000000f0     drivers_cc32xx.aem4 : PWMTimerCC32XX.oem4 (.text:PWMTimerCC32XX_open)
                  010039f0    000000ec     sysbios.aem4 : BIOS.obj (.text:pthread_create)
                  01003adc    00000004     dpl_cc32xx.aem4 : HwiP_tirtos.oem4 (.text:HwiP_disableInterrupt)
                  01003ae0    000000e0     sysbios.aem4 : BIOS.obj (.text:clock_gettime)
                  01003bc0    000000dc     rtsv7M4_T_le_eabi.lib : setvbuf.c.obj (.text:setvbuf)
                  01003c9c    000000d8     drivers_cc32xx.aem4 : SPICC32XXDMA.oem4 (.text:SPICC32XXDMA_close)
                  01003d74    000000d0     rtsv7M4_T_le_eabi.lib : s_scalbn.c.obj (.text:scalbn)
                  01003e44    000000d0     sysbios.aem4 : m3_Hwi_asm.obj (.text:ti_sysbios_family_arm_m3_Hwi_dispatch__I)
                  01003f14    00000004     dpl_cc32xx.aem4 : HwiP_tirtos.oem4 (.text:HwiP_enableInterrupt)
                  01003f18    000000d0     sysbios.aem4 : BIOS.obj (.text:ti_sysbios_heaps_HeapMem_alloc__E)
                  01003fe8    000000c8     pid.obj (.text:control)
                  010040b0    000000c8     drivers_cc32xx.aem4 : SPICC32XXDMA.oem4 (.text:spiHwiFxn)
                  01004178    000000c4                         : GPIOCC32XX.oem4 (.text:GPIO_init)
                  0100423c    000000c4                         : PWMTimerCC32XX.oem4 (.text:PWMTimerCC32XX_stop)
                  01004300    000000c4     sysbios.aem4 : BIOS.obj (.text:ti_sysbios_knl_Task_sleep__E)
                  010043c4    00000004     drivers_cc32xx.aem4 : SPICC32XXDMA.oem4 (.text:SPICC32XXDMA_init)
                  010043c8    000000bc     sysbios.aem4 : BIOS.obj (.text:xdc_runtime_Core_createObject__I)
                  01004484    000000b8     drivers_cc32xx.aem4 : PWMTimerCC32XX.oem4 (.text:PWMTimerCC32XX_setDuty)
                  0100453c    000000b4                         : PowerCC32XX.oem4 (.text:restoreParkedPins)
                  010045f0    000000b1     rtsv7M4_T_le_eabi.lib : _printfi.c.obj (.text:_ltostr)
                  010046a1    00000001     --HOLE-- [fill = 0]
                  010046a2    00000002                           : div0.asm.obj (.text)
                  010046a4    000000a8     driverlib.a : prcm.obj (.text:PRCMPeripheralClockGet)
                  0100474c    000000a8     drivers_cc32xx.aem4 : PowerCC32XX.oem4 (.text:PowerCC32XX_configureWakeup)
                  010047f4    000000a4                         : I2CCC32XX.oem4 (.text:I2CCC32XX_transfer)
                  01004898    000000a4                         : PWMTimerCC32XX.oem4 (.text:initHw)
                  0100493c    000000a4     spi.obj (.text:read_spi)
                  010049e0    000000a4     sysbios.aem4 : BIOS.obj (.text:ti_sysbios_knl_Task_setPri__E)
                  01004a84    000000a0     auto_init.aem4 : auto_init.oem4 (.text)
                  01004b24    00000004     dpl_cc32xx.aem4 : SemaphoreP_tirtos.oem4 (.text:SemaphoreP_post)
                  01004b28    0000009c     sysbios.aem4 : BIOS.obj (.text:_pthread_removeThreadKeys)
                  01004bc4    0000009c     rtsv7M4_T_le_eabi.lib : memcpy_t2.asm.obj (.text)
                  01004c60    00000098     drivers_cc32xx.aem4 : PWMTimerCC32XX.oem4 (.text:PWMTimerCC32XX_setPeriod)
                  01004cf8    00000098                         : GPIOCC32XX.oem4 (.text:powerNotifyFxn)
                  01004d90    00000098     sensor.obj (.text:sensor_init)
                  01004e28    00000098     sysbios.aem4 : BIOS.obj (.text:ti_sysbios_family_arm_m3_Hwi_Instance_init__E)
                  01004ec0    00000096     rtsv7M4_T_le_eabi.lib : ull_div_t2.asm.obj (.text)
                  01004f56    00000002     release_pem4.oem4 (.text:ti_sysbios_BIOS_nullFunc__I)
                  01004f58    00000094     drivers_cc32xx.aem4 : SPICC32XXDMA.oem4 (.text:initHw)
                  01004fec    00000004     rtsv7M4_T_le_eabi.lib : error.c.obj (.text:__abort_execution)
                  01004ff0    00000094     sysbios.aem4 : BIOS.obj (.text:ti_sysbios_knl_Task_exit__E)
                  01005084    00000090     drivers_cc32xx.aem4 : PowerCC32XX.oem4 (.text:restoreNVICRegs)
                  01005114    00000004     rtsv7M4_T_le_eabi.lib : printf.c.obj (.text:_outc)
                  01005118    00000090     sysbios.aem4 : BIOS.obj (.text:ti_sysbios_knl_Task_Module_startup__E)
                  010051a8    0000008c     drivers_cc32xx.aem4 : I2CCC32XX.oem4 (.text:I2CCC32XX_close)
                  01005234    0000008c     rtsv7M4_T_le_eabi.lib : fputc.c.obj (.text:fputc)
                  010052c0    0000008c     sysbios.aem4 : BIOS.obj (.text:xdc_runtime_Memory_alloc__E)
                  0100534c    00000088     drivers_cc32xx.aem4 : PWMTimerCC32XX.oem4 (.text:PWMTimerCC32XX_close)
                  010053d4    00000088     driverlib.a : pin.obj (.text:PinConfigSet)
                  0100545c    00000004     rtsv7M4_T_le_eabi.lib : printf.c.obj (.text:_outs)
                  01005460    00000088     sysbios.aem4 : BIOS.obj (.text:ti_sysbios_family_arm_m3_Hwi_initNVIC__E)
                  010054e8    00000088                  : BIOS.obj (.text:ti_sysbios_family_arm_m3_TaskSupport_start__E)
                  01005570    00000086     drivers_cc32xx.aem4 : I2CCC32XX.oem4 (.text:I2CCC32XX_primeTransfer)
                  010055f6    00000086     rtsv7M4_T_le_eabi.lib : fd_cmp_t2.asm.obj (.text:__aeabi_cdcmple)
                  0100567c    00000086                           : fd_cmp_t2.asm.obj (.text:__aeabi_cdrcmple)
                  01005702    00000006     drivers_cc32xx.aem4 : I2CCC32XX.oem4 (.text:I2CCC32XX_control)
                  01005708    00000086     sysbios.aem4 : BIOS.obj (.text:xdc_runtime_Core_constructObject__I)
                  0100578e    00000002     release_pem4.oem4 (.text:xdc_runtime_Startup_reset__I)
                  01005790    00000084     drivers_cc32xx.aem4 : PowerCC32XX.oem4 (.text:Power_init)
                  01005814    00000084     Rotary Encoder.obj (.text:encoder_transition)
                  01005898    00000084     drivers_cc32xx.aem4 : PowerCC32XX.oem4 (.text:saveNVICRegs)
                  0100591c    00000004     rtsv7M4_T_le_eabi.lib : exit.c.obj (.text:abort:abort)
                  01005920    00000084     sysbios.aem4 : BIOS.obj (.text:ti_sysbios_family_arm_m3_Hwi_postInit__I)
                  010059a4    00000004     pid.obj (.text:set_sample_time)
                  010059a8    00000084     sysbios.aem4 : BIOS.obj (.text:ti_sysbios_heaps_HeapMem_free__E)
                  01005a2c    00000080     drivers_cc32xx.aem4 : PowerCC32XX.oem4 (.text:Power_setDependency)
                  01005aac    00000004     pid.obj (.text:set_sp)
                  01005ab0    00000080     sysbios.aem4 : BIOS.obj (.text:ti_sysbios_knl_Clock_workFunc__E)
                  01005b30    0000007c     drivers_cc32xx.aem4 : UDMACC32XX.oem4 (.text:UDMACC32XX_open)
                  01005bac    0000007a     rtsv7M4_T_le_eabi.lib : fs_mul_t2.asm.obj (.text)
                  01005c26    0000007a                           : memset_t2.asm.obj (.text)
                  01005ca0    00000078     drivers_cc32xx.aem4 : GPIOCC32XX.oem4 (.text:GPIO_hwiIntFxn)
                  01005d18    00000078                         : TimerCC32XX.oem4 (.text:TimerCC32XX_start)
                  01005d90    00000078     rtsv7M4_T_le_eabi.lib : vla_alloc.c.obj (.text:_ZN33_INTERNAL_11_vla_alloc_c_be8bd49b21free_dead_allocationsEPv)
                  01005e08    00000078                           : vla_alloc.c.obj (.text:__vla_dealloc)
                  01005e80    00000078     i2c.obj (.text:initLCD)
                  01005ef8    00000078     pwm.obj (.text:init_pwm)
                  01005f70    00000078     i2c.obj (.text:writeToLCD)
                  01005fe8    00000074     rtsv7M4_T_le_eabi.lib : fclose.c.obj (.text:__TI_closefile)
                  0100605c    00000004     pid.obj (.text:set_tuning_period)
                  01006060    00000074     sysbios.aem4 : BIOS.obj (.text:xdc_runtime_Core_deleteObject__I)
                  010060d4    00000004     release_pem4.oem4 (.text:ti_sysbios_BIOS_RtsGateProxy_enter__E)
                  010060d8    00000070     sysbios.aem4 : BIOS.obj (.text:ti_sysbios_heaps_HeapMem_initPrimary__I)
                  01006148    0000006e     rtsv7M4_T_le_eabi.lib : _printfi.c.obj (.text:_mcpy)
                  010061b6    00000002     --HOLE-- [fill = 0]
                  010061b8    0000006c     sysbios.aem4 : BIOS.obj (.text:ti_sysbios_knl_Swi_restoreHwi__E)
                  01006224    00000068     rtsv7M4_T_le_eabi.lib : hostlseek.c.obj (.text:HOSTlseek)
                  0100628c    00000068                           : hostrename.c.obj (.text:HOSTrename)
                  010062f4    00000068     drivers_cc32xx.aem4 : PWMTimerCC32XX.oem4 (.text:PWMTimerCC32XX_start)
                  0100635c    00000068     rtsv7M4_T_le_eabi.lib : copy_decompress_lzss.c.obj (.text:decompress:lzss:__TI_decompress_lzss)
                  010063c4    00000068     drivers_cc32xx.aem4 : I2CCC32XX.oem4 (.text:initHw)
                  0100642c    00000068     rtsv7M4_T_le_eabi.lib : printf.c.obj (.text:printf)
                  01006494    00000004     release_pem4.oem4 (.text:ti_sysbios_BIOS_RtsGateProxy_leave__E)
                  01006498    00000068     sysbios.aem4 : BIOS.obj (.text:pthread_exit)
                  01006500    00000064     drivers_cc32xx.aem4 : GPIOCC32XX.oem4 (.text:GPIO_toggle)
                  01006564    00000064                         : PowerCC32XX.oem4 (.text:PowerCC32XX_setParkState)
                  010065c8    00000064     rtsv7M4_T_le_eabi.lib : fseek.c.obj (.text:fseek)
                  0100662c    00000004     release_pem4.oem4 (.text:ti_sysbios_family_arm_m3_Hwi_delete)
                  01006630    00000064     sysbios.aem4 : BIOS.obj (.text:ti_sysbios_family_arm_m3_Hwi_dispatchC__I)
                  01006694    00000062     rtsv7M4_T_le_eabi.lib : _io_perm.c.obj (.text:__TI_wrt_ok)
                  010066f6    00000002     --HOLE-- [fill = 0]
                  010066f8    00000060                           : hostopen.c.obj (.text:HOSTopen)
                  01006758    00000060     driverlib.a : prcm.obj (.text:PRCMSysResetCauseGet)
                  010067b8    00000060     pid.obj (.text:controller_init)
                  01006818    00000060     main_tirtos.obj (.text:main)
                  01006878    00000060     sysbios.aem4 : BIOS.obj (.text:ti_sysbios_knl_Semaphore_post__E)
                  010068d8    00000060                  : BIOS.obj (.text:ti_sysbios_knl_Swi_run__I)
                  01006938    0000005c     rtsv7M4_T_le_eabi.lib : close.c.obj (.text:close)
                  01006994    0000005c                           : s_frexp.c.obj (.text:frexp)
                  010069f0    0000005c     sysbios.aem4 : BIOS.obj (.text:ti_sysbios_family_arm_m3_Timer_start__E)
                  01006a4c    00000004     release_pem4.oem4 (.text:ti_sysbios_family_arm_m3_TaskSupport_Module__startupDone__S)
                  01006a50    0000005c     sysbios.aem4 : BIOS.obj (.text:ti_sysbios_knl_Swi_schedule__I)
                  01006aac    00000004     release_pem4.oem4 (.text:ti_sysbios_heaps_HeapMem_Module_GateProxy_enter__E)
                  01006ab0    0000005c     sysbios.aem4 : BIOS.obj (.text:ti_sysbios_knl_Task_startCore__E)
                  01006b0c    00000004     release_pem4.oem4 (.text:ti_sysbios_heaps_HeapMem_Module_GateProxy_leave__E)
                  01006b10    0000005c     sysbios.aem4 : BIOS.obj (.text:xdc_runtime_Startup_exec__E)
                  01006b6c    00000058     drivers_cc32xx.aem4 : GPIOCC32XX.oem4 (.text:GPIO_setCallback)
                  01006bc4    00000058     rtsv7M4_T_le_eabi.lib : hostread.c.obj (.text:HOSTread)
                  01006c1c    00000058                           : hostwrite.c.obj (.text:HOSTwrite)
                  01006c74    00000058     driverlib.a : prcm.obj (.text:PRCMPeripheralReset)
                  01006ccc    00000058     drivers_cc32xx.aem4 : PowerCC32XX.oem4 (.text:Power_releaseDependency)
                  01006d24    00000004     release_pem4.oem4 (.text:ti_sysbios_knl_Clock_TimerProxy_getMaxTicks__E)
                  01006d28    00000058     sysbios.aem4 : BIOS.obj (.text:ti_sysbios_family_arm_cc32xx_Seconds_getCount__I)
                  01006d80    00000056     drivers_cc32xx.aem4 : TimerCC32XX.oem4 (.text:TimerCC32XX_stop)
                  01006dd6    00000056     rtsv7M4_T_le_eabi.lib : _printfi.c.obj (.text:_pconv_f)
                  01006e2c    00000054                           : ltoa.c.obj (.text:ltoa)
                  01006e80    00000054     release_pem4.oem4 (.text:ti_sysbios_family_arm_m3_Hwi_create)
                  01006ed4    00000004     release_pem4.oem4 (.text:ti_sysbios_knl_Clock_TimerProxy_setPeriodMicroSecs__E)
                  01006ed8    00000054     sysbios.aem4 : BIOS.obj (.text:ti_sysbios_family_arm_m3_Timer_setPeriod__E)
                  01006f2c    00000004     release_pem4.oem4 (.text:ti_sysbios_knl_Clock_TimerProxy_start__E)
                  01006f30    00000054     sysbios.aem4 : BIOS.obj (.text:xdc_runtime_Core_assignLabel__I)
                  01006f84    00000052     drivers_cc32xx.aem4 : PowerCC32XX.oem4 (.text:PowerCC32XX_parkPin)
                  01006fd6    00000052                         : PowerCC32XX_asm.oem4 (.text:PowerCC32XX_resumeLPDS)
                  01007028    00000052     rtsv7M4_T_le_eabi.lib : _printfi.c.obj (.text:_ecpy)
                  0100707a    00000052     drivers_cc32xx.aem4 : TimerCC32XX.oem4 (.text:initHw)
                  010070cc    00000050                         : TimerCC32XX.oem4 (.text:TimerCC32XX_allocateTimerResource)
                  0100711c    00000004     release_pem4.oem4 (.text:ti_sysbios_knl_Clock_TimerProxy_stop__E)
                  01007120    00000050     sysbios.aem4 : BIOS.obj (.text:ti_sysbios_family_arm_cc32xx_Seconds_getTime__E)
                  01007170    00000050                  : BIOS.obj (.text:ti_sysbios_family_arm_m3_Hwi_Module_startup__E)
                  010071c0    00000050     release_pem4.oem4 (.text:ti_sysbios_knl_Task_create)
                  01007210    0000004c     drivers_cc32xx.aem4 : GPIOCC32XX.oem4 (.text:GPIO_disableInt)
                  0100725c    0000004c                         : GPIOCC32XX.oem4 (.text:GPIO_enableInt)
                  010072a8    0000004c                         : I2CCC32XX.oem4 (.text:I2CCC32XX_completeTransfer)
                  010072f4    0000004c     rtsv7M4_T_le_eabi.lib : fflush.c.obj (.text:__TI_doflush)
                  01007340    0000004c                           : atoi.c.obj (.text:atoi)
                  0100738c    0000004c                           : cpy_tbl.c.obj (.text:copy_in)
                  010073d8    0000004c     drivers_cc32xx.aem4 : PWMTimerCC32XX.oem4 (.text:getDutyCounts)
                  01007424    0000004c                         : PWMTimerCC32XX.oem4 (.text:getPeriodCounts)
                  01007470    0000004c                         : PowerCC32XX.oem4 (.text:restorePeriphClocks)
                  010074bc    00000004     release_pem4.oem4 (.text:ti_sysbios_knl_Semaphore_delete)
                  010074c0    0000004c     sysbios.aem4 : BIOS.obj (.text:ti_sysbios_heaps_HeapMem_getStats__E)
                  0100750c    00000004     release_pem4.oem4 (.text:ti_sysbios_knl_Task_delete)
                  01007510    0000004c     sysbios.aem4 : BIOS.obj (.text:ti_sysbios_knl_Swi_runLoop__I)
                  0100755c    00000004     release_pem4.oem4 (.text:xdc_runtime_System_Module_GateProxy_enter__E)
                  01007560    0000004c     sysbios.aem4 : BIOS.obj (.text:ti_sysbios_knl_Task_allBlockedFunction__I)
                  010075ac    00000004     release_pem4.oem4 (.text:xdc_runtime_System_Module_GateProxy_leave__E)
                  010075b0    0000004c     sysbios.aem4 : BIOS.obj (.text:ti_sysbios_knl_Task_schedule__I)
                  010075fc    00000048     driverlib.a : flash.obj (.text:FlashDisable)
                  01007644    00000048                 : prcm.obj (.text:PRCMLPDSEnter)
                  0100768c    00000048                 : prcm.obj (.text:PRCMPeripheralClkEnable)
                  010076d4    00000048     drivers_cc32xx.aem4 : PowerCC32XX.oem4 (.text:Power_releaseConstraint)
                  0100771c    00000048     rtsv7M4_T_le_eabi.lib : fd_toi_t2.asm.obj (.text)
                  01007764    00000004     --HOLE-- [fill = 0]
                  01007768    00000048     sysbios.aem4 : BIOS.obj (.text:ti_sysbios_family_arm_m3_Hwi_disableInterrupt__E)
                  010077b0    00000048                  : BIOS.obj (.text:ti_sysbios_family_arm_m3_Hwi_enableInterrupt__E)
                  010077f8    00000048                  : m3_Hwi_asm_switch.obj (.text:ti_sysbios_family_arm_m3_Hwi_initStacks__E)
                  01007840    00000048                  : BIOS.obj (.text:ti_sysbios_family_arm_m3_Timer_initDevice__I)
                  01007888    00000048                  : BIOS.obj (.text:ti_sysbios_knl_Mailbox_Module_startup__E)
                  010078d0    00000048                  : BIOS.obj (.text:xdc_runtime_Core_assignParams__I)
                  01007918    00000046     drivers_cc32xx.aem4 : TimerCC32XX.oem4 (.text:getPrescaler)
                  0100795e    00000002     --HOLE-- [fill = 0]
                  01007960    00000044     rtsv7M4_T_le_eabi.lib : hostclose.c.obj (.text:HOSTclose)
                  010079a4    00000044                           : hostunlink.c.obj (.text:HOSTunlink)
                  010079e8    00000044     drivers_cc32xx.aem4 : I2C.oem4 (.text:I2C_init)
                  01007a2c    00000044     driverlib.a : prcm.obj (.text:PRCMLPDSRestoreInfoSet)
                  01007a70    00000044     drivers_cc32xx.aem4 : PWM.oem4 (.text:PWM_init)
                  01007ab4    00000044                         : PowerCC32XX_asm.oem4 (.text:PowerCC32XX_enterLPDS)
                  01007af8    00000044                         : SPI.oem4 (.text:SPI_init)
                  01007b3c    00000044                         : Timer.oem4 (.text:Timer_init)
                  01007b80    00000044     boot.aem4 : boot.oem4 (.text)
                  01007bc4    00000044     rtsv7M4_T_le_eabi.lib : getdevice.c.obj (.text:getdevice)
                  01007c08    00000044     sensor.obj (.text:sensor_read)
                  01007c4c    00000004     --HOLE-- [fill = 0]
                  01007c50    00000044     sysbios.aem4 : BIOS.obj (.text:ti_sysbios_family_arm_m3_Hwi_getStackInfo__E)
                  01007c94    00000004     --HOLE-- [fill = 0]
                  01007c98    00000044                  : BIOS.obj (.text:ti_sysbios_knl_Mailbox_postInit__I)
                  01007cdc    00000004     --HOLE-- [fill = 0]
                  01007ce0    00000044                  : BIOS.obj (.text:ti_sysbios_knl_Swi_post__E)
                  01007d24    00000004     --HOLE-- [fill = 0]
                  01007d28    00000044                  : BIOS.obj (.text:xdc_runtime_System_atexit__E)
                  01007d6c    00000040     dpl_cc32xx.aem4 : HwiP_tirtos.oem4 (.text:HwiP_create)
                  01007dac    00000040     driverlib.a : pin.obj (.text:PinModeSet)
                  01007dec    00000040     drivers_cc32xx.aem4 : UDMACC32XX.oem4 (.text:UDMACC32XX_init)
                  01007e2c    00000040     i2c.obj (.text:command)
                  01007e6c    00000040     spi.obj (.text:init_spi)
                  01007eac    00000040     timer.obj (.text:init_timer)
                  01007eec    00000040     pid.obj (.text:set_coefficients)
                  01007f2c    00000040     rtsv7M4_T_le_eabi.lib : sprintf.c.obj (.text:sprintf)
                  01007f6c    00000004     --HOLE-- [fill = 0]
                  01007f70    00000040     sysbios.aem4 : BIOS.obj (.text:ti_sysbios_heaps_HeapMem_Instance_init__E)
                  01007fb0    0000003e     rtsv7M4_T_le_eabi.lib : _printfi.c.obj (.text:_fcpy)
                  01007fee    0000003e     release_pem4.oem4 (.text:realloc)
                  0100802c    0000003c     drivers_cc32xx.aem4 : I2C.oem4 (.text:I2C_open)
                  01008068    0000003c                         : PWM.oem4 (.text:PWM_open)
                  010080a4    0000003c                         : PowerCC32XX.oem4 (.text:Power_setConstraint)
                  010080e0    0000003c                         : SPI.oem4 (.text:SPI_open)
                  0100811c    0000003c     dpl_cc32xx.aem4 : SemaphoreP_tirtos.oem4 (.text:SemaphoreP_create)
                  01008158    0000003c     drivers_cc32xx.aem4 : Timer.oem4 (.text:Timer_open)
                  01008194    0000003c     dpl_cc32xx.aem4 : PowerCC32XX_tirtos.oem4 (.text:getCountsRTC)
                  010081d0    0000003c     gpio.obj (.text:init_gpio)
                  0100820c    00000004     --HOLE-- [fill = 0]
                  01008210    0000003c     sysbios.aem4 : BIOS.obj (.text:ti_sysbios_family_arm_m3_Hwi_Instance_finalize__E)
                  0100824c    00000004     --HOLE-- [fill = 0]
                  01008250    0000003c                  : BIOS.obj (.text:ti_sysbios_family_arm_m3_Timer_setPeriodMicroSecs__E)
                  0100828c    00000004     --HOLE-- [fill = 0]
                  01008290    0000003c                  : BIOS.obj (.text:ti_sysbios_knl_Clock_walkQueuePeriodic__E)
                  010082cc    00000004     --HOLE-- [fill = 0]
                  010082d0    0000003c                  : BIOS.obj (.text:ti_sysbios_knl_Swi_restore__E)
                  0100830c    00000004     --HOLE-- [fill = 0]
                  01008310    0000003c                  : BIOS.obj (.text:xdc_runtime_System_processAtExit__E)
                  0100834c    0000003c     controller-main.obj (.text:zero_crossing_lineup)
                  01008388    0000003a     drivers_cc32xx.aem4 : TimerCC32XX.oem4 (.text:TimerCC32XX_close)
                  010083c2    0000003a                         : PWMTimerCC32XX.oem4 (.text:getPowerMgrId)
                  010083fc    00000038                         : GPIOCC32XX.oem4 (.text:GPIO_read)
                  01008434    00000038     driverlib.a : prcm.obj (.text:PRCMLPDSEnterKeepDebugIf)
                  0100846c    00000038     rtsv7M4_T_le_eabi.lib : trgmsg.c.obj (.text:__TI_writemsg)
                  010084a4    00000038     i2c.obj (.text:init_i2c)
                  010084dc    00000038     drivers_cc32xx.aem4 : PowerCC32XX.oem4 (.text:notify)
                  01008514    00000038     rtsv7M4_T_le_eabi.lib : fs_tod_t2.asm.obj (.text)
                  0100854c    00000038                           : fs_toi_t2.asm.obj (.text)
                  01008584    00000038                           : i_tofs_t2.asm.obj (.text)
                  010085bc    00000004     --HOLE-- [fill = 0]
                  010085c0    00000038     sysbios.aem4 : BIOS.obj (.text:ti_sysbios_knl_Task_processVitalTaskFlag__I)
                  010085f8    00000038                  : BIOS.obj (.text:usleep)
                  01008630    00000036     drivers_cc32xx.aem4 : PowerCC32XX.oem4 (.text:PowerCC32XX_restoreParkedPin)
                  01008666    00000036                         : TimerCC32XX.oem4 (.text:TimerCC32XX_hwiIntFunction)
                  0100869c    00000036     driverlib.a : timer.obj (.text:TimerControlStall)
                  010086d2    00000036     rtsv7M4_T_le_eabi.lib : strncpy.c.obj (.text:strncpy)
                  01008708    00000034     driverlib.a : pin.obj (.text:PinModeGet)
                  0100873c    00000034     drivers_cc32xx.aem4 : TimerCC32XX.oem4 (.text:TimerCC32XX_freeTimerResource)
                  01008770    00000034                         : UDMACC32XX.oem4 (.text:UDMACC32XX_close)
                  010087a4    00000034     rtsv7M4_T_le_eabi.lib : fopen.c.obj (.text:__TI_cleanup)
                  010087d8    00000034                           : trgmsg.c.obj (.text:__TI_readmsg)
                  0100880c    00000004     --HOLE-- [fill = 0]
                  01008810    00000034     sysbios.aem4 : BIOS.obj (.text:_pthread_delete$41)
                  01008844    00000034     drivers_cc32xx.aem4 : TimerCC32XX.oem4 (.text:getPowerMgrId)
                  01008878    00000034     sysbios.aem4 : BIOS.obj (.text:ti_sysbios_family_arm_m3_Timer_periodicStub__I)
                  010088ac    00000034     release_pem4.oem4 (.text:ti_sysbios_knl_Semaphore_create)
                  010088e0    00000032     sysbios.aem4 : BIOS.obj (.text:ti_sysbios_hal_Hwi_initStack)
                  01008912    00000002     --HOLE-- [fill = 0]
                  01008914    00000030     rtsv7M4_T_le_eabi.lib : getdevice.c.obj (.text:finddevice)
                  01008944    00000030     release_pem4.oem4 (.text:ti_sysbios_BIOS_atExitFunc__I)
                  01008974    00000030     release_pem4.oem4 (.text:ti_sysbios_BIOS_startFunc__I)
                  010089a4    00000030     release_pem4.oem4 (.text:ti_sysbios_gates_GateHwi_Object__create__S)
                  010089d4    00000030     release_pem4.oem4 (.text:ti_sysbios_gates_GateMutex_Object__create__S)
                  01008a04    00000004     --HOLE-- [fill = 0]
                  01008a08    00000030     sysbios.aem4 : BIOS.obj (.text:ti_sysbios_gates_GateMutex_enter__E)
                  01008a38    00000030     release_pem4.oem4 (.text:ti_sysbios_heaps_HeapMem_Object__create__S)
                  01008a68    00000030     release_pem4.oem4 (.text:ti_sysbios_knl_Semaphore_construct)
                  01008a98    00000030     sysbios.aem4 : BIOS.obj (.text:ti_sysbios_knl_Semaphore_pendTimeout__I)
                  01008ac8    00000030                  : BIOS.obj (.text:ti_sysbios_knl_Task_restore__E)
                  01008af8    00000030                  : BIOS.obj (.text:ti_sysbios_knl_Task_unblockI__E)
                  01008b28    0000002e     rtsv7M4_T_le_eabi.lib : i_tofd_t2.asm.obj (.text)
                  01008b56    0000002e     release_pem4.oem4 (.text:ti_sysbios_rts_MemAlloc_alloc)
                  01008b84    0000002c     dpl_cc32xx.aem4 : SemaphoreP_tirtos.oem4 (.text:SemaphoreP_createBinary)
                  01008bb0    0000002c     sysbios.aem4 : BIOS.obj (.text:_pthread_cleanupFxn)
                  01008bdc    00000004     --HOLE-- [fill = 0]
                  01008be0    0000002c                  : BIOS.obj (.text:clockFxn$39)
                  01008c0c    0000002c     release_pem4.oem4 (.text:ti_sysbios_knl_Clock_doTick__I)
                  01008c38    0000002c     release_pem4.oem4 (.text:ti_sysbios_knl_Queue_construct)
                  01008c64    0000002c     rtsv7M4_T_le_eabi.lib : unlink.c.obj (.text:unlink)
                  01008c90    0000002a     driverlib.a : timer.obj (.text:TimerLoadSet)
                  01008cba    0000002a                 : timer.obj (.text:TimerPrescaleSet)
                  01008ce4    0000002a     release_pem4.oem4 (.text:calloc)
                  01008d0e    00000002     --HOLE-- [fill = 0]
                  01008d10    00000028     driverlib.a : prcm.obj (.text:PRCMPeripheralClkDisable)
                  01008d38    00000028     dpl_cc32xx.aem4 : PowerCC32XX_tirtos.oem4 (.text:PowerCC32XX_initPolicy)
                  01008d60    00000028     drivers_cc32xx.aem4 : PowerCC32XX.oem4 (.text:Power_registerNotify)
                  01008d88    00000028     filter.obj (.text:avg_filter)
                  01008db0    00000028     rtsv7M4_T_le_eabi.lib : lseek.c.obj (.text:lseek)
                  01008dd8    00000028     sysbios.aem4 : BIOS.obj (.text:ti_sysbios_knl_Clock_addI__E)
                  01008e00    00000028                  : BIOS.obj (.text:ti_sysbios_knl_Swi_Module_startup__E)
                  01008e28    00000028     rtsv7M4_T_le_eabi.lib : write.c.obj (.text:write)
                  01008e50    00000026     drivers_cc32xx.aem4 : List.oem4 (.text:List_put)
                  01008e76    00000026                         : List.oem4 (.text:List_remove)
                  01008e9c    00000004     --HOLE-- [fill = 0]
                  01008ea0    00000024     sysbios.aem4 : BIOS.obj (.text:pthread_attr_init)
                  01008ec4    00000024     release_pem4.oem4 (.text:ti_sysbios_BIOS_registerRTSLock__I)
                  01008ee8    00000024     release_pem4.oem4 (.text:ti_sysbios_BIOS_removeRTSLock__I)
                  01008f0c    00000004     --HOLE-- [fill = 0]
                  01008f10    00000024     sysbios.aem4 : BIOS.obj (.text:ti_sysbios_family_arm_m3_Timer_postInit__I)
                  01008f34    00000004     --HOLE-- [fill = 0]
                  01008f38    00000024                  : BIOS.obj (.text:ti_sysbios_family_arm_m3_Timer_startup__E)
                  01008f5c    00000024     release_pem4.oem4 (.text:ti_sysbios_gates_GateMutex_Object__delete__S)
                  01008f80    00000024     sysbios.aem4 : BIOS.obj (.text:ti_sysbios_knl_Clock_Module_startup__E)
                  01008fa4    00000004     --HOLE-- [fill = 0]
                  01008fa8    00000024                  : BIOS.obj (.text:ti_sysbios_knl_Semaphore_Instance_init__E)
                  01008fcc    00000024     release_pem4.oem4 (.text:ti_sysbios_knl_Semaphore_Object__delete__S)
                  01008ff0    00000024     sysbios.aem4 : BIOS.obj (.text:ti_sysbios_knl_Task_restoreHwi__E)
                  01009014    00000004     --HOLE-- [fill = 0]
                  01009018    00000024                  : BIOS.obj (.text:xdc_runtime_Error_policyMin__E)
                  0100903c    00000022     filter.obj (.text:ema_filter)
                  0100905e    00000002     --HOLE-- [fill = 0]
                  01009060    00000020     drivers_cc32xx.aem4 : PowerCC32XX.oem4 (.text:Power_unregisterNotify)
                  01009080    00000020                         : SPICC32XXDMA.oem4 (.text:getPowerMgrId)
                  010090a0    00000020     filter.obj (.text:init_ema_filter)
                  010090c0    00000020     rtsv7M4_T_le_eabi.lib : memchr.c.obj (.text:memchr)
                  010090e0    00000020     release_pem4.oem4 (.text:ti_sysbios_BIOS_rtsLock__I)
                  01009100    00000020     release_pem4.oem4 (.text:ti_sysbios_family_arm_m3_Hwi_Object__delete__S)
                  01009120    00000020     sysbios.aem4 : BIOS.obj (.text:ti_sysbios_family_arm_m3_Hwi_clearInterrupt__E)
                  01009140    00000020                  : m3_Hwi_asm.obj (.text:ti_sysbios_family_arm_m3_Hwi_excHandlerAsm__I)
                  01009160    00000020                  : BIOS.obj (.text:ti_sysbios_family_arm_m3_Hwi_excHandler__I)
                  01009180    00000020     release_pem4.oem4 (.text:ti_sysbios_gates_GateHwi_Object__delete__S)
                  010091a0    00000020     release_pem4.oem4 (.text:ti_sysbios_heaps_HeapMem_Object__delete__S)
                  010091c0    00000020     sysbios.aem4 : BIOS.obj (.text:ti_sysbios_knl_Idle_run__E)
                  010091e0    00000020     release_pem4.oem4 (.text:ti_sysbios_knl_Semaphore_destruct)
                  01009200    00000020     release_pem4.oem4 (.text:ti_sysbios_knl_Task_Object__delete__S)
                  01009220    00000020     spi.obj (.text:transfer)
                  01009240    0000001e     driverlib.a : timer.obj (.text:TimerDisable)
                  0100925e    0000001e                 : timer.obj (.text:TimerEnable)
                  0100927c    0000001e     drivers_cc32xx.aem4 : UDMACC32XX.oem4 (.text:postNotifyFxn)
                  0100929a    0000001e     sensor.obj (.text:sensor_get_avg)
                  010092b8    0000001e     sysbios.aem4 : m3_Hwi_asm_switch.obj (.text:ti_sysbios_family_xxx_Hwi_switchAndRunFunc)
                  010092d6    00000002     --HOLE-- [fill = 0]
                  010092d8    0000001c     driverlib.a : pin.obj (.text:PinToPadGet)
                  010092f4    0000001c     rtsv7M4_T_le_eabi.lib : memccpy.c.obj (.text:memccpy)
                  01009310    0000001c     sensor.obj (.text:sensor_get_data)
                  0100932c    00000004     --HOLE-- [fill = 0]
                  01009330    0000001c     sysbios.aem4 : BIOS.obj (.text:ti_sysbios_family_arm_m3_Timer_Module_startup__E)
                  0100934c    00000004     --HOLE-- [fill = 0]
                  01009350    0000001c                  : BIOS.obj (.text:ti_sysbios_family_arm_m3_Timer_stop__E)
                  0100936c    00000004     --HOLE-- [fill = 0]
                  01009370    0000001c                  : BIOS.obj (.text:ti_sysbios_gates_GateMutex_Instance_init__E)
                  0100938c    0000001c     release_pem4.oem4 (.text:ti_sysbios_knl_Queue_destruct)
                  010093a8    0000001c     sysbios.aem4 : BIOS.obj (.text:ti_sysbios_knl_Queue_put__E)
                  010093c4    00000004     --HOLE-- [fill = 0]
                  010093c8    0000001c                  : BIOS.obj (.text:ti_sysbios_knl_Task_enter__I)
                  010093e4    0000001a     fixed_point.obj (.text:fp32_mul)
                  010093fe    0000001a     release_pem4.oem4 (.text:free)
                  01009418    0000001a     sysbios.aem4 : m3_Hwi_asm.obj (.text:ti_sysbios_family_arm_m3_Hwi_pendSV__I)
                  01009432    00000002     --HOLE-- [fill = 0]
                  01009434    00000018     drivers_cc32xx.aem4 : PowerCC32XX.oem4 (.text:Power_idleFunc)
                  0100944c    00000018                         : TimerCC32XX.oem4 (.text:TimerCC32XX_getCount)
                  01009464    00000018     driverlib.a : timer.obj (.text:TimerIntDisable)
                  0100947c    00000018                 : timer.obj (.text:TimerIntEnable)
                  01009494    00000018     rtsv7M4_T_le_eabi.lib : args_main.c.obj (.text:_args_main)
                  010094ac    00000018                           : sprintf.c.obj (.text:_outs)
                  010094c4    00000018     filter.obj (.text:init_avg_filter)
                  010094dc    00000018     controller-main.obj (.text:init_sensor)
                  010094f4    00000018     rtsv7M4_T_le_eabi.lib : ll_mul_t2.asm.obj (.text)
                  0100950c    00000018                           : strcmp.c.obj (.text:strcmp)
                  01009524    00000018     release_pem4.oem4 (.text:ti_sysbios_BIOS_rtsUnlock__I)
                  0100953c    00000018     release_pem4.oem4 (.text:ti_sysbios_family_arm_m3_Hwi_Module__startupDone__F)
                  01009554    00000018     release_pem4.oem4 (.text:ti_sysbios_family_arm_m3_Timer_Module__startupDone__F)
                  0100956c    00000018     release_pem4.oem4 (.text:ti_sysbios_gates_GateHwi_Handle__label__S)
                  01009584    00000018     release_pem4.oem4 (.text:ti_sysbios_gates_GateMutex_Handle__label__S)
                  0100959c    00000004     --HOLE-- [fill = 0]
                  010095a0    00000018     sysbios.aem4 : BIOS.obj (.text:ti_sysbios_gates_GateMutex_leave__E)
                  010095b8    00000018     release_pem4.oem4 (.text:ti_sysbios_heaps_HeapMem_Handle__label__S)
                  010095d0    00000018     sysbios.aem4 : BIOS.obj (.text:ti_sysbios_knl_Task_sleepTimeout__I)
                  010095e8    00000018                  : BIOS.obj (.text:ti_sysbios_rts_ti_ReentSupport_getReent__F)
                  01009600    00000018     release_pem4.oem4 (.text:ti_sysbios_rts_ti_ReentSupport_getTlsAddr__I)
                  01009618    00000018     sysbios.aem4 : BIOS.obj (.text:xdc_runtime_Error_init__E)
                  01009630    00000018                  : BIOS.obj (.text:xdc_runtime_System_exit__E)
                  01009648    00000016     driverlib.a : prcm.obj (.text:PRCMHIBRegRead)
                  0100965e    00000016                 : prcm.obj (.text:PRCMHIBRegWrite)
                  01009674    00000016     rtsv7M4_T_le_eabi.lib : strchr.c.obj (.text:strchr)
                  0100968a    00000016     release_pem4.oem4 (.text:ti_sysbios_BIOS_exitFunc__I)
                  010096a0    00000014     drivers_cc32xx.aem4 : PWM.oem4 (.text:PWM_Params_init)
                  010096b4    00000014                         : PowerCC32XX.oem4 (.text:Power_getDependencyCount)
                  010096c8    00000014                         : SPI.oem4 (.text:SPI_Params_init)
                  010096dc    00000014     sensor.obj (.text:filter)
                  010096f0    00000014     controller-main.obj (.text:init_controller)
                  01009704    00000004     --HOLE-- [fill = 0]
                  01009708    00000014     sysbios.aem4 : BIOS.obj (.text:pthread_attr_setschedparam)
                  0100971c    00000014     i2c.obj (.text:setCursor)
                  01009730    00000014     rtsv7M4_T_le_eabi.lib : strcpy.c.obj (.text:strcpy)
                  01009744    00000014                           : strlen.c.obj (.text:strlen)
                  01009758    00000014     release_pem4.oem4 (.text:ti_sysbios_family_arm_m3_Hwi_Object__get__S)
                  0100976c    00000004     --HOLE-- [fill = 0]
                  01009770    00000014     sysbios.aem4 : BIOS.obj (.text:ti_sysbios_family_arm_m3_Hwi_switchFromBootStack__E)
                  01009784    00000014                  : m3_TaskSupport_asm.obj (.text:ti_sysbios_family_arm_m3_TaskSupport_swap__E)
                  01009798    00000014     release_pem4.oem4 (.text:ti_sysbios_heaps_HeapMem_Object__get__S)
                  010097ac    00000004     --HOLE-- [fill = 0]
                  010097b0    00000014     sysbios.aem4 : BIOS.obj (.text:ti_sysbios_knl_Clock_tickReconfig__E)
                  010097c4    00000014     release_pem4.oem4 (.text:ti_sysbios_knl_Swi_Object__get__S)
                  010097d8    00000012     dpl_cc32xx.aem4 : SemaphoreP_tirtos.oem4 (.text:SemaphoreP_pend)
                  010097ea    00000012     driverlib.a : timer.obj (.text:TimerIntClear)
                  010097fc    00000004     --HOLE-- [fill = 0]
                  01009800    00000012     sysbios.aem4 : BIOS.obj (.text:_pthread_runStub$41)
                  01009812    00000012     filter.obj (.text:get_mv_avg)
                  01009824    00000012     drivers_cc32xx.aem4 : PWMTimerCC32XX.oem4 (.text:postNotifyFxn)
                  01009836    00000002     --HOLE-- [fill = 0]
                  01009838    00000012     sysbios.aem4 : BIOS.obj (.text:ti_sysbios_hal_Hwi_Module_startup__E)
                  0100984a    00000012     rtsv7M4_T_le_eabi.lib : wcslen.c.obj (.text:wcslen)
                  0100985c    00000012     release_pem4.oem4 (.text:xdc_runtime_Startup_exec__I)
                  0100986e    00000010     dpl_cc32xx.aem4 : HwiP_tirtos.oem4 (.text:HwiP_Params_init)
                  0100987e    00000002     --HOLE-- [fill = 0]
                  01009880    00000010     drivers_cc32xx.aem4 : I2C.oem4 (.text:I2C_Params_init)
                  01009890    00000010                         : Timer.oem4 (.text:Timer_Params_init)
                  010098a0    00000010     sysbios.aem4 : BIOS.obj (.text:ti_sysbios_BIOS_getCpuFreq__E)
                  010098b0    00000010                  : BIOS.obj (.text:ti_sysbios_BIOS_setThreadType__E)
                  010098c0    00000010                  : BIOS.obj (.text:ti_sysbios_BIOS_start__E)
                  010098d0    00000010                  : m3_TaskSupport_asm.obj (.text:ti_sysbios_family_arm_m3_TaskSupport_glue)
                  010098e0    00000010                  : BIOS.obj (.text:ti_sysbios_gates_GateMutex_Instance_finalize__E)
                  010098f0    00000010     release_pem4.oem4 (.text:ti_sysbios_knl_Mailbox_Object__get__S)
                  01009900    00000010     sysbios.aem4 : BIOS.obj (.text:ti_sysbios_knl_Semaphore_Instance_finalize__E)
                  01009910    00000010                  : BIOS.obj (.text:ti_sysbios_knl_Swi_disable__E)
                  01009920    00000010     release_pem4.oem4 (.text:ti_sysbios_knl_Task_Object__get__S)
                  01009930    00000010     sysbios.aem4 : BIOS.obj (.text:ti_sysbios_knl_Task_disable__E)
                  01009940    00000010                  : BIOS.obj (.text:xdc_runtime_Memory_free__E)
                  01009950    00000010                  : BIOS.obj (.text:xdc_runtime_SysCallback_abort__E)
                  01009960    00000010                  : BIOS.obj (.text:xdc_runtime_SysCallback_exit__E)
                  01009970    0000000e     rtsv7M4_T_le_eabi.lib : copy_decompress_none.c.obj (.text:decompress:none:__TI_decompress_none)
                  0100997e    0000000e     drivers_cc32xx.aem4 : SPICC32XXDMA.oem4 (.text:postNotifyFxn)
                  0100998c    00000004     --HOLE-- [fill = 0]
                  01009990    0000000e     sysbios.aem4 : BIOS.obj (.text:pthread_attr_setdetachstate)
                  0100999e    00000002     --HOLE-- [fill = 0]
                  010099a0    0000000e                  : BIOS.obj (.text:ti_sysbios_knl_Idle_loop__E)
                  010099ae    00000002     --HOLE-- [fill = 0]
                  010099b0    0000000e                  : BIOS.obj (.text:ti_sysbios_knl_Queue_empty__E)
                  010099be    0000000c     CC3220SF_LAUNCHXL.obj (.text:CC3220SF_LAUNCHXL_initGeneral)
                  010099ca    0000000c     dpl_cc32xx.aem4 : HwiP_tirtos.oem4 (.text:HwiP_delete)
                  010099d6    00000002     --HOLE-- [fill = 0]
                  010099d8    0000000c     drivers_cc32xx.aem4 : PowerCC32XX.oem4 (.text:Power_getConstraintMask)
                  010099e4    0000000c     dpl_cc32xx.aem4 : SemaphoreP_tirtos.oem4 (.text:SemaphoreP_delete)
                  010099f0    0000000c     rtsv7M4_T_le_eabi.lib : _lock.c.obj (.text:_register_lock)
                  010099fc    0000000c                           : _lock.c.obj (.text:_register_unlock)
                  01009a08    0000000c                           : copy_zero_init.c.obj (.text:decompress:ZI:__TI_zero_init)
                  01009a14    0000000c     CC3220SF_LAUNCHXL.obj (.text:dmaErrorFxn)
                  01009a20    0000000c     filter.obj (.text:get_ema_avg)
                  01009a2c    0000000c     drivers_cc32xx.aem4 : I2CCC32XX.oem4 (.text:postNotify)
                  01009a38    0000000c                         : TimerCC32XX.oem4 (.text:postNotifyFxn)
                  01009a44    0000000c     release_pem4.oem4 (.text:ti_sysbios_family_arm_m3_Hwi_Params__init__S)
                  01009a50    0000000c     sysbios.aem4 : BIOS.obj (.text:ti_sysbios_family_arm_m3_Hwi_disableFxn__E)
                  01009a5c    00000004     --HOLE-- [fill = 0]
                  01009a60    0000000c                  : BIOS.obj (.text:ti_sysbios_family_arm_m3_TaskSupport_getStackAlignment__E)
                  01009a6c    00000004     --HOLE-- [fill = 0]
                  01009a70    0000000c                  : BIOS.obj (.text:ti_sysbios_gates_GateHwi_enter__E)
                  01009a7c    00000004     --HOLE-- [fill = 0]
                  01009a80    0000000c                  : BIOS.obj (.text:ti_sysbios_knl_Clock_getTicks__E)
                  01009a8c    00000004     --HOLE-- [fill = 0]
                  01009a90    0000000c                  : BIOS.obj (.text:ti_sysbios_knl_Clock_setTicks__E)
                  01009a9c    00000004     --HOLE-- [fill = 0]
                  01009aa0    0000000c                  : BIOS.obj (.text:ti_sysbios_knl_Clock_tickStart__E)
                  01009aac    00000004     --HOLE-- [fill = 0]
                  01009ab0    0000000c                  : BIOS.obj (.text:ti_sysbios_knl_Clock_tickStop__E)
                  01009abc    0000000c     release_pem4.oem4 (.text:ti_sysbios_knl_Queue_Object__get__S)
                  01009ac8    0000000c     release_pem4.oem4 (.text:ti_sysbios_knl_Semaphore_Params__init__S)
                  01009ad4    0000000c     release_pem4.oem4 (.text:ti_sysbios_knl_Task_Params__init__S)
                  01009ae0    0000000c     sysbios.aem4 : BIOS.obj (.text:ti_sysbios_knl_Task_self__E)
                  01009aec    00000004     --HOLE-- [fill = 0]
                  01009af0    0000000c                  : BIOS.obj (.text:ti_sysbios_rts_ti_ReentSupport_taskRegHook__I)
                  01009afc    0000000c     driverlib.a : udma.obj (.text:uDMAErrorStatusClear)
                  01009b08    0000000c                 : udma.obj (.text:uDMAErrorStatusGet)
                  01009b14    00000004     --HOLE-- [fill = 0]
                  01009b18    0000000c     sysbios.aem4 : BIOS.obj (.text:xdc_runtime_Startup_rtsDone__E)
                  01009b24    0000000a     drivers_cc32xx.aem4 : I2C.oem4 (.text:I2C_transfer)
                  01009b2e    0000000a                         : PWM.oem4 (.text:PWM_setDuty)
                  01009b38    0000000a                         : PWM.oem4 (.text:PWM_setPeriod)
                  01009b42    0000000a                         : PWM.oem4 (.text:PWM_start)
                  01009b4c    0000000a                         : PWM.oem4 (.text:PWM_stop)
                  01009b56    0000000a                         : SPI.oem4 (.text:SPI_transfer)
                  01009b60    0000000a                         : Timer.oem4 (.text:Timer_start)
                  01009b6a    0000000a     rtsv7M4_T_le_eabi.lib : sprintf.c.obj (.text:_outc)
                  01009b74    0000000a     release_pem4.oem4 (.text:xdc_runtime_IHeap_alloc)
                  01009b7e    0000000a     release_pem4.oem4 (.text:xdc_runtime_IHeap_free)
                  01009b88    00000008     drivers_cc32xx.aem4 : I2CCC32XX.oem4 (.text:I2CCC32XX_blockingCallback)
                  01009b90    00000008     dpl_cc32xx.aem4 : SemaphoreP_tirtos.oem4 (.text:SemaphoreP_Params_init)
                  01009b98    00000008     drivers_cc32xx.aem4 : SPICC32XXDMA.oem4 (.text:blockingTransferCallback)
                  01009ba0    00000008     rtsv7M4_T_le_eabi.lib : s_copysign.c.obj (.text:copysign)
                  01009ba8    00000008     sysbios.aem4 : BIOS.obj (.text:pthread_attr_setstacksize)
                  01009bb0    00000008                  : BIOS.obj (.text:ti_sysbios_family_arm_m3_Hwi_doSwiRestore__I)
                  01009bb8    00000008                  : BIOS.obj (.text:ti_sysbios_family_arm_m3_Hwi_startup__E)
                  01009bc0    00000006     drivers_cc32xx.aem4 : PWMTimerCC32XX.oem4 (.text:PWMTimerCC32XX_control)
                  01009bc6    00000006                         : SPICC32XXDMA.oem4 (.text:SPICC32XXDMA_control)
                  01009bcc    00000006                         : TimerCC32XX.oem4 (.text:TimerCC32XX_control)
                  01009bd2    00000006     driverlib.a : utils.obj (.text:UtilsDelay)
                  01009bd8    00000006     i2c.obj (.text:clear)
                  01009bde    00000006     pid.obj (.text:set_limits)
                  01009be4    00000004     --HOLE-- [fill = 0]
                  01009be8    00000006     sysbios.aem4 : BIOS.obj (.text:ti_sysbios_family_arm_m3_Hwi_doTaskRestore__I)
                  01009bee    00000002     --HOLE-- [fill = 0]
                  01009bf0    00000006                  : BIOS.obj (.text:ti_sysbios_family_arm_m3_Hwi_restoreFxn__E)
                  01009bf6    00000002     --HOLE-- [fill = 0]
                  01009bf8    00000006                  : BIOS.obj (.text:ti_sysbios_gates_GateHwi_leave__E)
                  01009bfe    00000002     --HOLE-- [fill = 0]
                  01009c00    00000006                  : BIOS.obj (.text:ti_sysbios_heaps_HeapMem_isBlocking__E)
                  01009c06    00000002     --HOLE-- [fill = 0]
                  01009c08    00000006                  : BIOS.obj (.text:ti_sysbios_knl_Queue_Instance_init__E)
                  01009c0e    00000002     --HOLE-- [fill = 0]
                  01009c10    00000006                  : BIOS.obj (.text:ti_sysbios_knl_Swi_startup__E)
                  01009c16    00000002     --HOLE-- [fill = 0]
                  01009c18    00000006                  : BIOS.obj (.text:xdc_runtime_System_Module_startup__E)
                  01009c1e    00000006     timer.obj (.text:zero_crossing_reset)
                  01009c24    00000004     --HOLE-- [fill = 0]
                  01009c28    00000004     sysbios.aem4 : BIOS.obj (.text:__aeabi_errno_addr)
                  01009c2c    00000004     --HOLE-- [fill = 0]
                  01009c30    00000004                  : BIOS.obj (.text:ti_sysbios_family_arm_m3_Timer_getMaxTicks__E)
                  01009c34    00000004     --HOLE-- [fill = 0]
                  01009c38    00000004                  : BIOS.obj (.text:ti_sysbios_gates_GateHwi_query__E)
                  01009c3c    00000004     --HOLE-- [fill = 0]
                  01009c40    00000004                  : BIOS.obj (.text:ti_sysbios_gates_GateMutex_query__E)
                  01009c44    00000004     --HOLE-- [fill = 0]
                  01009c48    00000004                  : BIOS.obj (.text:ti_sysbios_knl_Task_startup__E)
                  01009c4c    00000004     --HOLE-- [fill = 0]
                  01009c50    00000002                  : BIOS.obj (.text:ti_sysbios_BIOS_linkedWithIncorrectBootLibrary__E)
                  01009c52    00000006     --HOLE-- [fill = 0]
                  01009c58    00000002                  : BIOS.obj (.text:ti_sysbios_gates_GateHwi_Instance_init__E)
                  01009c5a    00000006     --HOLE-- [fill = 0]
                  01009c60    00000002                  : BIOS.obj (.text:ti_sysbios_knl_Clock_logTick__E)
                  01009c62    00000006     --HOLE-- [fill = 0]
                  01009c68    00000002                  : BIOS.obj (.text:xdc_runtime_SysCallback_defaultAbort)
                  01009c6a    00000006     --HOLE-- [fill = 0]
                  01009c70    00000002                  : BIOS.obj (.text:xdc_runtime_SysCallback_defaultExit)
                  01009c72    00000006     --HOLE-- [fill = 0]
                  01009c78    00000002                  : BIOS.obj (.text:xdc_runtime_System_abortSpin__E)
                  01009c7a    00000006     --HOLE-- [fill = 0]
                  01009c80    00000002                  : BIOS.obj (.text:xdc_runtime_System_exitSpin__E)

.const     0    01009c84    00000a0e     
                  01009c84    00000101     rtsv7M4_T_le_eabi.lib : ctype.c.obj (.const:.string:_ctypes_)
                  01009d85    00000001     release_pem4.oem4 (.const:ti_sysbios_knl_Clock_tickMode__C)
                  01009d86    00000002     release_pem4.oem4 (.const:ti_sysbios_family_arm_m3_Hwi_Module__id__C)
                  01009d88    00000100     driverlib.a : pin.obj (.const:g_ulPinToPadMap)
                  01009e88    000000a8                 : prcm.obj (.const:PRCM_PeriphRegsList)
                  01009f30    00000078     CC3220SF_LAUNCHXL.obj (.const:spiCC3220SDMAHWAttrs)
                  01009fa8    00000058     release_pem4.oem4 (.const:.string)
                  0100a000    00000044     release_pem4.oem4 (.const:ti_sysbios_knl_Task_Object__PARAMS__C)
                  0100a044    00000040     CC3220SF_LAUNCHXL.obj (.const:PowerCC32XX_config)
                  0100a084    00000030     release_pem4.oem4 (.const:ti_sysbios_family_arm_m3_Hwi_Object__PARAMS__C)
                  0100a0b4    00000030     CC3220SF_LAUNCHXL.obj (.const:timerCC3220SFHWAttrs)
                  0100a0e4    00000028     release_pem4.oem4 (.const:ti_sysbios_heaps_HeapMem_Module__FXNS__C)
                  0100a10c    00000024     CC3220SF_LAUNCHXL.obj (.const:Timer_config)
                  0100a130    00000024     release_pem4.oem4 (.const:ti_sysbios_gates_GateHwi_Module__FXNS__C)
                  0100a154    00000024     release_pem4.oem4 (.const:ti_sysbios_gates_GateMutex_Module__FXNS__C)
                  0100a178    00000024     release_pem4.oem4 (.const:ti_sysbios_heaps_HeapMem_Object__PARAMS__C)
                  0100a19c    00000024     release_pem4.oem4 (.const:ti_sysbios_knl_Semaphore_Object__PARAMS__C)
                  0100a1c0    00000021     drivers_cc32xx.aem4 : GPIOCC32XX.oem4 (.const:.string:pinTable)
                  0100a1e1    00000001     release_pem4.oem4 (.const:ti_sysbios_knl_Clock_tickSource__C)
                  0100a1e2    00000002     release_pem4.oem4 (.const:ti_sysbios_family_arm_m3_Timer_Module__id__C)
                  0100a1e4    00000020     drivers_cc32xx.aem4 : PWMTimerCC32XX.oem4 (.const:PWMTimerCC32XX_fxnTable)
                  0100a204    00000020                         : SPI.oem4 (.const:SPI_defaultParams)
                  0100a224    00000020                         : PWMTimerCC32XX.oem4 (.const:gpioPinIndexes)
                  0100a244    00000020     release_pem4.oem4 (.const:ti_sysbios_family_arm_m3_Hwi_Object__DESC__C)
                  0100a264    00000020     release_pem4.oem4 (.const:ti_sysbios_gates_GateHwi_Object__DESC__C)
                  0100a284    00000020     release_pem4.oem4 (.const:ti_sysbios_gates_GateMutex_Object__DESC__C)
                  0100a2a4    00000020     release_pem4.oem4 (.const:ti_sysbios_heaps_HeapMem_Object__DESC__C)
                  0100a2c4    00000020     release_pem4.oem4 (.const:ti_sysbios_knl_Queue_Object__DESC__C)
                  0100a2e4    00000020     release_pem4.oem4 (.const:ti_sysbios_knl_Semaphore_Object__DESC__C)
                  0100a304    00000020     release_pem4.oem4 (.const:ti_sysbios_knl_Task_Object__DESC__C)
                  0100a324    00000020     release_pem4.oem4 (.const:xdc_runtime_Startup_sfxnTab__A)
                  0100a344    0000001c     drivers_cc32xx.aem4 : TimerCC32XX.oem4 (.const:TimerCC32XX_fxnTable)
                  0100a360    00000018                         : I2CCC32XX.oem4 (.const:I2CCC32XX_fxnTable)
                  0100a378    00000018     CC3220SF_LAUNCHXL.obj (.const:PWM_config)
                  0100a390    00000018     drivers_cc32xx.aem4 : PWM.oem4 (.const:PWM_defaultParams)
                  0100a3a8    00000018                         : SPICC32XXDMA.oem4 (.const:SPICC32XXDMA_fxnTable)
                  0100a3c0    00000018     CC3220SF_LAUNCHXL.obj (.const:SPI_config)
                  0100a3d8    00000018     release_pem4.oem4 (.const:ti_sysbios_gates_GateHwi_Object__PARAMS__C)
                  0100a3f0    00000018     release_pem4.oem4 (.const:ti_sysbios_gates_GateMutex_Object__PARAMS__C)
                  0100a408    00000018     release_pem4.oem4 (.const:ti_sysbios_knl_Queue_Object__PARAMS__C)
                  0100a420    00000018     release_pem4.oem4 (.const:ti_sysbios_knl_Task_hooks__A)
                  0100a438    00000014     CC3220SF_LAUNCHXL.obj (.const:GPIOCC32XX_config)
                  0100a44c    00000014     drivers_cc32xx.aem4 : GPIOCC32XX.oem4 (.const:gpioBaseAddresses)
                  0100a460    00000014                         : GPIOCC32XX.oem4 (.const:powerResources)
                  0100a474    00000010     pid.obj (.const:$P$T4$2)
                  0100a484    00000010     drivers_cc32xx.aem4 : I2C.oem4 (.const:I2C_defaultParams)
                  0100a494    00000010                         : PWMTimerCC32XX.oem4 (.const:gpioBaseAddresses)
                  0100a4a4    00000010     CC3220SF_LAUNCHXL.obj (.const:i2cCC3220SHWAttrs)
                  0100a4b4    00000010     drivers_cc32xx.aem4 : PWMTimerCC32XX.oem4 (.const:timerBaseAddresses)
                  0100a4c4    00000010     release_pem4.oem4 (.const:xdc_runtime_Startup_sfxnRts__A)
                  0100a4d4    0000000c     pid.obj (.const:$P$T5$3)
                  0100a4e0    0000000c     CC3220SF_LAUNCHXL.obj (.const:I2C_config)
                  0100a4ec    0000000c     drivers_cc32xx.aem4 : Timer.oem4 (.const:defaultParams)
                  0100a4f8    0000000c                         : SPICC32XXDMA.oem4 (.const:dmaNullConfig)
                  0100a504    0000000c                         : SPICC32XXDMA.oem4 (.const:dmaRxConfig)
                  0100a510    0000000c                         : SPICC32XXDMA.oem4 (.const:dmaTxConfig)
                  0100a51c    0000000c     CC3220SF_LAUNCHXL.obj (.const:udmaCC3220SHWAttrs)
                  0100a528    0000000c     release_pem4.oem4 (.const:xdc_runtime_Startup_firstFxns__A)
                  0100a534    00000009     CC3220SF_LAUNCHXL.obj (.const)
                  0100a53d    00000009     i2c.obj (.const:dram_dispAddr)
                  0100a546    00000002     release_pem4.oem4 (.const:ti_sysbios_heaps_HeapMem_Module__id__C)
                  0100a548    00000008     CC3220SF_LAUNCHXL.obj (.const:UDMACC32XX_config)
                  0100a550    00000008     drivers_cc32xx.aem4 : I2CCC32XX.oem4 (.const:bitRate)
                  0100a558    00000008                         : SPICC32XXDMA.oem4 (.const:mode)
                  0100a560    00000008                         : GPIOCC32XX.oem4 (.const:outPinTypes)
                  0100a568    00000008     CC3220SF_LAUNCHXL.obj (.const:pwmTimerCC3220SHWAttrs)
                  0100a570    00000008     release_pem4.oem4 (.const:ti_sysbios_knl_Idle_funcList__A)
                  0100a578    00000008     release_pem4.oem4 (.const:ti_sysbios_knl_Idle_funcList__C)
                  0100a580    00000008     release_pem4.oem4 (.const:ti_sysbios_knl_Task_hooks__C)
                  0100a588    00000008     drivers_cc32xx.aem4 : PWMTimerCC32XX.oem4 (.const:timerHalves)
                  0100a590    00000008     release_pem4.oem4 (.const:xdc_runtime_Startup_firstFxns__C)
                  0100a598    00000008     release_pem4.oem4 (.const:xdc_runtime_Startup_lastFxns__C)
                  0100a5a0    00000006     drivers_cc32xx.aem4 : GPIOCC32XX.oem4 (.const:.string:interruptType)
                  0100a5a6    00000006                         : GPIOCC32XX.oem4 (.const:inPinTypes)
                  0100a5ac    00000006                         : GPIOCC32XX.oem4 (.const:outPinStrengths)
                  0100a5b2    00000004                         : GPIOCC32XX.oem4 (.const:.string:portInterruptIds)
                  0100a5b6    00000002     release_pem4.oem4 (.const:xdc_runtime_Memory_Module__id__C)
                  0100a5b8    00000004     release_pem4.oem4 (.const:ti_sysbios_family_arm_m3_Hwi_E_alreadyDefined__C)
                  0100a5bc    00000004     release_pem4.oem4 (.const:ti_sysbios_family_arm_m3_Hwi_NUM_INTERRUPTS__C)
                  0100a5c0    00000004     release_pem4.oem4 (.const:ti_sysbios_family_arm_m3_Hwi_Object__count__C)
                  0100a5c4    00000004     release_pem4.oem4 (.const:ti_sysbios_family_arm_m3_Hwi_ccr__C)
                  0100a5c8    00000004     release_pem4.oem4 (.const:ti_sysbios_family_arm_m3_Hwi_excHandlerFunc__C)
                  0100a5cc    00000004     release_pem4.oem4 (.const:ti_sysbios_family_arm_m3_Hwi_nullIsrFunc__C)
                  0100a5d0    00000004     release_pem4.oem4 (.const:ti_sysbios_family_arm_m3_Hwi_priGroup__C)
                  0100a5d4    00000004     release_pem4.oem4 (.const:ti_sysbios_family_arm_m3_Hwi_swiDisable__C)
                  0100a5d8    00000004     release_pem4.oem4 (.const:ti_sysbios_family_arm_m3_Hwi_swiRestoreHwi__C)
                  0100a5dc    00000004     release_pem4.oem4 (.const:ti_sysbios_family_arm_m3_TaskSupport_stackAlignment__C)
                  0100a5e0    00000004     release_pem4.oem4 (.const:ti_sysbios_family_arm_m3_Timer_E_cannotSupport__C)
                  0100a5e4    00000004     release_pem4.oem4 (.const:ti_sysbios_family_arm_m3_Timer_startupNeeded__C)
                  0100a5e8    00000004     release_pem4.oem4 (.const:ti_sysbios_gates_GateMutex_Instance_State_sem__O)
                  0100a5ec    00000004     release_pem4.oem4 (.const:ti_sysbios_heaps_HeapMem_E_memory__C)
                  0100a5f0    00000004     release_pem4.oem4 (.const:ti_sysbios_heaps_HeapMem_Module__gateObj__C)
                  0100a5f4    00000004     release_pem4.oem4 (.const:ti_sysbios_heaps_HeapMem_Object__count__C)
                  0100a5f8    00000004     release_pem4.oem4 (.const:ti_sysbios_heaps_HeapMem_primaryHeapBaseAddr__C)
                  0100a5fc    00000004     release_pem4.oem4 (.const:ti_sysbios_heaps_HeapMem_primaryHeapEndAddr__C)
                  0100a600    00000004     release_pem4.oem4 (.const:ti_sysbios_heaps_HeapMem_reqAlign__C)
                  0100a604    00000004     release_pem4.oem4 (.const:ti_sysbios_knl_Clock_Module_State_clockQ__O)
                  0100a608    00000004     release_pem4.oem4 (.const:ti_sysbios_knl_Clock_tickPeriod__C)
                  0100a60c    00000004     release_pem4.oem4 (.const:ti_sysbios_knl_Mailbox_Instance_State_freeQue__O)
                  0100a610    00000004     release_pem4.oem4 (.const:ti_sysbios_knl_Mailbox_Object__count__C)
                  0100a614    00000004     release_pem4.oem4 (.const:ti_sysbios_knl_Mailbox_maxTypeAlign__C)
                  0100a618    00000004     release_pem4.oem4 (.const:ti_sysbios_knl_Semaphore_Instance_State_pendQ__O)
                  0100a61c    00000004     release_pem4.oem4 (.const:ti_sysbios_knl_Swi_Object__count__C)
                  0100a620    00000004     release_pem4.oem4 (.const:ti_sysbios_knl_Task_Module_State_inactiveQ__O)
                  0100a624    00000004     release_pem4.oem4 (.const:ti_sysbios_knl_Task_Object__count__C)
                  0100a628    00000004     release_pem4.oem4 (.const:ti_sysbios_knl_Task_Object__heap__C)
                  0100a62c    00000004     release_pem4.oem4 (.const:ti_sysbios_knl_Task_allBlockedFunc__C)
                  0100a630    00000004     release_pem4.oem4 (.const:ti_sysbios_knl_Task_defaultStackHeap__C)
                  0100a634    00000004     release_pem4.oem4 (.const:ti_sysbios_knl_Task_defaultStackSize__C)
                  0100a638    00000004     release_pem4.oem4 (.const:ti_sysbios_knl_Task_numConstructedTasks__C)
                  0100a63c    00000004     release_pem4.oem4 (.const:xdc_runtime_Error_E_memory__C)
                  0100a640    00000004     release_pem4.oem4 (.const:xdc_runtime_Error_policyFxn__C)
                  0100a644    00000004     release_pem4.oem4 (.const:xdc_runtime_IGateProvider_Interface__BASE__C)
                  0100a648    00000004     release_pem4.oem4 (.const:xdc_runtime_IHeap_Interface__BASE__C)
                  0100a64c    00000004     release_pem4.oem4 (.const:xdc_runtime_IModule_Interface__BASE__C)
                  0100a650    00000004     release_pem4.oem4 (.const:xdc_runtime_Memory_defaultHeapInstance__C)
                  0100a654    00000004     release_pem4.oem4 (.const:xdc_runtime_Startup_execImpl__C)
                  0100a658    00000004     release_pem4.oem4 (.const:xdc_runtime_Startup_maxPasses__C)
                  0100a65c    00000004     release_pem4.oem4 (.const:xdc_runtime_Startup_sfxnRts__C)
                  0100a660    00000004     release_pem4.oem4 (.const:xdc_runtime_Startup_sfxnTab__C)
                  0100a664    00000004     release_pem4.oem4 (.const:xdc_runtime_SysCallback_abortFxn__C)
                  0100a668    00000004     release_pem4.oem4 (.const:xdc_runtime_SysCallback_exitFxn__C)
                  0100a66c    00000004     release_pem4.oem4 (.const:xdc_runtime_System_Module__gateObj__C)
                  0100a670    00000004     release_pem4.oem4 (.const:xdc_runtime_System_abortFxn__C)
                  0100a674    00000004     release_pem4.oem4 (.const:xdc_runtime_System_exitFxn__C)
                  0100a678    00000004     release_pem4.oem4 (.const:xdc_runtime_System_maxAtexitHandlers__C)
                  0100a67c    00000004     release_pem4.oem4 (.const:xdc_runtime_Text_charTab__C)
                  0100a680    00000004     release_pem4.oem4 (.const:xdc_runtime_Text_nameEmpty__C)
                  0100a684    00000004     release_pem4.oem4 (.const:xdc_runtime_Text_nameStatic__C)
                  0100a688    00000004     release_pem4.oem4 (.const:xdc_runtime_Text_nameUnknown__C)
                  0100a68c    00000002     release_pem4.oem4 (.const:xdc_runtime_Text_charCnt__C)
                  0100a68e    00000002     release_pem4.oem4 (.const:xdc_runtime_Text_isLoaded__C)
                  0100a690    00000001     release_pem4.oem4 (.const:xdc_runtime_Error_policy__C)
                  0100a691    00000001     release_pem4.oem4 (.const:xdc_runtime_Text_charTab__A)

.cinit     0    0100a698    000002d0     
                  0100a698    000002ab     (.cinit..data.load) [load image, compression = lzss]
                  0100a943    00000001     --HOLE-- [fill = 0]
                  0100a944    0000000c     (__TI_handler_table)
                  0100a950    00000008     (.cinit..bss.load) [load image, compression = zero_init]
                  0100a958    00000010     (__TI_cinit_table)

.init_array 
*          0    01000800    00000000     UNINITIALIZED

.bss       0    20008400    00000e71     UNINITIALIZED
                  20008400    00000400     CC3220SF_LAUNCHXL.obj (.bss:dmaControlTable)
                  20008800    0000030c     (.common:ti_sysbios_family_arm_m3_Hwi_dispatchTable)
                  20008b0c    00000004     drivers_cc32xx.aem4 : GPIOCC32XX.oem4 (.bss)
                  20008b10    00000200     release_pem4.oem4 (.bss:taskStackSection)
                  20008d10    0000012c     (.common:PowerCC32XX_contextSave)
                  20008e3c    00000120     rtsv7M4_T_le_eabi.lib : trgmsg.c.obj (.bss:_CIOBUF_)
                  20008f5c    000000a0     (.common:__TI_tmpnams)
                  20008ffc    0000009c     (.common:timerCC3220SFObjects)
                  20009098    00000088     (.common:spiCC3220SDMAObjects)
                  20009120    00000050     (.common:i2cCC3220SObjects)
                  20009170    00000048     (.common:pwmTimerCC3220SObjects)
                  200091b8    00000020     drivers_cc32xx.aem4 : GPIOCC32XX.oem4 (.bss:gpioCallbackInfo)
                  200091d8    0000001c     rtsv7M4_T_le_eabi.lib : vla_alloc.c.obj (.bss:$O1$$)
                  200091f4    0000001c     (.common:i2c_transaction)
                  20009210    00000014     drivers_cc32xx.aem4 : UDMACC32XX.oem4 (.bss:postNotifyObj)
                  20009224    00000014                         : GPIOCC32XX.oem4 (.bss:powerNotifyObj)
                  20009238    00000008     (.common:parmbuf)
                  20009240    00000008     (.common:spiCC3220SDMAscratchBuf)
                  20009248    00000008     (.common:switchers)
                  20009250    00000008     (.common:udmaCC3220SObject)
                  20009258    00000004                         : TimerCC32XX.oem4 (.bss:timerState)
                  2000925c    00000004     (.common:ctls)
                  20009260    00000004     (.common:i2c_master)
                  20009264    00000004     (.common:sens_list)
                  20009268    00000004     (.common:sensor)
                  2000926c    00000004     (.common:ti_sysbios_knl_Task_Instance_State_0_hookEnv__A)
                  20009270    00000001                         : I2CCC32XX.oem4 (.bss)

.data      0    20009274    000008eb     UNINITIALIZED
                  20009274    0000016c     drivers_cc32xx.aem4 : PowerCC32XX.oem4 (.data:PowerCC32XX_module)
                  200093e0    000000f8     CC3220SF_LAUNCHXL.obj (.data:parkInfo)
                  200094d8    000000f0     rtsv7M4_T_le_eabi.lib : defs.c.obj (.data:_ftable)
                  200095c8    00000088     sysbios.aem4 : BIOS.obj (.data:$O1$$)
                  20009650    00000080     release_pem4.oem4 (.data:ti_sysbios_knl_Swi_Module_State_0_readyQ__A)
                  200096d0    00000080     release_pem4.oem4 (.data:ti_sysbios_knl_Task_Module_State_0_readyQ__A)
                  20009750    00000078     rtsv7M4_T_le_eabi.lib : write.c.obj (.data:_device)
                  200097c8    0000005c     release_pem4.oem4 (.data:ti_sysbios_knl_Task_Object__table__V)
                  20009824    00000054     release_pem4.oem4 (.data:ti_sysbios_gates_GateMutex_Object__table__V)
                  20009878    00000050     rtsv7M4_T_le_eabi.lib : write.c.obj (.data:_stream)
                  200098c8    00000048     release_pem4.oem4 (.data:ti_sysbios_knl_Task_Module__state__V)
                  20009910    00000034     release_pem4.oem4 (.data:ti_sysbios_family_arm_m3_Hwi_Module__state__V)
                  20009944    00000030     release_pem4.oem4 (.data:ti_sysbios_family_arm_m3_Timer_Object__table__V)
                  20009974    00000030     release_pem4.oem4 (.data:ti_sysbios_knl_Swi_Object__table__V)
                  200099a4    0000002c     release_pem4.oem4 (.data:ti_sysbios_knl_Clock_Module__state__V)
                  200099d0    00000024     release_pem4.oem4 (.data:ti_sysbios_BIOS_Module__state__V)
                  200099f4    00000020     release_pem4.oem4 (.data:xdc_runtime_Error_IgnoreBlock)
                  20009a14    0000001c     release_pem4.oem4 (.data:ti_sysbios_knl_Swi_Module__state__V)
                  20009a30    00000018     CC3220SF_LAUNCHXL.obj (.data:gpioPinConfigs)
                  20009a48    00000018     release_pem4.oem4 (.data:ti_sysbios_family_arm_m3_Hwi_Object__table__V)
                  20009a60    00000018     release_pem4.oem4 (.data:ti_sysbios_heaps_HeapMem_Object__table__V)
                  20009a78    00000010     Rotary Encoder.obj (.data:encoder_lut)
                  20009a88    00000010     rtsv7M4_T_le_eabi.lib : defs.c.obj (.data)
                  20009a98    0000000c                           : exit.c.obj (.data:$O1$$)
                  20009aa4    0000000c     Rotary Encoder.obj (.data)
                  20009ab0    0000000c     release_pem4.oem4 (.data:ti_sysbios_family_arm_m3_Timer_Module__state__V)
                  20009abc    00000009     drivers_cc32xx.aem4 : GPIOCC32XX.oem4 (.data)
                  20009ac5    00000001                         : I2C.oem4 (.data)
                  20009ac6    00000002     release_pem4.oem4 (.data:ti_sysbios_family_arm_m3_Hwi_Module_State_0_excActive__A)
                  20009ac8    00000008     rtsv7M4_T_le_eabi.lib : _lock.c.obj (.data:$O1$$)
                  20009ad0    00000008     controller-main.obj (.data)
                  20009ad8    00000008     drivers_cc32xx.aem4 : UDMACC32XX.oem4 (.data)
                  20009ae0    00000008     CC3220SF_LAUNCHXL.obj (.data:gpioCallbackFunctions)
                  20009ae8    00000008     release_pem4.oem4 (.data:ti_sysbios_family_arm_cc32xx_Seconds_Module__state__V)
                  20009af0    00000008     release_pem4.oem4 (.data:ti_sysbios_family_arm_m3_Hwi_Module__root__V)
                  20009af8    00000008     release_pem4.oem4 (.data:ti_sysbios_gates_GateHwi_Module__root__V)
                  20009b00    00000008     release_pem4.oem4 (.data:ti_sysbios_gates_GateMutex_Module__root__V)
                  20009b08    00000008     release_pem4.oem4 (.data:ti_sysbios_heaps_HeapMem_Module__root__V)
                  20009b10    00000008     release_pem4.oem4 (.data:ti_sysbios_knl_Queue_Module__root__V)
                  20009b18    00000008     release_pem4.oem4 (.data:ti_sysbios_knl_Semaphore_Module__root__V)
                  20009b20    00000008     release_pem4.oem4 (.data:ti_sysbios_knl_Task_Module__root__V)
                  20009b28    00000008     release_pem4.oem4 (.data:xdc_runtime_Startup_Module__state__V)
                  20009b30    00000008     release_pem4.oem4 (.data:xdc_runtime_System_Module_State_0_atexitHandlers__A)
                  20009b38    00000008     release_pem4.oem4 (.data:xdc_runtime_System_Module__state__V)
                  20009b40    00000004     rtsv7M4_T_le_eabi.lib : stkdepth_vars.c.obj (.data)
                  20009b44    00000004     release_pem4.oem4 (.data:ti_sysbios_family_arm_m3_Hwi_Module_State_0_excContext__A)
                  20009b48    00000004     release_pem4.oem4 (.data:ti_sysbios_family_arm_m3_Hwi_Module_State_0_excStack__A)
                  20009b4c    00000004     release_pem4.oem4 (.data:ti_sysbios_gates_GateHwi_Object__table__V)
                  20009b50    00000004     release_pem4.oem4 (.data:ti_sysbios_knl_Task_Module_State_0_idleTask__A)
                  20009b54    00000004     release_pem4.oem4 (.data:ti_sysbios_rts_ti_ReentSupport_Module__state__V)
                  20009b58    00000004     release_pem4.oem4 (.data:xdc_runtime_Memory_Module__state__V)
                  20009b5c    00000001     drivers_cc32xx.aem4 : PWM.oem4 (.data)
                  20009b5d    00000001                         : SPI.oem4 (.data)
                  20009b5e    00000001                         : Timer.oem4 (.data)

.priheap   0    20000310    00008000     UNINITIALIZED
                  20000310    00008000     --HOLE--

.stack     0    2003fc00    00000400     UNINITIALIZED
                  2003fc00    00000400     --HOLE--

.bootVecs 
*          0    00000000    00000008     DSECT
                  00000000    00000008     boot.aem4 : boot.oem4 (.bootVecs)

.resetVecs 
*          0    01000800    0000003c     
                  01000800    0000003c     release_pem4.oem4 (.resetVecs)

.vecs      0    20000000    0000030c     NOLOAD SECTION
                  20000000    0000030c     release_pem4.oem4 (.vecs)

xdc.meta   0    00000000    00000107     COPY SECTION
                  00000000    00000107     release_pem4.oem4 (xdc.meta)

xdc.noload 
*          0    00000000    00000000     COPY SECTION

.binit     0    01000000    00000000     

MODULE SUMMARY

       Module                       code    ro data   rw data
       ------                       ----    -------   -------
    .\
       CC3220SF_LAUNCHXL.obj        24      401       1764   
       controller-main.obj          464     0         8      
       pid.obj                      378     28        0      
       i2c.obj                      386     9         0      
       sensor.obj                   298     0         0      
       spi.obj                      260     0         0      
       Rotary Encoder.obj           132     0         80     
       filter.obj                   160     0         0      
[...]
01009b09  uDMAErrorStatusGet                                              
01009b19  xdc_runtime_Startup_rtsDone__E                                  
01009b25  I2C_transfer                                                    
01009b2f  PWM_setDuty                                                     
01009b39  PWM_setPeriod                                                   
01009b43  PWM_start                                                       
01009b4d  PWM_stop                                                        
01009b57  SPI_transfer                                                    
01009b61  Timer_start                                                     
01009b75  xdc_runtime_Memory_HeapProxy_alloc__E                           
01009b7f  xdc_runtime_Memory_HeapProxy_free__E                            
01009b91  SemaphoreP_Params_init                                          
01009ba1  copysign                                                        
01009ba1  copysignl                                                       
01009ba9  pthread_attr_setstacksize                                       
01009bb1  ti_sysbios_family_arm_m3_Hwi_doSwiRestore__I                    
01009bb9  ti_sysbios_family_arm_m3_Hwi_startup__E                         
01009bb9  ti_sysbios_hal_Hwi_HwiProxy_startup__E                          
01009bb9  ti_sysbios_hal_Hwi_startup__E                                   
01009bc1  PWMTimerCC32XX_control                                          
01009bc7  SPICC32XXDMA_control                                            
01009bcd  TimerCC32XX_control                                             
01009bd3  UtilsDelay                                                      
01009bd9  clear                                                           
01009bdf  set_limits                                                      
01009be9  ti_sysbios_family_arm_m3_Hwi_doTaskRestore__I                   
01009bf1  HwiP_restore                                                    
01009bf1  ti_sysbios_family_arm_m3_Hwi_restoreFxn__E                      
01009bf1  ti_sysbios_hal_Hwi_HwiProxy_restore__E                          
01009bf9  ti_sysbios_gates_GateHwi_leave__E                               
01009c01  ti_sysbios_heaps_HeapMem_isBlocking__E                          
01009c09  ti_sysbios_knl_Queue_Instance_init__E                           
01009c11  ti_sysbios_knl_Swi_startup__E                                   
01009c19  xdc_runtime_System_Module_startup__E                            
01009c1f  zero_crossing_reset                                             
01009c29  __aeabi_errno_addr                                              
01009c31  ti_sysbios_family_arm_m3_Timer_getMaxTicks__E                   
01009c39  ti_sysbios_gates_GateHwi_query__E                               
01009c39  xdc_runtime_Main_Module_GateProxy_query__E                      
01009c39  xdc_runtime_System_Module_GateProxy_query__E                    
01009c41  ti_sysbios_BIOS_RtsGateProxy_query__E                           
01009c41  ti_sysbios_gates_GateMutex_query__E                             
01009c41  ti_sysbios_heaps_HeapMem_Module_GateProxy_query__E              
01009c49  ti_sysbios_knl_Task_startup__E                                  
01009c51  ti_sysbios_BIOS_linkedWithIncorrectBootLibrary__E               
01009c59  ti_sysbios_gates_GateHwi_Instance_init__E                       
01009c61  ti_sysbios_knl_Clock_logTick__E                                 
01009c69  xdc_runtime_SysCallback_defaultAbort                            
01009c71  xdc_runtime_SysCallback_defaultExit                             
01009c79  xdc_runtime_System_abortSpin__E                                 
01009c81  xdc_runtime_System_exitSpin__E                                  
01009c84  _ctypes_                                                        
01009d85  ti_sysbios_knl_Clock_tickMode__C                                
01009d86  ti_sysbios_family_arm_m3_Hwi_Module__id__C                      
01009f30  spiCC3220SDMAHWAttrs                                            
0100a000  ti_sysbios_knl_Task_Object__PARAMS__C                           
0100a044  PowerCC32XX_config                                              
0100a084  ti_sysbios_family_arm_m3_Hwi_Object__PARAMS__C                  
0100a0b4  timerCC3220SFHWAttrs                                            
0100a0e4  ti_sysbios_heaps_HeapMem_Module__FXNS__C                        
0100a10c  Timer_config                                                    
0100a130  ti_sysbios_gates_GateHwi_Module__FXNS__C                        
0100a154  ti_sysbios_gates_GateMutex_Module__FXNS__C                      
0100a178  ti_sysbios_heaps_HeapMem_Object__PARAMS__C                      
0100a19c  ti_sysbios_knl_Semaphore_Object__PARAMS__C                      
0100a1e1  ti_sysbios_knl_Clock_tickSource__C                              
0100a1e2  ti_sysbios_family_arm_m3_Timer_Module__id__C                    
0100a1e4  PWMTimerCC32XX_fxnTable                                         
0100a204  SPI_defaultParams                                               
0100a244  ti_sysbios_family_arm_m3_Hwi_Object__DESC__C                    
0100a264  ti_sysbios_gates_GateHwi_Object__DESC__C                        
0100a284  ti_sysbios_gates_GateMutex_Object__DESC__C                      
0100a2a4  ti_sysbios_heaps_HeapMem_Object__DESC__C                        
0100a2c4  ti_sysbios_knl_Queue_Object__DESC__C                            
0100a2e4  ti_sysbios_knl_Semaphore_Object__DESC__C                        
0100a304  ti_sysbios_knl_Task_Object__DESC__C                             
0100a324  xdc_runtime_Startup_sfxnTab__A                                  
0100a344  TimerCC32XX_fxnTable                                            
0100a360  I2CCC32XX_fxnTable                                              
0100a378  PWM_config                                                      
0100a390  PWM_defaultParams                                               
0100a3a8  SPICC32XXDMA_fxnTable                                           
0100a3c0  SPI_config                                                      
0100a3d8  ti_sysbios_gates_GateHwi_Object__PARAMS__C                      
0100a3f0  ti_sysbios_gates_GateMutex_Object__PARAMS__C                    
0100a408  ti_sysbios_knl_Queue_Object__PARAMS__C                          
0100a420  ti_sysbios_knl_Task_hooks__A                                    
0100a438  GPIOCC32XX_config                                               
0100a484  I2C_defaultParams                                               
0100a4a4  i2cCC3220SHWAttrs                                               
0100a4c4  xdc_runtime_Startup_sfxnRts__A                                  
0100a4e0  I2C_config                                                      
0100a51c  udmaCC3220SHWAttrs                                              
0100a528  xdc_runtime_Startup_firstFxns__A                                
0100a534  Timer_count                                                     
0100a535  CryptoCC32XX_count                                              
0100a536  Display_count                                                   
0100a537  I2C_count                                                       
0100a538  PWM_count                                                       
0100a539  SDFatFS_count                                                   
0100a53a  SDSPI_count                                                     
0100a53b  SPI_count                                                       
0100a53c  Watchdog_count                                                  
0100a53d  dram_dispAddr                                                   
0100a546  ti_sysbios_heaps_HeapMem_Module__id__C                          
0100a548  UDMACC32XX_config                                               
0100a560  outPinTypes                                                     
0100a568  pwmTimerCC3220SHWAttrs                                          
0100a570  ti_sysbios_knl_Idle_funcList__A                                 
0100a578  ti_sysbios_knl_Idle_funcList__C                                 
0100a580  ti_sysbios_knl_Task_hooks__C                                    
0100a590  xdc_runtime_Startup_firstFxns__C                                
0100a598  xdc_runtime_Startup_lastFxns__C                                 
0100a5a6  inPinTypes                                                      
0100a5ac  outPinStrengths                                                 
0100a5b6  xdc_runtime_Memory_Module__id__C                                
0100a5b8  ti_sysbios_family_arm_m3_Hwi_E_alreadyDefined__C                
0100a5bc  ti_sysbios_family_arm_m3_Hwi_NUM_INTERRUPTS__C                  
0100a5c0  ti_sysbios_family_arm_m3_Hwi_Object__count__C                   
0100a5c4  ti_sysbios_family_arm_m3_Hwi_ccr__C                             
0100a5c8  ti_sysbios_family_arm_m3_Hwi_excHandlerFunc__C                  
0100a5cc  ti_sysbios_family_arm_m3_Hwi_nullIsrFunc__C                     
0100a5d0  ti_sysbios_family_arm_m3_Hwi_priGroup__C                        
0100a5d4  ti_sysbios_family_arm_m3_Hwi_swiDisable__C                      
0100a5d8  ti_sysbios_family_arm_m3_Hwi_swiRestoreHwi__C                   
0100a5dc  ti_sysbios_family_arm_m3_TaskSupport_stackAlignment__C          
0100a5e0  ti_sysbios_family_arm_m3_Timer_E_cannotSupport__C               
0100a5e4  ti_sysbios_family_arm_m3_Timer_startupNeeded__C                 
0100a5e8  ti_sysbios_gates_GateMutex_Instance_State_sem__O                
0100a5ec  ti_sysbios_heaps_HeapMem_E_memory__C                            
0100a5f0  ti_sysbios_heaps_HeapMem_Module__gateObj__C                     
0100a5f4  ti_sysbios_heaps_HeapMem_Object__count__C                       
0100a5f8  ti_sysbios_heaps_HeapMem_primaryHeapBaseAddr__C                 
0100a5fc  ti_sysbios_heaps_HeapMem_primaryHeapEndAddr__C                  
0100a600  ti_sysbios_heaps_HeapMem_reqAlign__C                            
0100a604  ti_sysbios_knl_Clock_Module_State_clockQ__O                     
0100a608  ti_sysbios_knl_Clock_tickPeriod__C                              
0100a60c  ti_sysbios_knl_Mailbox_Instance_State_freeQue__O                
0100a610  ti_sysbios_knl_Mailbox_Object__count__C                         
0100a614  ti_sysbios_knl_Mailbox_maxTypeAlign__C                          
0100a618  ti_sysbios_knl_Semaphore_Instance_State_pendQ__O                
0100a61c  ti_sysbios_knl_Swi_Object__count__C                             
0100a620  ti_sysbios_knl_Task_Module_State_inactiveQ__O                   
0100a624  ti_sysbios_knl_Task_Object__count__C                            
0100a628  ti_sysbios_knl_Task_Object__heap__C                             
0100a62c  ti_sysbios_knl_Task_allBlockedFunc__C                           
0100a630  ti_sysbios_knl_Task_defaultStackHeap__C                         
0100a634  ti_sysbios_knl_Task_defaultStackSize__C                         
0100a638  ti_sysbios_knl_Task_numConstructedTasks__C                      
0100a63c  xdc_runtime_Error_E_memory__C                                   
0100a640  xdc_runtime_Error_policyFxn__C                                  
0100a644  xdc_runtime_IGateProvider_Interface__BASE__C                    
0100a648  xdc_runtime_IHeap_Interface__BASE__C                            
0100a64c  xdc_runtime_IModule_Interface__BASE__C                          
0100a650  xdc_runtime_Memory_defaultHeapInstance__C                       
0100a654  xdc_runtime_Startup_execImpl__C                                 
0100a658  xdc_runtime_Startup_maxPasses__C                                
0100a65c  xdc_runtime_Startup_sfxnRts__C                                  
0100a660  xdc_runtime_Startup_sfxnTab__C                                  
0100a664  xdc_runtime_SysCallback_abortFxn__C                             
0100a668  xdc_runtime_SysCallback_exitFxn__C                              
0100a66c  xdc_runtime_System_Module__gateObj__C                           
0100a670  xdc_runtime_System_abortFxn__C                                  
0100a674  xdc_runtime_System_exitFxn__C                                   
0100a678  xdc_runtime_System_maxAtexitHandlers__C                         
0100a67c  xdc_runtime_Text_charTab__C                                     
0100a680  xdc_runtime_Text_nameEmpty__C                                   
0100a684  xdc_runtime_Text_nameStatic__C                                  
0100a688  xdc_runtime_Text_nameUnknown__C                                 
0100a68c  xdc_runtime_Text_charCnt__C                                     
0100a68e  xdc_runtime_Text_isLoaded__C                                    
0100a690  xdc_runtime_Error_policy__C                                     
0100a691  xdc_runtime_Text_charTab__A                                     
0100a698  __TI_static_base__                                              
0100a944  __TI_Handler_Table_Base                                         
0100a950  __TI_Handler_Table_Limit                                        
0100a958  __TI_CINIT_Base                                                 
0100a968  __TI_CINIT_Limit                                                
20000000  ti_sysbios_family_arm_m3_Hwi_ramVectors                         
20000310  __primary_heap_start__                                          
20008310  __primary_heap_end__                                            
20008800  ti_sysbios_family_arm_m3_Hwi_dispatchTable                      
20008b10  ti_sysbios_knl_Task_Instance_State_0_stack__A                   
20008d10  PowerCC32XX_contextSave                                         
20008e3c  __CIOBUF_                                                       
20008f5c  __TI_tmpnams                                                    
20008ffc  timerCC3220SFObjects                                            
20009098  spiCC3220SDMAObjects                                            
20009120  i2cCC3220SObjects                                               
20009170  pwmTimerCC3220SObjects                                          
200091f4  i2c_transaction                                                 
20009238  parmbuf                                                         
20009240  spiCC3220SDMAscratchBuf                                         
20009248  switchers                                                       
20009250  udmaCC3220SObject                                               
2000925c  ctls                                                            
20009260  i2c_master                                                      
20009264  sens_list                                                       
20009268  sensor                                                          
2000926c  ti_sysbios_knl_Task_Instance_State_0_hookEnv__A                 
20009274  PowerCC32XX_module                                              
200093e0  parkInfo                                                        
200094d8  _ftable                                                         
20009650  ti_sysbios_knl_Swi_Module_State_0_readyQ__A                     
200096d0  ti_sysbios_knl_Task_Module_State_0_readyQ__A                    
20009750  _device                                                         
200097c8  ti_sysbios_knl_Task_Object__table__V                            
20009824  ti_sysbios_gates_GateMutex_Object__table__V                     
20009878  _stream                                                         
200098c8  ti_sysbios_knl_Task_Module__state__V                            
20009910  ti_sysbios_family_arm_m3_Hwi_Module__state__V                   
20009944  ti_sysbios_family_arm_m3_Timer_Object__table__V                 
20009974  ti_sysbios_knl_Swi_Object__table__V                             
200099a4  ti_sysbios_knl_Clock_Module__state__V                           
200099d0  ti_sysbios_BIOS_Module__state__V                                
200099f4  xdc_runtime_Error_IgnoreBlock                                   
20009a14  ti_sysbios_knl_Swi_Module__state__V                             
20009a30  gpioPinConfigs                                                  
20009a48  ti_sysbios_family_arm_m3_Hwi_Object__table__V                   
20009a60  ti_sysbios_heaps_HeapMem_Object__table__V                       
20009a88  __TI_ft_end                                                     
20009a8c  __aeabi_stdin                                                   
20009a90  __aeabi_stdout                                                  
20009a94  __aeabi_stderr                                                  
20009a98  __TI_cleanup_ptr                                                
20009a9c  __TI_dtors_ptr                                                  
20009aa0  __TI_enable_exit_profile_output                                 
20009aa4  idx                                                             
20009aa8  count                                                           
20009aac  setPoint                                                        
20009ab0  ti_sysbios_family_arm_m3_Timer_Module__state__V                 
20009ac6  ti_sysbios_family_arm_m3_Hwi_Module_State_0_excActive__A        
20009ac8  _lock                                                           
20009acc  _unlock                                                         
20009ad0  pid_scale                                                       
20009ad4  currentDuty                                                     
20009ae0  gpioCallbackFunctions                                           
20009ae8  ti_sysbios_family_arm_cc32xx_Seconds_Module__state__V           
20009af0  ti_sysbios_family_arm_m3_Hwi_Module__root__V                    
20009af8  ti_sysbios_gates_GateHwi_Module__root__V                        
20009b00  ti_sysbios_gates_GateMutex_Module__root__V                      
20009b08  ti_sysbios_heaps_HeapMem_Module__root__V                        
20009b10  ti_sysbios_knl_Queue_Module__root__V                            
20009b18  ti_sysbios_knl_Semaphore_Module__root__V                        
20009b20  ti_sysbios_knl_Task_Module__root__V                             
20009b28  xdc_runtime_Startup_Module__state__V                            
20009b30  xdc_runtime_System_Module_State_0_atexitHandlers__A             
20009b38  xdc_runtime_System_Module__state__V                             
20009b40  main_func_sp                                                    
20009b44  ti_sysbios_family_arm_m3_Hwi_Module_State_0_excContext__A       
20009b48  ti_sysbios_family_arm_m3_Hwi_Module_State_0_excStack__A         
20009b4c  ti_sysbios_gates_GateHwi_Object__table__V                       
20009b50  ti_sysbios_knl_Task_Module_State_0_idleTask__A                  
20009b54  ti_sysbios_rts_ti_ReentSupport_Module__state__V                 
20009b58  xdc_runtime_Memory_Module__state__V                             
2003fc00  __stack                                                         
20040000  __STACK_END                                                     
e000e000  ti_sysbios_family_arm_m3_Hwi_nvic                               
ffffffff  __TI_pprof_out_hndl                                             
ffffffff  __TI_prof_data_size                                             
ffffffff  __TI_prof_data_start                                            
ffffffff  __binit__                                                       
ffffffff  __c_args__                                                      
ffffffff  binit                                                           
UNDEFED   SHT$$INIT_ARRAY$$Base                                           
UNDEFED   SHT$$INIT_ARRAY$$Limit                                          

[727 symbols]
